Archive member included because of file (symbol)

contiki-z1.a(contiki-z1-plat)
                              obj_z1/contiki-z1-main.o (init_platform)
contiki-z1.a(msp430.o)        obj_z1/cc2420.o (splhigh_)
contiki-z1.a(leds.o)          obj_z1/contiki-z1-main.o (leds_init)
contiki-z1.a(watchdog.o)      obj_z1/contiki-z1-main.o (watchdog_start)
contiki-z1.a(xmem.o)          obj_z1/contiki-z1-main.o (xmem_init)
contiki-z1.a(spi.o)           contiki-z1.a(xmem.o) (spi_init)
contiki-z1.a(cc2420-arch.o)   obj_z1/cc2420.o (cc2420_arch_init)
contiki-z1.a(node-id.o)       obj_z1/contiki-z1-main.o (node_id_restore)
contiki-z1.a(sensors.o)       contiki-z1.a(contiki-z1-plat) (sensors_process)
contiki-z1.a(button-sensor.o)
                              obj_z1/contiki-z1-main.o (button_sensor)
contiki-z1.a(uart0.o)         obj_z1/contiki-z1-main.o (uart0_active)
contiki-z1.a(uart0-putchar.o)
                              obj_z1/contiki-z1-main.o (putchar)
contiki-z1.a(adxl345.o)       obj_z1/contiki-z1-main.o (accm_init)
contiki-z1.a(clock.o)         obj_z1/contiki-z1-main.o (clock_init)
contiki-z1.a(leds-arch.o)     contiki-z1.a(leds.o) (leds_arch_init)
contiki-z1.a(rtimer-arch.o)   obj_z1/contikimac.o (rtimer_arch_now)
contiki-z1.a(autostart.o)     obj_z1/contiki-z1-main.o (autostart_start)
contiki-z1.a(ctimer.o)        obj_z1/contiki-z1-main.o (ctimer_init)
contiki-z1.a(energest.o)      obj_z1/contiki-z1-main.o (energest_init)
contiki-z1.a(etimer.o)        contiki-z1.a(clock.o) (etimer_request_poll)
contiki-z1.a(compower.o)      obj_z1/contikimac.o (compower_idle_activity)
contiki-z1.a(process.o)       contiki-z1.a(ctimer.o) (process_current)
contiki-z1.a(rtimer.o)        obj_z1/contiki-z1-main.o (rtimer_init)
contiki-z1.a(timer.o)         contiki-z1.a(button-sensor.o) (timer_set)
contiki-z1.a(serial-line.o)   obj_z1/contiki-z1-main.o (serial_line_input_byte)
contiki-z1.a(list.o)          obj_z1/csma.o (list_init)
contiki-z1.a(memb.o)          obj_z1/csma.o (memb_init)
contiki-z1.a(random.o)        interferer.co (random_rand)
contiki-z1.a(ringbuf.o)       contiki-z1.a(serial-line.o) (ringbuf_init)
contiki-z1.a(rime.o)          obj_z1/contiki-z1-main.o (rime_driver)
contiki-z1.a(broadcast-annou)
                              contiki-z1.a(rime.o) (broadcast_announcement_init)
contiki-z1.a(broadcast.o)     contiki-z1.a(broadcast-annou) (broadcast_open)
contiki-z1.a(chameleon.o)     contiki-z1.a(rime.o) (chameleon_init)
contiki-z1.a(channel.o)       contiki-z1.a(chameleon.o) (channel_init)
contiki-z1.a(abc.o)           contiki-z1.a(broadcast.o) (abc_open)
contiki-z1.a(announcement.o)  contiki-z1.a(rime.o) (announcement_init)
contiki-z1.a(queuebuf.o)      contiki-z1.a(rime.o) (queuebuf_init)
contiki-z1.a(packetbuf.o)     obj_z1/contikimac.o (packetbuf_compact)
contiki-z1.a(linkaddr.o)      obj_z1/contikimac.o (linkaddr_copy)
contiki-z1.a(mac-sequence.o)  obj_z1/contikimac.o (mac_sequence_is_duplicate)
contiki-z1.a(framer-802154.o)
                              obj_z1/contikimac.o (framer_802154)
contiki-z1.a(frame802154.o)   contiki-z1.a(framer-802154.o) (frame802154_hdrlen)
contiki-z1.a(mac.o)           obj_z1/contikimac.o (mac_call_sent_callback)
contiki-z1.a(phase.o)         obj_z1/contikimac.o (phase_update)
contiki-z1.a(framer.o)        contiki-z1.a(framer-802154.o) (framer_canonical_create_and_secure)
contiki-z1.a(nullsec.o)       obj_z1/csma.o (nullsec_driver)
contiki-z1.a(i2cmaster.o)     contiki-z1.a(adxl345.o) (i2c_receiveinit)
contiki-z1.a(chameleon-bitop)
                              contiki-z1.a(chameleon.o) (chameleon_bitopt)
contiki-z1.a(nbr-table.o)     contiki-z1.a(phase.o) (nbr_table_register)
/usr/local/msp430/lib/gcc/msp430/4.7.0/mcpu-430x/mmpy-16/msr20/mc20/libgcc.a(_mulsi3.o)
                              obj_z1/csma.o (__mulsi3)
/usr/local/msp430/lib/gcc/msp430/4.7.0/mcpu-430x/mmpy-16/msr20/mc20/libgcc.a(_udivmod16.o)
                              contiki-z1.a(phase.o) (__umodhi3)
/usr/local/msp430/lib/gcc/msp430/4.7.0/mcpu-430x/mmpy-16/msr20/mc20/libgcc.a(_divmod16.o)
                              contiki-z1.a(nbr-table.o) (__divhi3)
/usr/local/msp430/lib/gcc/msp430/4.7.0/mcpu-430x/mmpy-16/msr20/mc20/libgcc.a(_udivmod32.o)
                              obj_z1/contiki-z1-main.o (__udivsi3)
/usr/local/msp430/lib/gcc/msp430/4.7.0/../../../../msp430/lib/mcpu-430x/mmpy-16/msr20/mc20/libc.a(printf.o)
                              interferer.co (printf)
/usr/local/msp430/lib/gcc/msp430/4.7.0/../../../../msp430/lib/mcpu-430x/mmpy-16/msr20/mc20/libc.a(sprintf.o)
                              obj_z1/cooja-debug.o (vsnprintf)
/usr/local/msp430/lib/gcc/msp430/4.7.0/../../../../msp430/lib/mcpu-430x/mmpy-16/msr20/mc20/libc.a(vuprintf.o)
                              /usr/local/msp430/lib/gcc/msp430/4.7.0/../../../../msp430/lib/mcpu-430x/mmpy-16/msr20/mc20/libc.a(printf.o) (vuprintf)
/usr/local/msp430/lib/gcc/msp430/4.7.0/../../../../msp430/lib/mcpu-430x/mmpy-16/msr20/mc20/libc.a(puts.o)
[...]
Memory Configuration

Name             Origin             Length             Attributes
sfr              0x0000000000000000 0x0000000000000010
peripheral_8bit  0x0000000000000010 0x00000000000000f0
peripheral_16bit 0x0000000000000100 0x0000000000000100
ram_mirror       0x0000000000000200 0x0000000000000800 xw
infomem          0x0000000000001000 0x0000000000000100
infod            0x0000000000001000 0x0000000000000040
infoc            0x0000000000001040 0x0000000000000040
infob            0x0000000000001080 0x0000000000000040
infoa            0x00000000000010c0 0x0000000000000040
ram              0x0000000000001100 0x0000000000002000 xw
rom              0x0000000000003100 0x000000000000cebe xr
vectors          0x000000000000ffc0 0x0000000000000040
far_rom          0x0000000000010000 0x000000000000a000
bsl              0x0000000000000000 0x0000000000000000
ram2             0x0000000000000000 0x0000000000000000 xw
signature        0x0000000000000000 0x0000000000000000
usbram           0x0000000000000000 0x0000000000000000 xw
*default*        0x0000000000000000 0xffffffffffffffff

Linker script and memory map

LOAD /usr/local/msp430/lib/gcc/msp430/4.7.0/mcpu-430x/mmpy-16/msr20/mc20/crt0ivtbl32.o
                0x0000000000000041                __P1SEL2 = 0x41
                0x0000000000000045                __P5SEL2 = 0x45
LOAD interferer.co
LOAD obj_z1/contikimac.o
LOAD obj_z1/csma.o
LOAD obj_z1/cooja-debug.o
LOAD obj_z1/cc2420.o
LOAD obj_z1/contiki-z1-main.o
LOAD contiki-z1.a
LOAD /usr/local/msp430/lib/gcc/msp430/4.7.0/mcpu-430x/mmpy-16/msr20/mc20/libgcc.a
LOAD /usr/local/msp430/lib/gcc/msp430/4.7.0/../../../../msp430/lib/mcpu-430x/mmpy-16/msr20/mc20/libc.a
LOAD /usr/local/msp430/lib/gcc/msp430/4.7.0/mcpu-430x/mmpy-16/msr20/mc20/libgcc.a
LOAD /usr/local/msp430/lib/gcc/msp430/4.7.0/mcpu-430x/mmpy-16/msr20/mc20/libcrt0.a
                0x0000000000000040                PROVIDE (__info_segment_size, 0x40)
                0x0000000000001000                PROVIDE (__infod, 0x1000)
                0x0000000000001040                PROVIDE (__infoc, 0x1040)
                0x0000000000001080                PROVIDE (__infob, 0x1080)
                0x00000000000010c0                PROVIDE (__infoa, 0x10c0)
                0x0000000000000000                __IE1 = 0x0
                0x0000000000000002                __IFG1 = 0x2
                0x0000000000000001                __IE2 = 0x1
                0x0000000000000003                __IFG2 = 0x3
                0x0000000000000006                __UC1IE = 0x6
                0x0000000000000007                __UC1IFG = 0x7
                0x00000000000001a0                __ADC12CTL0 = 0x1a0
                0x00000000000001a2                __ADC12CTL1 = 0x1a2
                0x00000000000001a4                __ADC12IFG = 0x1a4
                0x00000000000001a6                __ADC12IE = 0x1a6
                0x00000000000001a8                __ADC12IV = 0x1a8
                0x0000000000000140                __ADC12MEM0 = 0x140
                0x0000000000000142                __ADC12MEM1 = 0x142
                0x0000000000000144                __ADC12MEM2 = 0x144
                0x0000000000000146                __ADC12MEM3 = 0x146
                0x0000000000000148                __ADC12MEM4 = 0x148
                0x000000000000014a                __ADC12MEM5 = 0x14a
                0x000000000000014c                __ADC12MEM6 = 0x14c
                0x000000000000014e                __ADC12MEM7 = 0x14e
                0x0000000000000150                __ADC12MEM8 = 0x150
                0x0000000000000152                __ADC12MEM9 = 0x152
                0x0000000000000154                __ADC12MEM10 = 0x154
                0x0000000000000156                __ADC12MEM11 = 0x156
                0x0000000000000158                __ADC12MEM12 = 0x158
                0x000000000000015a                __ADC12MEM13 = 0x15a
                0x000000000000015c                __ADC12MEM14 = 0x15c
                0x000000000000015e                __ADC12MEM15 = 0x15e
                0x0000000000000080                __ADC12MCTL0 = 0x80
                0x0000000000000081                __ADC12MCTL1 = 0x81
                0x0000000000000082                __ADC12MCTL2 = 0x82
                0x0000000000000083                __ADC12MCTL3 = 0x83
                0x0000000000000084                __ADC12MCTL4 = 0x84
                0x0000000000000085                __ADC12MCTL5 = 0x85
                0x0000000000000086                __ADC12MCTL6 = 0x86
                0x0000000000000087                __ADC12MCTL7 = 0x87
                0x0000000000000088                __ADC12MCTL8 = 0x88
                0x0000000000000089                __ADC12MCTL9 = 0x89
                0x000000000000008a                __ADC12MCTL10 = 0x8a
                0x000000000000008b                __ADC12MCTL11 = 0x8b
                0x000000000000008c                __ADC12MCTL12 = 0x8c
                0x000000000000008d                __ADC12MCTL13 = 0x8d
                0x000000000000008e                __ADC12MCTL14 = 0x8e
                0x000000000000008f                __ADC12MCTL15 = 0x8f
                0x0000000000000056                __DCOCTL = 0x56
                0x0000000000000057                __BCSCTL1 = 0x57
                0x0000000000000058                __BCSCTL2 = 0x58
                0x0000000000000053                __BCSCTL3 = 0x53
                0x0000000000000059                __CACTL1 = 0x59
                0x000000000000005a                __CACTL2 = 0x5a
                0x000000000000005b                __CAPD = 0x5b
                0x00000000000001c0                __DAC12_0CTL = 0x1c0
                0x00000000000001c2                __DAC12_1CTL = 0x1c2
                0x00000000000001c8                __DAC12_0DAT = 0x1c8
                0x00000000000001ca                __DAC12_1DAT = 0x1ca
                0x0000000000000122                __DMACTL0 = 0x122
                0x0000000000000124                __DMACTL1 = 0x124
                0x0000000000000126                __DMAIV = 0x126
                0x00000000000001d0                __DMA0CTL = 0x1d0
                0x00000000000001dc                __DMA1CTL = 0x1dc
                0x00000000000001e8                __DMA2CTL = 0x1e8
                0x00000000000001d2                __DMA0SA = 0x1d2
                0x00000000000001d2                __DMA0SAL = 0x1d2
                0x00000000000001d6                __DMA0DA = 0x1d6
                0x00000000000001d6                __DMA0DAL = 0x1d6
                0x00000000000001da                __DMA0SZ = 0x1da
                0x00000000000001de                __DMA1SA = 0x1de
                0x00000000000001de                __DMA1SAL = 0x1de
                0x00000000000001e2                __DMA1DA = 0x1e2
                0x00000000000001e2                __DMA1DAL = 0x1e2
                0x00000000000001e6                __DMA1SZ = 0x1e6
                0x00000000000001ea                __DMA2SA = 0x1ea
                0x00000000000001ea                __DMA2SAL = 0x1ea
                0x00000000000001ee                __DMA2DA = 0x1ee
                0x00000000000001ee                __DMA2DAL = 0x1ee
                0x00000000000001f2                __DMA2SZ = 0x1f2
                0x0000000000000128                __FCTL1 = 0x128
                0x000000000000012a                __FCTL2 = 0x12a
                0x000000000000012c                __FCTL3 = 0x12c
                0x00000000000001be                __FCTL4 = 0x1be
                0x0000000000000130                __MPY = 0x130
                0x0000000000000132                __MPYS = 0x132
                0x0000000000000134                __MAC = 0x134
                0x0000000000000136                __MACS = 0x136
                0x0000000000000138                __OP2 = 0x138
                0x000000000000013a                __RESLO = 0x13a
                0x000000000000013c                __RESHI = 0x13c
                0x000000000000013e                __SUMEXT = 0x13e
                0x0000000000000020                __P1IN = 0x20
                0x0000000000000021                __P1OUT = 0x21
                0x0000000000000022                __P1DIR = 0x22
                0x0000000000000023                __P1IFG = 0x23
                0x0000000000000024                __P1IES = 0x24
                0x0000000000000025                __P1IE = 0x25
                0x0000000000000026                __P1SEL = 0x26
                0x0000000000000027                __P1REN = 0x27
                0x0000000000000028                __P2IN = 0x28
                0x0000000000000029                __P2OUT = 0x29
                0x000000000000002a                __P2DIR = 0x2a
                0x000000000000002b                __P2IFG = 0x2b
                0x000000000000002c                __P2IES = 0x2c
                0x000000000000002d                __P2IE = 0x2d
                0x000000000000002e                __P2SEL = 0x2e
                0x000000000000002f                __P2REN = 0x2f
                0x0000000000000018                __P3IN = 0x18
                0x0000000000000019                __P3OUT = 0x19
                0x000000000000001a                __P3DIR = 0x1a
                0x000000000000001b                __P3SEL = 0x1b
                0x0000000000000010                __P3REN = 0x10
                0x000000000000001c                __P4IN = 0x1c
                0x000000000000001d                __P4OUT = 0x1d
                0x000000000000001e                __P4DIR = 0x1e
                0x000000000000001f                __P4SEL = 0x1f
                0x0000000000000011                __P4REN = 0x11
                0x0000000000000030                __P5IN = 0x30
                0x0000000000000031                __P5OUT = 0x31
                0x0000000000000032                __P5DIR = 0x32
                0x0000000000000033                __P5SEL = 0x33
                0x0000000000000012                __P5REN = 0x12
                0x0000000000000034                __P6IN = 0x34
                0x0000000000000035                __P6OUT = 0x35
                0x0000000000000036                __P6DIR = 0x36
                0x0000000000000037                __P6SEL = 0x37
                0x0000000000000013                __P6REN = 0x13
                0x0000000000000038                __P7IN = 0x38
                0x000000000000003a                __P7OUT = 0x3a
                0x000000000000003c                __P7DIR = 0x3c
                0x000000000000003e                __P7SEL = 0x3e
                0x0000000000000014                __P7REN = 0x14
                0x0000000000000039                __P8IN = 0x39
                0x000000000000003b                __P8OUT = 0x3b
                0x000000000000003d                __P8DIR = 0x3d
                0x000000000000003f                __P8SEL = 0x3f
                0x0000000000000015                __P8REN = 0x15
                0x0000000000000038                __PAIN = 0x38
                0x000000000000003a                __PAOUT = 0x3a
                0x000000000000003c                __PADIR = 0x3c
                0x000000000000003e                __PASEL = 0x3e
                0x0000000000000014                __PAREN = 0x14
                0x0000000000000055                __SVSCTL = 0x55
                0x000000000000012e                __TAIV = 0x12e
                0x0000000000000160                __TACTL = 0x160
                0x0000000000000162                __TACCTL0 = 0x162
                0x0000000000000164                __TACCTL1 = 0x164
                0x0000000000000166                __TACCTL2 = 0x166
                0x0000000000000170                __TAR = 0x170
                0x0000000000000172                __TACCR0 = 0x172
                0x0000000000000174                __TACCR1 = 0x174
                0x0000000000000176                __TACCR2 = 0x176
                0x000000000000011e                __TBIV = 0x11e
                0x0000000000000180                __TBCTL = 0x180
                0x0000000000000182                __TBCCTL0 = 0x182
                0x0000000000000184                __TBCCTL1 = 0x184
                0x0000000000000186                __TBCCTL2 = 0x186
                0x0000000000000188                __TBCCTL3 = 0x188
                0x000000000000018a                __TBCCTL4 = 0x18a
                0x000000000000018c                __TBCCTL5 = 0x18c
                0x000000000000018e                __TBCCTL6 = 0x18e
                0x0000000000000190                __TBR = 0x190
                0x0000000000000192                __TBCCR0 = 0x192
                0x0000000000000194                __TBCCR1 = 0x194
                0x0000000000000196                __TBCCR2 = 0x196
                0x0000000000000198                __TBCCR3 = 0x198
                0x000000000000019a                __TBCCR4 = 0x19a
                0x000000000000019c                __TBCCR5 = 0x19c
                0x000000000000019e                __TBCCR6 = 0x19e
                0x0000000000000060                __UCA0CTL0 = 0x60
                0x0000000000000061                __UCA0CTL1 = 0x61
                0x0000000000000062                __UCA0BR0 = 0x62
                0x0000000000000063                __UCA0BR1 = 0x63
                0x0000000000000064                __UCA0MCTL = 0x64
                0x0000000000000065                __UCA0STAT = 0x65
                0x0000000000000066                __UCA0RXBUF = 0x66
                0x0000000000000067                __UCA0TXBUF = 0x67
                0x000000000000005d                __UCA0ABCTL = 0x5d
                0x000000000000005e                __UCA0IRTCTL = 0x5e
                0x000000000000005f                __UCA0IRRCTL = 0x5f
                0x0000000000000068                __UCB0CTL0 = 0x68
                0x0000000000000069                __UCB0CTL1 = 0x69
                0x000000000000006a                __UCB0BR0 = 0x6a
                0x000000000000006b                __UCB0BR1 = 0x6b
                0x000000000000006c                __UCB0I2CIE = 0x6c
                0x000000000000006d                __UCB0STAT = 0x6d
                0x000000000000006e                __UCB0RXBUF = 0x6e
                0x000000000000006f                __UCB0TXBUF = 0x6f
                0x0000000000000118                __UCB0I2COA = 0x118
                0x000000000000011a                __UCB0I2CSA = 0x11a
                0x00000000000000d0                __UCA1CTL0 = 0xd0
                0x00000000000000d1                __UCA1CTL1 = 0xd1
                0x00000000000000d2                __UCA1BR0 = 0xd2
                0x00000000000000d3                __UCA1BR1 = 0xd3
                0x00000000000000d4                __UCA1MCTL = 0xd4
                0x00000000000000d5                __UCA1STAT = 0xd5
                0x00000000000000d6                __UCA1RXBUF = 0xd6
                0x00000000000000d7                __UCA1TXBUF = 0xd7
                0x00000000000000cd                __UCA1ABCTL = 0xcd
                0x00000000000000ce                __UCA1IRTCTL = 0xce
                0x00000000000000cf                __UCA1IRRCTL = 0xcf
                0x00000000000000d8                __UCB1CTL0 = 0xd8
                0x00000000000000d9                __UCB1CTL1 = 0xd9
                0x00000000000000da                __UCB1BR0 = 0xda
                0x00000000000000db                __UCB1BR1 = 0xdb
                0x00000000000000dc                __UCB1I2CIE = 0xdc
                0x00000000000000dd                __UCB1STAT = 0xdd
                0x00000000000000de                __UCB1RXBUF = 0xde
                0x00000000000000df                __UCB1TXBUF = 0xdf
                0x000000000000017c                __UCB1I2COA = 0x17c
                0x000000000000017e                __UCB1I2CSA = 0x17e
                0x0000000000000120                __WDTCTL = 0x120
                0x00000000000010c0                __TLV_CHECKSUM = 0x10c0
                0x00000000000010f6                __TLV_DCO_30_TAG = 0x10f6
                0x00000000000010f7                __TLV_DCO_30_LEN = 0x10f7
                0x00000000000010da                __TLV_ADC12_1_TAG = 0x10da
                0x00000000000010db                __TLV_ADC12_1_LEN = 0x10db
                0x00000000000010f8                __CALDCO_16MHZ = 0x10f8
                0x00000000000010f9                __CALBC1_16MHZ = 0x10f9
                0x00000000000010fa                __CALDCO_12MHZ = 0x10fa
                0x00000000000010fb                __CALBC1_12MHZ = 0x10fb
                0x00000000000010fc                __CALDCO_8MHZ = 0x10fc
                0x00000000000010fd                __CALBC1_8MHZ = 0x10fd
                0x00000000000010fe                __CALDCO_1MHZ = 0x10fe
                0x00000000000010ff                __CALBC1_1MHZ = 0x10ff

.hash
 *(.hash)

.dynsym
 *(.dynsym)

.dynstr
 *(.dynstr)

.gnu.version
 *(.gnu.version)

.gnu.version_d
 *(.gnu.version_d)

.gnu.version_r
 *(.gnu.version_r)

.rel.init
 *(.rel.init)

.rela.init
 *(.rela.init)

.rel.fini
 *(.rel.fini)

.rela.fini
 *(.rela.fini)

.rel.text
 *(.rel.text .rel.text.* .rel.gnu.linkonce.t.*)

.rela.text
 *(.rela.text .rela.text.* .rela.gnu.linkonce.t.*)

.rel.rodata
 *(.rel.rodata .rel.rodata.* .rel.gnu.linkonce.r.*)

.rela.rodata
 *(.rela.rodata .rela.rodata.* .rela.gnu.linkonce.r.*)

.rel.data
 *(.rel.data .rel.data.* .rel.gnu.linkonce.d.*)

.rela.data
 *(.rela.data .rela.data.* .rela.gnu.linkonce.d.*)

.rel.bss
 *(.rel.bss .rel.bss.* .rel.gnu.linkonce.b.*)

.rela.bss
 *(.rela.bss .rela.bss.* .rela.gnu.linkonce.b.*)

.rel.ctors
 *(.rel.ctors)

.rela.ctors
 *(.rela.ctors)

.rel.dtors
 *(.rel.dtors)

.rela.dtors
 *(.rela.dtors)

.rel.got
 *(.rel.got)

.rela.got
 *(.rela.got)

.rel.plt
 *(.rel.plt)

.rela.plt
 *(.rela.plt)

.text           0x0000000000003100     0x50bc
                0x0000000000003100                . = ALIGN (0x2)
 *(.init .init.*)
 *(.init0)
 .init0         0x0000000000003100        0x0 /usr/local/msp430/lib/gcc/msp430/4.7.0/mcpu-430x/mmpy-16/msr20/mc20/libcrt0.a(_reset_vector__.o)
                0x0000000000003100                _reset_vector__
 *(.init1)
 .init1         0x0000000000003100        0xc /usr/local/msp430/lib/gcc/msp430/4.7.0/mcpu-430x/mmpy-16/msr20/mc20/libcrt0.a(__watchdog_support.o)
                0x0000000000003100                __watchdog_support
 *(.init2)
 .init2         0x000000000000310c        0x4 /usr/local/msp430/lib/gcc/msp430/4.7.0/mcpu-430x/mmpy-16/msr20/mc20/libcrt0.a(__init_stack.o)
                0x000000000000310c                __init_stack
 *(.init3)
 .init3         0x0000000000003110        0x0 /usr/local/msp430/lib/gcc/msp430/4.7.0/mcpu-430x/mmpy-16/msr20/mc20/libcrt0.a(__low_level_init.o)
                0x0000000000003110                __low_level_init
 *(.init4)
 .init4         0x0000000000003110       0x18 /usr/local/msp430/lib/gcc/msp430/4.7.0/mcpu-430x/mmpy-16/msr20/mc20/libcrt0.a(_copy_data.o)
                0x0000000000003110                __do_copy_data
 .init4         0x0000000000003128       0x16 /usr/local/msp430/lib/gcc/msp430/4.7.0/mcpu-430x/mmpy-16/msr20/mc20/libcrt0.a(_clear_bss.o)
                0x0000000000003128                __do_clear_bss
 *(.init5)
 *(.init6)
 *(.init7)
 *(.init8)
 *(.init9)
 .init9         0x000000000000313e      0x31c obj_z1/contiki-z1-main.o
                0x000000000000313e                main
 *(.fini9)
 .fini9         0x000000000000345a        0x0 /usr/local/msp430/lib/gcc/msp430/4.7.0/mcpu-430x/mmpy-16/msr20/mc20/libcrt0.a(__stop_progExec__.o)
                0x000000000000345a                __stop_progExec__
 *(.fini8)
 *(.fini7)
 *(.fini6)
 *(.fini5)
 *(.fini4)
 *(.fini3)
 *(.fini2)
 *(.fini1)
 *(.fini0)
 .fini0         0x000000000000345a        0x6 /usr/local/msp430/lib/gcc/msp430/4.7.0/mcpu-430x/mmpy-16/msr20/mc20/libcrt0.a(_endless_loop__.o)
                0x000000000000345a                _endless_loop__
 *(.fini .fini.*)
                0x0000000000003460                . = ALIGN (0x2)
                0x0000000000003460                __ctors_start = .
 *(.ctors)
                0x0000000000003460                __ctors_end = .
                0x0000000000003460                __dtors_start = .
 *(.dtors)
                0x0000000000003460                __dtors_end = .
                0x0000000000003460                . = ALIGN (0x2)
 *(.text .text.* .gnu.linkonce.t.*)
 .text          0x0000000000003460        0x4 /usr/local/msp430/lib/gcc/msp430/4.7.0/mcpu-430x/mmpy-16/msr20/mc20/crt0ivtbl32.o
                0x0000000000003460                __isr_14
                0x0000000000003460                __isr_4
                0x0000000000003460                __isr_29
                0x0000000000003460                __isr_11
                0x0000000000003460                __isr_5
                0x0000000000003460                __isr_2
                0x0000000000003460                __isr_10
                0x0000000000003460                __isr_7
                0x0000000000003460                __isr_0
                0x0000000000003460                __isr_28
                0x0000000000003460                __isr_8
                0x0000000000003460                __isr_20
                0x0000000000003460                __isr_3
                0x0000000000003460                __isr_12
                0x0000000000003460                __isr_13
                0x0000000000003460                __isr_27
                0x0000000000003460                __isr_9
                0x0000000000003460                __isr_30
                0x0000000000003460                __isr_6
                0x0000000000003460                __isr_22
                0x0000000000003460                __isr_1
                0x0000000000003460                __isr_15
                0x0000000000003460                __isr_21
 .text.libgcc   0x0000000000003464       0x26 /usr/local/msp430/lib/gcc/msp430/4.7.0/mcpu-430x/mmpy-16/msr20/mc20/libgcc.a(_mulsi3.o)
                0x0000000000003464                __mulsi3
 .text.libgcc   0x000000000000348a       0x22 /usr/local/msp430/lib/gcc/msp430/4.7.0/mcpu-430x/mmpy-16/msr20/mc20/libgcc.a(_udivmod16.o)
                0x000000000000348a                __udivhi3
                0x000000000000348a                __ext_udivmod16
                0x00000000000034a4                __umodhi3
 .text.libgcc   0x00000000000034ac       0x3a /usr/local/msp430/lib/gcc/msp430/4.7.0/mcpu-430x/mmpy-16/msr20/mc20/libgcc.a(_divmod16.o)
                0x00000000000034ac                __ext_divmod16
                0x00000000000034ac                __divhi3
                0x00000000000034de                __modhi3
 .text.libgcc   0x00000000000034e6       0x38 /usr/local/msp430/lib/gcc/msp430/4.7.0/mcpu-430x/mmpy-16/msr20/mc20/libgcc.a(_udivmod32.o)
                0x00000000000034e6                __udivsi3
                0x00000000000034e6                __ext_udivmod32
                0x0000000000003514                __umodsi3
 .text.libgcc   0x000000000000351e       0xbc /usr/local/msp430/lib/gcc/msp430/4.7.0/mcpu-430x/mmpy-16/msr20/mc20/libgcc.a(_udivmod64.o)
                0x000000000000351e                __xabi_udivmod64
                0x0000000000003570                __udivdi3
                0x000000000000358a                __umoddi3
                0x00000000000035ac                __udivmoddi4
 .text.crt0     0x00000000000035da        0x2 /usr/local/msp430/lib/gcc/msp430/4.7.0/mcpu-430x/mmpy-16/msr20/mc20/libcrt0.a(_unexpected_.o)
                0x00000000000035da                _unexpected_
 *(.near.text .near.text.*)
 .near.text.watchdog_interrupt
                0x00000000000035dc        0x6 contiki-z1.a(watchdog.o)
                0x00000000000035dc                __isr_26
                0x00000000000035dc                watchdog_interrupt
 .near.text.irq_p2
                0x00000000000035e2       0x76 contiki-z1.a(button-sensor.o)
                0x00000000000035e2                irq_p2
                0x00000000000035e2                __isr_19
 .near.text.uart0_rx_interrupt
                0x0000000000003658       0x64 contiki-z1.a(uart0.o)
                0x0000000000003658                __isr_23
                0x0000000000003658                uart0_rx_interrupt
 .near.text.port1_isr
                0x00000000000036bc       0xbe contiki-z1.a(adxl345.o)
                0x00000000000036bc                port1_isr
                0x00000000000036bc                __isr_18
 .near.text.timera1
                0x000000000000377a      0x10a contiki-z1.a(clock.o)
                0x000000000000377a                __isr_24
                0x000000000000377a                timera1
 .near.text.timera0
                0x0000000000003884       0x5c contiki-z1.a(rtimer-arch.o)
                0x0000000000003884                __isr_25
                0x0000000000003884                timera0
 .near.text.i2c_tx_interrupt
                0x00000000000038e0       0x84 contiki-z1.a(i2cmaster.o)
                0x00000000000038e0                __isr_16
                0x00000000000038e0                i2c_tx_interrupt
 .near.text.i2c_rx_interrupt
                0x0000000000003964       0x14 contiki-z1.a(i2cmaster.o)
                0x0000000000003964                i2c_rx_interrupt
                0x0000000000003964                __isr_17
 .any.text.setreg
                0x0000000000003978       0x44 interferer.co
 .any.text.process_thread_interferer
                0x00000000000039bc       0xc0 interferer.co
 .any.text.strobe.constprop.0
                0x0000000000003a7c       0x1a interferer.co
 .any.text.reset
                0x0000000000003a96       0x32 interferer.co
 .any.text.callback
                0x0000000000003ac8       0x7e interferer.co
 .any.text.duty_cycle
                0x0000000000003b46        0x6 obj_z1/contikimac.o
 .any.text.init
                0x0000000000003b4c       0x2e obj_z1/contikimac.o
 .any.text.on   0x0000000000003b7a       0x1a obj_z1/contikimac.o
 .any.text.off  0x0000000000003b94       0x22 obj_z1/contikimac.o
 .any.text.recv_burst_off
                0x0000000000003bb6        0xa obj_z1/contikimac.o
 .any.text.turn_off
                0x0000000000003bc0       0x20 obj_z1/contikimac.o
 .any.text.turn_on
                0x0000000000003be0       0x30 obj_z1/contikimac.o
 .any.text.schedule_powercycle_fixed.part.4
                0x0000000000003c10       0x34 obj_z1/contikimac.o
 .any.text.powercycle_turn_radio_off
                0x0000000000003c44       0x30 obj_z1/contikimac.o
 .any.text.input_packet
                0x0000000000003c74       0xaa obj_z1/contikimac.o
 .any.text.send_packet.part.7
                0x0000000000003d1e      0x2ce obj_z1/contikimac.o
 .any.text.qsend_packet
                0x0000000000003fec       0x48 obj_z1/contikimac.o
 .any.text.qsend_list
                0x0000000000004034       0xda obj_z1/contikimac.o
 .any.text.powercycle
                0x000000000000410e      0x1de obj_z1/contikimac.o
 .any.text.input_packet
                0x00000000000042ec        0x6 obj_z1/csma.o
 .any.text.on   0x00000000000042f2        0x6 obj_z1/csma.o
 .any.text.off  0x00000000000042f8        0x6 obj_z1/csma.o
 .any.text.channel_check_interval
                0x00000000000042fe       0x10 obj_z1/csma.o
 .any.text.transmit_packet_list
                0x000000000000430e       0x24 obj_z1/csma.o
 .any.text.init
                0x0000000000004332       0x1a obj_z1/csma.o
 .any.text.send_packet
                0x000000000000434c      0x178 obj_z1/csma.o
 .any.text.free_packet
                0x00000000000044c4       0x90 obj_z1/csma.o
 .any.text.packet_sent
                0x0000000000004554      0x112 obj_z1/csma.o
 .any.text.get_object
                0x0000000000004666        0x4 obj_z1/cc2420.o
 .any.text.set_object
                0x000000000000466a        0x4 obj_z1/cc2420.o
 .any.text.strobe
                0x000000000000466e       0x1a obj_z1/cc2420.o
 .any.text.getreg
                0x0000000000004688       0x46 obj_z1/cc2420.o
 .any.text.setreg
                0x00000000000046ce       0x44 obj_z1/cc2420.o
 .any.text.write_ram
                0x0000000000004712       0x72 obj_z1/cc2420.o
 .any.text.write_fifo_buf
                0x0000000000004784       0x38 obj_z1/cc2420.o
 .any.text.get_status
                0x00000000000047bc       0x1e obj_z1/cc2420.o
 .any.text.set_txpower
                0x00000000000047da       0x24 obj_z1/cc2420.o
 .any.text.cc2420_receiving_packet
                0x00000000000047fe        0xa obj_z1/cc2420.o
 .any.text.pending_packet
                0x0000000000004808        0xa obj_z1/cc2420.o
 .any.text.on   0x0000000000004812       0x1e obj_z1/cc2420.o
 .any.text.wait_for_transmission
                0x0000000000004830       0x22 obj_z1/cc2420.o
 .any.text.wait_for_status
                0x0000000000004852       0x24 obj_z1/cc2420.o
 .any.text.getrxdata
                0x0000000000004876       0x4c obj_z1/cc2420.o
 .any.text.flushrx
                0x00000000000048c2       0x1a obj_z1/cc2420.o
 .any.text.off  0x00000000000048dc       0x52 obj_z1/cc2420.o
 .any.text.RELEASE_LOCK
                0x000000000000492e       0x28 obj_z1/cc2420.o
 .any.text.cc2420_prepare
                0x0000000000004956       0x38 obj_z1/cc2420.o
 .any.text.cc2420_on
                0x000000000000498e       0x22 obj_z1/cc2420.o
                0x000000000000498e                cc2420_on
 .any.text.cc2420_off
                0x00000000000049b0       0x30 obj_z1/cc2420.o
                0x00000000000049b0                cc2420_off
 .any.text.cc2420_cca
                0x00000000000049e0       0x54 obj_z1/cc2420.o
 .any.text.cc2420_read
                0x0000000000004a34       0xa8 obj_z1/cc2420.o
 .any.text.process_thread_cc2420_process
                0x0000000000004adc       0x54 obj_z1/cc2420.o
 .any.text.cc2420_set_channel
                0x0000000000004b30       0x3a obj_z1/cc2420.o
                0x0000000000004b30                cc2420_set_channel
 .any.text.cc2420_set_pan_addr
                0x0000000000004b6a       0x4c obj_z1/cc2420.o
                0x0000000000004b6a                cc2420_set_pan_addr
 .any.text.cc2420_interrupt
                0x0000000000004bb6       0x16 obj_z1/cc2420.o
                0x0000000000004bb6                cc2420_interrupt
 .any.text.cc2420_set_txpower
                0x0000000000004bcc        0xe obj_z1/cc2420.o
                0x0000000000004bcc                cc2420_set_txpower
 .any.text.cc2420_get_txpower
                0x0000000000004bda       0x1e obj_z1/cc2420.o
                0x0000000000004bda                cc2420_get_txpower
 .any.text.cc2420_transmit
                0x0000000000004bf8      0x124 obj_z1/cc2420.o
 .any.text.cc2420_send
                0x0000000000004d1c       0x12 obj_z1/cc2420.o
 .any.text.cc2420_rssi
                0x0000000000004d2e       0x48 obj_z1/cc2420.o
                0x0000000000004d2e                cc2420_rssi
 .any.text.get_value
                0x0000000000004d76       0xa8 obj_z1/cc2420.o
 .any.text.cc2420_set_cca_threshold
                0x0000000000004e1e       0x16 obj_z1/cc2420.o
                0x0000000000004e1e                cc2420_set_cca_threshold
 .any.text.set_value
                0x0000000000004e34       0x80 obj_z1/cc2420.o
 .any.text.cc2420_init
                0x0000000000004eb4       0xd8 obj_z1/cc2420.o
                0x0000000000004eb4                cc2420_init
 .any.text.init_platform
                0x0000000000004f8c        0xc contiki-z1.a(contiki-z1-plat)
                0x0000000000004f8c                init_platform
 .any.text.msp430_init_dco
                0x0000000000004f98       0x28 contiki-z1.a(msp430.o)
                0x0000000000004f98                msp430_init_dco
 .any.text.splhigh_
                0x0000000000004fc0        0x8 contiki-z1.a(msp430.o)
                0x0000000000004fc0                splhigh_
 .any.text.msp430_sync_dco
                0x0000000000004fc8       0x6e contiki-z1.a(msp430.o)
                0x0000000000004fc8                msp430_sync_dco
 .any.text.msp430_cpu_init
                0x0000000000005036       0x2a contiki-z1.a(msp430.o)
                0x0000000000005036                msp430_cpu_init
 .any.text.show_leds
                0x0000000000005060       0xe8 contiki-z1.a(leds.o)
 .any.text.leds_init
                0x0000000000005148        0xa contiki-z1.a(leds.o)
                0x0000000000005148                leds_init
 .any.text.leds_on
                0x0000000000005152        0xa contiki-z1.a(leds.o)
                0x0000000000005152                leds_on
 .any.text.leds_off
                0x000000000000515c        0xe contiki-z1.a(leds.o)
                0x000000000000515c                leds_off
 .any.text.watchdog_start
                0x000000000000516a       0x14 contiki-z1.a(watchdog.o)
                0x000000000000516a                watchdog_start
 .any.text.watchdog_periodic
                0x000000000000517e       0x12 contiki-z1.a(watchdog.o)
                0x000000000000517e                watchdog_periodic
 .any.text.watchdog_stop
                0x0000000000005190       0x16 contiki-z1.a(watchdog.o)
                0x0000000000005190                watchdog_stop
 .any.text.watchdog_init
                0x00000000000051a6       0x12 contiki-z1.a(watchdog.o)
                0x00000000000051a6                watchdog_init
 .any.text.wait_ready
                0x00000000000051b8       0x46 contiki-z1.a(xmem.o)
 .any.text.xmem_init
                0x00000000000051fe       0x1e contiki-z1.a(xmem.o)
                0x00000000000051fe                xmem_init
 .any.text.xmem_pread
                0x000000000000521c       0xc2 contiki-z1.a(xmem.o)
                0x000000000000521c                xmem_pread
 .any.text.spi_init
                0x00000000000052de       0x32 contiki-z1.a(spi.o)
                0x00000000000052de                spi_init
 .any.text.cc2420_arch_init
                0x0000000000005310       0x1a contiki-z1.a(cc2420-arch.o)
                0x0000000000005310                cc2420_arch_init
 .any.text.node_id_restore
                0x000000000000532a       0x4c contiki-z1.a(node-id.o)
                0x000000000000532a                node_id_restore
 .any.text.process_thread_sensors_process
                0x0000000000005376       0xc2 contiki-z1.a(sensors.o)
 .any.text.sensors_changed
                0x0000000000005438       0x2a contiki-z1.a(sensors.o)
                0x0000000000005438                sensors_changed
 .any.text.status
                0x0000000000005462       0x18 contiki-z1.a(button-sensor.o)
 .any.text.value
                0x000000000000547a       0x20 contiki-z1.a(button-sensor.o)
 .any.text.configure
                0x000000000000549a       0x4e contiki-z1.a(button-sensor.o)
 .any.text.uart0_active
                0x00000000000054e8        0xe contiki-z1.a(uart0.o)
                0x00000000000054e8                uart0_active
 .any.text.uart0_set_input
                0x00000000000054f6        0x6 contiki-z1.a(uart0.o)
                0x00000000000054f6                uart0_set_input
 .any.text.uart0_writeb
                0x00000000000054fc       0x16 contiki-z1.a(uart0.o)
                0x00000000000054fc                uart0_writeb
 .any.text.uart0_init
                0x0000000000005512       0x40 contiki-z1.a(uart0.o)
                0x0000000000005512                uart0_init
 .any.text.putchar
                0x0000000000005552       0x10 contiki-z1.a(uart0-putchar.o)
                0x0000000000005552                putchar
 .any.text.accm_write_reg
                0x0000000000005562       0x2e contiki-z1.a(adxl345.o)
                0x0000000000005562                accm_write_reg
 .any.text.accm_write_stream
                0x0000000000005590       0x2a contiki-z1.a(adxl345.o)
                0x0000000000005590                accm_write_stream
 .any.text.accm_read_reg
                0x00000000000055ba       0x54 contiki-z1.a(adxl345.o)
                0x00000000000055ba                accm_read_reg
 .any.text.process_thread_accmeter_process
                0x000000000000560e       0x56 contiki-z1.a(adxl345.o)
 .any.text.accm_init
                0x0000000000005664       0x8c contiki-z1.a(adxl345.o)
                0x0000000000005664                accm_init
 .any.text.clock_time
                0x00000000000056f0       0x1a contiki-z1.a(clock.o)
                0x00000000000056f0                clock_time
 .any.text.clock_init
                0x000000000000570a       0x28 contiki-z1.a(clock.o)
                0x000000000000570a                clock_init
 .any.text.clock_delay
                0x0000000000005732        0xc contiki-z1.a(clock.o)
                0x0000000000005732                clock_delay
 .any.text.clock_wait
                0x000000000000573e       0x24 contiki-z1.a(clock.o)
                0x000000000000573e                clock_wait
 .any.text.leds_arch_init
                0x0000000000005762        0xe contiki-z1.a(leds-arch.o)
                0x0000000000005762                leds_arch_init
 .any.text.leds_arch_set
                0x0000000000005770       0x38 contiki-z1.a(leds-arch.o)
                0x0000000000005770                leds_arch_set
 .any.text.rtimer_arch_init
                0x00000000000057a8        0xe contiki-z1.a(rtimer-arch.o)
                0x00000000000057a8                rtimer_arch_init
 .any.text.rtimer_arch_now
                0x00000000000057b6        0xe contiki-z1.a(rtimer-arch.o)
                0x00000000000057b6                rtimer_arch_now
 .any.text.rtimer_arch_schedule
                0x00000000000057c4        0x6 contiki-z1.a(rtimer-arch.o)
                0x00000000000057c4                rtimer_arch_schedule
 .any.text.autostart_start
                0x00000000000057ca       0x16 contiki-z1.a(autostart.o)
                0x00000000000057ca                autostart_start
 .any.text.process_thread_ctimer_process
                0x00000000000057e0       0xa0 contiki-z1.a(ctimer.o)
 .any.text.ctimer_init
                0x0000000000005880       0x18 contiki-z1.a(ctimer.o)
                0x0000000000005880                ctimer_init
 .any.text.ctimer_set
                0x0000000000005898       0x48 contiki-z1.a(ctimer.o)
                0x0000000000005898                ctimer_set
 .any.text.ctimer_stop
                0x00000000000058e0       0x28 contiki-z1.a(ctimer.o)
                0x00000000000058e0                ctimer_stop
 .any.text.energest_init
                0x0000000000005908       0x24 contiki-z1.a(energest.o)
                0x0000000000005908                energest_init
 .any.text.energest_type_time
                0x000000000000592c       0x3c contiki-z1.a(energest.o)
                0x000000000000592c                energest_type_time
 .any.text.energest_type_set
                0x0000000000005968        0xc contiki-z1.a(energest.o)
                0x0000000000005968                energest_type_set
 .any.text.energest_flush
                0x0000000000005974       0x38 contiki-z1.a(energest.o)
                0x0000000000005974                energest_flush
 .any.text.update_time
                0x00000000000059ac       0x70 contiki-z1.a(etimer.o)
 .any.text.etimer_request_poll
                0x0000000000005a1c        0xa contiki-z1.a(etimer.o)
                0x0000000000005a1c                etimer_request_poll
 .any.text.process_thread_etimer_process
                0x0000000000005a26       0xc4 contiki-z1.a(etimer.o)
 .any.text.add_timer
                0x0000000000005aea       0x40 contiki-z1.a(etimer.o)
 .any.text.etimer_set
                0x0000000000005b2a       0x12 contiki-z1.a(etimer.o)
                0x0000000000005b2a                etimer_set
 .any.text.etimer_reset
                0x0000000000005b3c       0x12 contiki-z1.a(etimer.o)
                0x0000000000005b3c                etimer_reset
 .any.text.etimer_expired
                0x0000000000005b4e        0xe contiki-z1.a(etimer.o)
                0x0000000000005b4e                etimer_expired
 .any.text.etimer_pending
                0x0000000000005b5c        0xc contiki-z1.a(etimer.o)
                0x0000000000005b5c                etimer_pending
 .any.text.etimer_next_expiration_time
                0x0000000000005b68       0x16 contiki-z1.a(etimer.o)
                0x0000000000005b68                etimer_next_expiration_time
 .any.text.etimer_stop
                0x0000000000005b7e       0x3e contiki-z1.a(etimer.o)
                0x0000000000005b7e                etimer_stop
 .any.text.compower_accumulate
                0x0000000000005bbc       0x6a contiki-z1.a(compower.o)
                0x0000000000005bbc                compower_accumulate
 .any.text.compower_clear
                0x0000000000005c26       0x12 contiki-z1.a(compower.o)
                0x0000000000005c26                compower_clear
 .any.text.compower_attrconv
                0x0000000000005c38       0x10 contiki-z1.a(compower.o)
                0x0000000000005c38                compower_attrconv
 .any.text.call_process
                0x0000000000005c48       0x40 contiki-z1.a(process.o)
 .any.text.exit_process
                0x0000000000005c88       0x88 contiki-z1.a(process.o)
 .any.text.do_poll
                0x0000000000005d10       0x30 contiki-z1.a(process.o)
 .any.text.process_alloc_event
                0x0000000000005d40        0xe contiki-z1.a(process.o)
                0x0000000000005d40                process_alloc_event
 .any.text.process_init
                0x0000000000005d4e       0x1c contiki-z1.a(process.o)
                0x0000000000005d4e                process_init
 .any.text.process_run
                0x0000000000005d6a       0xa4 contiki-z1.a(process.o)
                0x0000000000005d6a                process_run
 .any.text.process_nevents
                0x0000000000005e0e        0xe contiki-z1.a(process.o)
                0x0000000000005e0e                process_nevents
 .any.text.process_post
                0x0000000000005e1c       0x50 contiki-z1.a(process.o)
                0x0000000000005e1c                process_post
 .any.text.process_post_synch
                0x0000000000005e6c       0x12 contiki-z1.a(process.o)
                0x0000000000005e6c                process_post_synch
 .any.text.process_start
                0x0000000000005e7e       0x36 contiki-z1.a(process.o)
                0x0000000000005e7e                process_start
 .any.text.process_poll
                0x0000000000005eb4       0x18 contiki-z1.a(process.o)
                0x0000000000005eb4                process_poll
 .any.text.rtimer_init
                0x0000000000005ecc        0x6 contiki-z1.a(rtimer.o)
                0x0000000000005ecc                rtimer_init
 .any.text.rtimer_set
                0x0000000000005ed2       0x24 contiki-z1.a(rtimer.o)
                0x0000000000005ed2                rtimer_set
 .any.text.rtimer_run_next
                0x0000000000005ef6       0x26 contiki-z1.a(rtimer.o)
                0x0000000000005ef6                rtimer_run_next
 .any.text.timer_set
                0x0000000000005f1c       0x1c contiki-z1.a(timer.o)
                0x0000000000005f1c                timer_set
 .any.text.timer_reset
                0x0000000000005f38        0xe contiki-z1.a(timer.o)
                0x0000000000005f38                timer_reset
 .any.text.timer_expired
                0x0000000000005f46       0x2a contiki-z1.a(timer.o)
                0x0000000000005f46                timer_expired
 .any.text.process_thread_serial_line_process
                0x0000000000005f70       0x9e contiki-z1.a(serial-line.o)
 .any.text.serial_line_input_byte
                0x000000000000600e       0x4a contiki-z1.a(serial-line.o)
                0x000000000000600e                serial_line_input_byte
 .any.text.serial_line_init
                0x0000000000006058       0x1c contiki-z1.a(serial-line.o)
                0x0000000000006058                serial_line_init
 .any.text.list_init
                0x0000000000006074        0x6 contiki-z1.a(list.o)
                0x0000000000006074                list_init
 .any.text.list_head
                0x000000000000607a        0x4 contiki-z1.a(list.o)
                0x000000000000607a                list_head
 .any.text.list_tail
                0x000000000000607e       0x12 contiki-z1.a(list.o)
                0x000000000000607e                list_tail
 .any.text.list_remove
                0x0000000000006090       0x34 contiki-z1.a(list.o)
                0x0000000000006090                list_remove
 .any.text.list_push
                0x00000000000060c4       0x16 contiki-z1.a(list.o)
                0x00000000000060c4                list_push
 .any.text.list_add
                0x00000000000060da       0x26 contiki-z1.a(list.o)
                0x00000000000060da                list_add
 .any.text.list_length
                0x0000000000006100       0x10 contiki-z1.a(list.o)
                0x0000000000006100                list_length
 .any.text.list_item_next
                0x0000000000006110        0xc contiki-z1.a(list.o)
                0x0000000000006110                list_item_next
 .any.text.memb_init
                0x000000000000611c       0x36 contiki-z1.a(memb.o)
                0x000000000000611c                memb_init
 .any.text.memb_alloc
                0x0000000000006152       0x3e contiki-z1.a(memb.o)
                0x0000000000006152                memb_alloc
 .any.text.memb_free
                0x0000000000006190       0x3a contiki-z1.a(memb.o)
                0x0000000000006190                memb_free
 .any.text.memb_inmemb
                0x00000000000061ca       0x2a contiki-z1.a(memb.o)
                0x00000000000061ca                memb_inmemb
 .any.text.random_rand
                0x00000000000061f4        0x6 contiki-z1.a(random.o)
                0x00000000000061f4                random_rand
 .any.text.ringbuf_init
                0x00000000000061fa       0x14 contiki-z1.a(ringbuf.o)
                0x00000000000061fa                ringbuf_init
 .any.text.ringbuf_put
                0x000000000000620e       0x38 contiki-z1.a(ringbuf.o)
                0x000000000000620e                ringbuf_put
 .any.text.ringbuf_get
                0x0000000000006246       0x2e contiki-z1.a(ringbuf.o)
                0x0000000000006246                ringbuf_get
 .any.text.input
                0x0000000000006274       0x36 contiki-z1.a(rime.o)
 .any.text.init
                0x00000000000062aa       0x2e contiki-z1.a(rime.o)
 .any.text.packet_sent
                0x00000000000062d8       0x38 contiki-z1.a(rime.o)
 .any.text.rime_output
                0x0000000000006310       0x24 contiki-z1.a(rime.o)
                0x0000000000006310                rime_output
 .any.text.adv_packet_sent
                0x0000000000006334        0x2 contiki-z1.a(broadcast-annou)
 .any.text.adv_packet_received
                0x0000000000006336       0x56 contiki-z1.a(broadcast-annou)
 .any.text.set_timers
                0x000000000000638c       0x4a contiki-z1.a(broadcast-annou)
 .any.text.send_timer
                0x00000000000063d6       0x32 contiki-z1.a(broadcast-annou)
 .any.text.send_adv
                0x0000000000006408       0x60 contiki-z1.a(broadcast-annou)
 .any.text.new_announcement
                0x0000000000006468       0x18 contiki-z1.a(broadcast-annou)
 .any.text.broadcast_announcement_init
                0x0000000000006480       0x44 contiki-z1.a(broadcast-annou)
                0x0000000000006480                broadcast_announcement_init
 .any.text.sent_by_abc
                0x00000000000064c4       0x10 contiki-z1.a(broadcast.o)
 .any.text.recv_from_abc
                0x00000000000064d4       0x26 contiki-z1.a(broadcast.o)
 .any.text.broadcast_open
                0x00000000000064fa       0x22 contiki-z1.a(broadcast.o)
                0x00000000000064fa                broadcast_open
 .any.text.broadcast_send
                0x000000000000651c       0x1a contiki-z1.a(broadcast.o)
                0x000000000000651c                broadcast_send
 .any.text.chameleon_init
                0x0000000000006536        0x6 contiki-z1.a(chameleon.o)
                0x0000000000006536                chameleon_init
 .any.text.chameleon_parse
                0x000000000000653c       0x10 contiki-z1.a(chameleon.o)
                0x000000000000653c                chameleon_parse
 .any.text.chameleon_create
                0x000000000000654c       0x1c contiki-z1.a(chameleon.o)
                0x000000000000654c                chameleon_create
 .any.text.chameleon_hdrsize
                0x0000000000006568        0x6 contiki-z1.a(chameleon.o)
                0x0000000000006568                chameleon_hdrsize
 .any.text.channel_init
                0x000000000000656e        0xa contiki-z1.a(channel.o)
                0x000000000000656e                channel_init
 .any.text.channel_open
                0x0000000000006578       0x10 contiki-z1.a(channel.o)
                0x0000000000006578                channel_open
 .any.text.channel_lookup
                0x0000000000006588       0x20 contiki-z1.a(channel.o)
                0x0000000000006588                channel_lookup
 .any.text.channel_set_attributes
                0x00000000000065a8       0x20 contiki-z1.a(channel.o)
                0x00000000000065a8                channel_set_attributes
 .any.text.abc_open
                0x00000000000065c8       0x1e contiki-z1.a(abc.o)
                0x00000000000065c8                abc_open
 .any.text.abc_send
                0x00000000000065e6        0x6 contiki-z1.a(abc.o)
                0x00000000000065e6                abc_send
 .any.text.abc_input
                0x00000000000065ec        0xe contiki-z1.a(abc.o)
                0x00000000000065ec                abc_input
 .any.text.abc_sent
                0x00000000000065fa       0x10 contiki-z1.a(abc.o)
                0x00000000000065fa                abc_sent
 .any.text.announcement_init
                0x000000000000660a        0xa contiki-z1.a(announcement.o)
                0x000000000000660a                announcement_init
 .any.text.announcement_register_observer_callback
                0x0000000000006614        0x6 contiki-z1.a(announcement.o)
                0x0000000000006614                announcement_register_observer_callback
 .any.text.announcement_list
                0x000000000000661a        0xa contiki-z1.a(announcement.o)
                0x000000000000661a                announcement_list
 .any.text.announcement_heard
                0x0000000000006624       0x36 contiki-z1.a(announcement.o)
                0x0000000000006624                announcement_heard
 .any.text.queuebuf_init
                0x000000000000665a       0x12 contiki-z1.a(queuebuf.o)
                0x000000000000665a                queuebuf_init
 .any.text.queuebuf_new_from_packetbuf
                0x000000000000666c       0x4e contiki-z1.a(queuebuf.o)
                0x000000000000666c                queuebuf_new_from_packetbuf
 .any.text.queuebuf_update_attr_from_packetbuf
                0x00000000000066ba       0x12 contiki-z1.a(queuebuf.o)
                0x00000000000066ba                queuebuf_update_attr_from_packetbuf
 .any.text.queuebuf_update_from_packetbuf
                0x00000000000066cc       0x22 contiki-z1.a(queuebuf.o)
                0x00000000000066cc                queuebuf_update_from_packetbuf
 .any.text.queuebuf_free
                0x00000000000066ee       0x2a contiki-z1.a(queuebuf.o)
                0x00000000000066ee                queuebuf_free
 .any.text.queuebuf_to_packetbuf
                0x0000000000006718       0x32 contiki-z1.a(queuebuf.o)
                0x0000000000006718                queuebuf_to_packetbuf
 .any.text.queuebuf_attr
                0x000000000000674a        0xe contiki-z1.a(queuebuf.o)
                0x000000000000674a                queuebuf_attr
 .any.text.packetbuf_compact
                0x0000000000006758       0x2e contiki-z1.a(packetbuf.o)
                0x0000000000006758                packetbuf_compact
 .any.text.packetbuf_copyto
                0x0000000000006786       0x46 contiki-z1.a(packetbuf.o)
                0x0000000000006786                packetbuf_copyto
 .any.text.packetbuf_hdrreduce
                0x00000000000067cc       0x1a contiki-z1.a(packetbuf.o)
                0x00000000000067cc                packetbuf_hdrreduce
 .any.text.packetbuf_set_datalen
                0x00000000000067e6        0x6 contiki-z1.a(packetbuf.o)
                0x00000000000067e6                packetbuf_set_datalen
 .any.text.packetbuf_dataptr
                0x00000000000067ec        0xe contiki-z1.a(packetbuf.o)
                0x00000000000067ec                packetbuf_dataptr
 .any.text.packetbuf_hdrptr
                0x00000000000067fa        0xa contiki-z1.a(packetbuf.o)
                0x00000000000067fa                packetbuf_hdrptr
 .any.text.packetbuf_datalen
                0x0000000000006804        0x6 contiki-z1.a(packetbuf.o)
                0x0000000000006804                packetbuf_datalen
 .any.text.packetbuf_hdrlen
                0x000000000000680a       0x10 contiki-z1.a(packetbuf.o)
                0x000000000000680a                packetbuf_hdrlen
 .any.text.packetbuf_totlen
                0x000000000000681a        0xc contiki-z1.a(packetbuf.o)
                0x000000000000681a                packetbuf_totlen
 .any.text.packetbuf_hdralloc
                0x0000000000006826       0x2a contiki-z1.a(packetbuf.o)
                0x0000000000006826                packetbuf_hdralloc
 .any.text.packetbuf_attr_clear
                0x0000000000006850       0x2c contiki-z1.a(packetbuf.o)
                0x0000000000006850                packetbuf_attr_clear
 .any.text.packetbuf_clear
                0x000000000000687c       0x1a contiki-z1.a(packetbuf.o)
                0x000000000000687c                packetbuf_clear
 .any.text.packetbuf_copyfrom
                0x0000000000006896       0x2a contiki-z1.a(packetbuf.o)
                0x0000000000006896                packetbuf_copyfrom
 .any.text.packetbuf_attr_copyto
                0x00000000000068c0       0x20 contiki-z1.a(packetbuf.o)
                0x00000000000068c0                packetbuf_attr_copyto
 .any.text.packetbuf_attr_copyfrom
                0x00000000000068e0       0x22 contiki-z1.a(packetbuf.o)
                0x00000000000068e0                packetbuf_attr_copyfrom
 .any.text.packetbuf_holds_broadcast
                0x0000000000006902        0xe contiki-z1.a(packetbuf.o)
                0x0000000000006902                packetbuf_holds_broadcast
 .any.text.linkaddr_copy
                0x0000000000006910        0xc contiki-z1.a(linkaddr.o)
                0x0000000000006910                linkaddr_copy
 .any.text.linkaddr_cmp
                0x000000000000691c       0x12 contiki-z1.a(linkaddr.o)
                0x000000000000691c                linkaddr_cmp
 .any.text.linkaddr_set_node_addr
                0x000000000000692e        0xc contiki-z1.a(linkaddr.o)
                0x000000000000692e                linkaddr_set_node_addr
 .any.text.mac_sequence_is_duplicate
                0x000000000000693a       0x36 contiki-z1.a(mac-sequence.o)
                0x000000000000693a                mac_sequence_is_duplicate
 .any.text.mac_sequence_register_seqno
                0x0000000000006970       0x58 contiki-z1.a(mac-sequence.o)
                0x0000000000006970                mac_sequence_register_seqno
 .any.text.create_frame.isra.0
                0x00000000000069c8      0x100 contiki-z1.a(framer-802154.o)
 .any.text.create
                0x0000000000006ac8        0x8 contiki-z1.a(framer-802154.o)
 .any.text.hdr_length
                0x0000000000006ad0        0x8 contiki-z1.a(framer-802154.o)
 .any.text.parse
                0x0000000000006ad8       0xa2 contiki-z1.a(framer-802154.o)
 .any.text.field_len
                0x0000000000006b7a       0x8c contiki-z1.a(frame802154.o)
 .any.text.frame802154_hdrlen
                0x0000000000006c06       0x2e contiki-z1.a(frame802154.o)
                0x0000000000006c06                frame802154_hdrlen
 .any.text.frame802154_create
                0x0000000000006c34      0x112 contiki-z1.a(frame802154.o)
                0x0000000000006c34                frame802154_create
 .any.text.frame802154_parse
                0x0000000000006d46      0x16c contiki-z1.a(frame802154.o)
                0x0000000000006d46                frame802154_parse
 .any.text.mac_call_sent_callback
                0x0000000000006eb2       0x14 contiki-z1.a(mac.o)
                0x0000000000006eb2                mac_call_sent_callback
 .any.text.send_packet
                0x0000000000006ec6       0x44 contiki-z1.a(phase.o)
 .any.text.phase_update
                0x0000000000006f0a       0x86 contiki-z1.a(phase.o)
                0x0000000000006f0a                phase_update
 .any.text.phase_wait
                0x0000000000006f90       0xde contiki-z1.a(phase.o)
                0x0000000000006f90                phase_wait
 .any.text.phase_init
                0x000000000000706e       0x14 contiki-z1.a(phase.o)
                0x000000000000706e                phase_init
 .any.text.framer_canonical_create_and_secure
                0x0000000000007082       0x20 contiki-z1.a(framer.o)
                0x0000000000007082                framer_canonical_create_and_secure
 .any.text.bootstrap
                0x00000000000070a2        0x4 contiki-z1.a(nullsec.o)
 .any.text.send
                0x00000000000070a6        0xa contiki-z1.a(nullsec.o)
 .any.text.on_frame_created
                0x00000000000070b0        0x4 contiki-z1.a(nullsec.o)
 .any.text.input
                0x00000000000070b4        0x6 contiki-z1.a(nullsec.o)
 .any.text.get_overhead
                0x00000000000070ba        0x4 contiki-z1.a(nullsec.o)
 .any.text.i2c_receiveinit
                0x00000000000070be       0x36 contiki-z1.a(i2cmaster.o)
                0x00000000000070be                i2c_receiveinit
 .any.text.i2c_transmitinit
                0x00000000000070f4       0x30 contiki-z1.a(i2cmaster.o)
                0x00000000000070f4                i2c_transmitinit
 .any.text.i2c_receive_n
                0x0000000000007124       0x3e contiki-z1.a(i2cmaster.o)
                0x0000000000007124                i2c_receive_n
 .any.text.i2c_busy
                0x0000000000007162        0xa contiki-z1.a(i2cmaster.o)
                0x0000000000007162                i2c_busy
 .any.text.i2c_enable
                0x000000000000716c       0x22 contiki-z1.a(i2cmaster.o)
                0x000000000000716c                i2c_enable
 .any.text.i2c_transmit_n
                0x000000000000718e       0x14 contiki-z1.a(i2cmaster.o)
                0x000000000000718e                i2c_transmit_n
 .any.text.header_size
                0x00000000000071a2       0x16 contiki-z1.a(chameleon-bitop)
 .any.text.get_bits_in_byte
                0x00000000000071b8       0x36 contiki-z1.a(chameleon-bitop)
                0x00000000000071b8                get_bits_in_byte
 .any.text.get_bits
                0x00000000000071ee       0x8a contiki-z1.a(chameleon-bitop)
                0x00000000000071ee                get_bits
 .any.text.unpack_header
                0x0000000000007278       0xb4 contiki-z1.a(chameleon-bitop)
 .any.text.set_bits_in_byte
                0x000000000000732c       0x2a contiki-z1.a(chameleon-bitop)
                0x000000000000732c                set_bits_in_byte
 .any.text.set_bits
                0x0000000000007356       0x98 contiki-z1.a(chameleon-bitop)
                0x0000000000007356                set_bits
 .any.text.pack_header
                0x00000000000073ee       0xa0 contiki-z1.a(chameleon-bitop)
 .any.text.item_from_index
                0x000000000000748e       0x2a contiki-z1.a(nbr-table.o)
 .any.text.index_from_key
                0x00000000000074b8       0x10 contiki-z1.a(nbr-table.o)
 .any.text.index_from_item
                0x00000000000074c8       0x1e contiki-z1.a(nbr-table.o)
 .any.text.nbr_set_bit
                0x00000000000074e6       0x50 contiki-z1.a(nbr-table.o)
 .any.text.index_from_lladdr
                0x0000000000007536       0x3e contiki-z1.a(nbr-table.o)
 .any.text.nbr_get_bit.constprop.0
                0x0000000000007574       0x2c contiki-z1.a(nbr-table.o)
 .any.text.nbr_table_register
                0x00000000000075a0       0x26 contiki-z1.a(nbr-table.o)
                0x00000000000075a0                nbr_table_register
 .any.text.nbr_table_add_lladdr
                0x00000000000075c6      0x110 contiki-z1.a(nbr-table.o)
                0x00000000000075c6                nbr_table_add_lladdr
 .any.text.nbr_table_get_from_lladdr
                0x00000000000076d6       0x28 contiki-z1.a(nbr-table.o)
                0x00000000000076d6                nbr_table_get_from_lladdr
 .any.text.nbr_table_remove
                0x00000000000076fe       0x2a contiki-z1.a(nbr-table.o)
                0x00000000000076fe                nbr_table_remove
 .any.text.printf
                0x0000000000007728       0x10 /usr/local/msp430/lib/gcc/msp430/4.7.0/../../../../msp430/lib/mcpu-430x/mmpy-16/msr20/mc20/libc.a(printf.o)
                0x0000000000007728                printf
 .any.text.print_field
                0x0000000000007738      0x176 /usr/local/msp430/lib/gcc/msp430/4.7.0/../../../../msp430/lib/mcpu-430x/mmpy-16/msr20/mc20/libc.a(vuprintf.o)
 .any.text.vuprintf
                0x00000000000078ae      0x74c /usr/local/msp430/lib/gcc/msp430/4.7.0/../../../../msp430/lib/mcpu-430x/mmpy-16/msr20/mc20/libc.a(vuprintf.o)
                0x00000000000078ae                vuprintf
 .any.text.puts
                0x0000000000007ffa       0x2c /usr/local/msp430/lib/gcc/msp430/4.7.0/../../../../msp430/lib/mcpu-430x/mmpy-16/msr20/mc20/libc.a(puts.o)
                0x0000000000007ffa                puts
 .any.text.rand
                0x0000000000008026       0x26 /usr/local/msp430/lib/gcc/msp430/4.7.0/../../../../msp430/lib/mcpu-430x/mmpy-16/msr20/mc20/libc.a(rand.o)
                0x0000000000008026                rand
 .any.text.memcmp
                0x000000000000804c       0x2c /usr/local/msp430/lib/gcc/msp430/4.7.0/../../../../msp430/lib/mcpu-430x/mmpy-16/msr20/mc20/libc.a(memcmp.o)
                0x000000000000804c                memcmp
 .any.text.memcpy
                0x0000000000008078       0xe8 /usr/local/msp430/lib/gcc/msp430/4.7.0/../../../../msp430/lib/mcpu-430x/mmpy-16/msr20/mc20/libc.a(memcpy.o)
                0x0000000000008078                memcpy
 .any.text.memset
                0x0000000000008160       0x5c /usr/local/msp430/lib/gcc/msp430/4.7.0/../../../../msp430/lib/mcpu-430x/mmpy-16/msr20/mc20/libc.a(memset.o)
                0x0000000000008160                memset

.rodata         0x00000000000081bc      0x3a8
                0x00000000000081bc                . = ALIGN (0x2)
 *(.rodata .rodata.* .gnu.linkonce.r.*)
 .rodata.process_thread_interferer
                0x00000000000081bc       0x77 interferer.co
 .rodata.callback
                0x0000000000008233        0x4 interferer.co
 *fill*         0x0000000000008237        0x1 00
 .rodata.autostart_processes
                0x0000000000008238        0x4 interferer.co
                0x0000000000008238                autostart_processes
 .rodata        0x000000000000823c       0x17 interferer.co
 .rodata.send_packet.part.7
                0x0000000000008253       0x57 obj_z1/contikimac.o
 .rodata        0x00000000000082aa        0xb obj_z1/contikimac.o
 *fill*         0x00000000000082b5        0x1 00
 .rodata.contikimac_driver
                0x00000000000082b6       0x1e obj_z1/contikimac.o
                0x00000000000082b6                contikimac_driver
 .rodata        0x00000000000082d4        0x5 obj_z1/csma.o
 *fill*         0x00000000000082d9        0x1 00
 .rodata.csma_driver
                0x00000000000082da       0x1a obj_z1/csma.o
                0x00000000000082da                csma_driver
 .rodata.get_value
                0x00000000000082f4       0x38 obj_z1/cc2420.o
 .rodata.cc2420_driver
                0x000000000000832c       0x38 obj_z1/cc2420.o
                0x000000000000832c                cc2420_driver
 .rodata        0x0000000000008364        0xe obj_z1/cc2420.o
 .rodata.output_power
                0x0000000000008372       0x10 obj_z1/cc2420.o
 .rodata        0x0000000000008382      0x112 obj_z1/contiki-z1-main.o
 .rodata        0x0000000000008494        0x8 contiki-z1.a(sensors.o)
 .rodata        0x000000000000849c        0x7 contiki-z1.a(button-sensor.o)
 *fill*         0x00000000000084a3        0x1 00
 .rodata.button_sensor
                0x00000000000084a4        0xe contiki-z1.a(button-sensor.o)
                0x00000000000084a4                button_sensor
 .rodata        0x00000000000084b2       0x16 contiki-z1.a(adxl345.o)
 .rodata        0x00000000000084c8        0xf contiki-z1.a(ctimer.o)
 .rodata        0x00000000000084d7        0xc contiki-z1.a(etimer.o)
 .rodata        0x00000000000084e3        0xe contiki-z1.a(serial-line.o)
 .rodata        0x00000000000084f1        0x5 contiki-z1.a(rime.o)
 .rodata.rime_driver
                0x00000000000084f6        0xa contiki-z1.a(rime.o)
                0x00000000000084f6                rime_driver
 .rodata.broadcast_callbacks
                0x0000000000008500        0x8 contiki-z1.a(broadcast-annou)
 .rodata.broadcast
                0x0000000000008508        0x8 contiki-z1.a(broadcast.o)
 .rodata.attributes
                0x0000000000008510        0x4 contiki-z1.a(broadcast.o)
 .rodata.attributes
                0x0000000000008514        0x2 contiki-z1.a(abc.o)
 .rodata.linkaddr_null
                0x0000000000008516        0x2 contiki-z1.a(linkaddr.o)
                0x0000000000008516                linkaddr_null
 .rodata.framer_802154
                0x0000000000008518       0x10 contiki-z1.a(framer-802154.o)
                0x0000000000008518                framer_802154
 .rodata.CSWTCH.5
                0x0000000000008528        0x2 contiki-z1.a(frame802154.o)
 .rodata        0x000000000000852a        0x8 contiki-z1.a(nullsec.o)
 .rodata.nullsec_driver
                0x0000000000008532       0x16 contiki-z1.a(nullsec.o)
                0x0000000000008532                nullsec_driver
 .rodata.chameleon_bitopt
                0x0000000000008548        0xc contiki-z1.a(chameleon-bitop)
                0x0000000000008548                chameleon_bitopt
 .rodata.bitmask
                0x0000000000008554        0x9 contiki-z1.a(chameleon-bitop)
 .rodata.vuprintf
                0x000000000000855d        0x7 /usr/local/msp430/lib/gcc/msp430/4.7.0/../../../../msp430/lib/mcpu-430x/mmpy-16/msr20/mc20/libc.a(vuprintf.o)
 *(.near.rodata .near.rodata.*)
                0x0000000000008564                . = ALIGN (0x2)
                0x0000000000008564                _etext = .

.data           0x0000000000001100       0xb8 load address 0x0000000000008564
                0x0000000000001100                . = ALIGN (0x2)
                0x0000000000001100                __data_start = .
 *(.data .data.* .gnu.linkonce.d.*)
 .data.interferer
                0x0000000000001100        0xc interferer.co
                0x0000000000001100                interferer
 .data.neighbor_memb
                0x000000000000110c        0x8 obj_z1/csma.o
 .data.packet_memb
                0x0000000000001114        0x8 obj_z1/csma.o
 .data.metadata_memb
                0x000000000000111c        0x8 obj_z1/csma.o
 .data.cc2420_process
                0x0000000000001124        0xc obj_z1/cc2420.o
                0x0000000000001124                cc2420_process
 .data.sensors  0x0000000000001130        0x4 obj_z1/contiki-z1-main.o
                0x0000000000001130                sensors
 .data.cur_break
                0x0000000000001134        0x2 contiki-z1.a(msp430.o)
 .data.sensors_process
                0x0000000000001136        0xc contiki-z1.a(sensors.o)
                0x0000000000001136                sensors_process
 .data.accmeter_process
                0x0000000000001142        0xc contiki-z1.a(adxl345.o)
                0x0000000000001142                accmeter_process
 .data.adxl345_default_settings
                0x000000000000114e       0x16 contiki-z1.a(adxl345.o)
 .data.ctimer_process
                0x0000000000001164        0xc contiki-z1.a(ctimer.o)
                0x0000000000001164                ctimer_process
 .data.etimer_process
                0x0000000000001170        0xc contiki-z1.a(etimer.o)
                0x0000000000001170                etimer_process
 .data.serial_line_process
                0x000000000000117c        0xc contiki-z1.a(serial-line.o)
                0x000000000000117c                serial_line_process
 .data.buframmem
                0x0000000000001188        0x8 contiki-z1.a(queuebuf.o)
 .data.bufmem   0x0000000000001190        0x8 contiki-z1.a(queuebuf.o)
 .data.nbr_phase_struct
                0x0000000000001198        0xa contiki-z1.a(phase.o)
 .data.queued_packets_memb
                0x00000000000011a2        0x8 contiki-z1.a(phase.o)
 .data.prescale_lsb
                0x00000000000011aa        0x1 contiki-z1.a(i2cmaster.o)
                0x00000000000011aa                prescale_lsb
 *fill*         0x00000000000011ab        0x1 00
 .data.neighbor_addr_mem
                0x00000000000011ac        0x8 contiki-z1.a(nbr-table.o)
 .data.next     0x00000000000011b4        0x4 /usr/local/msp430/lib/gcc/msp430/4.7.0/../../../../msp430/lib/mcpu-430x/mmpy-16/msr20/mc20/libc.a(rand.o)
 *(.near.data .near.data.*)
                0x00000000000011b8                . = ALIGN (0x2)
                0x00000000000011b8                _edata = .
                0x0000000000008564                __data_load_start = LOADADDR (.data)
                0x00000000000000b8                __data_size = SIZEOF (.data)

.bss            0x00000000000011b8      0xcc2 load address 0x000000000000861c
                0x00000000000011b8                __bss_start = .
 *(.bss .bss.*)
 .bss.if_timer  0x00000000000011b8       0x16 interferer.co
 .bss.stats_timer.3714
                0x00000000000011ce        0xc interferer.co
 .bss.idle_time
                0x00000000000011da        0x4 interferer.co
 .bss.interference_time
                0x00000000000011de        0x4 interferer.co
 .bss.generate_interference.3707
                0x00000000000011e2        0x1 interferer.co
 *fill*         0x00000000000011e3        0x1 00
 .bss.cycle_start
                0x00000000000011e4        0x2 obj_z1/contikimac.o
 .bss.radio_is_on
                0x00000000000011e6        0x1 obj_z1/contikimac.o
 .bss.we_are_sending
                0x00000000000011e7        0x1 obj_z1/contikimac.o
 .bss.contikimac_keep_radio_on
                0x00000000000011e8        0x1 obj_z1/contikimac.o
 .bss.contikimac_is_on
                0x00000000000011e9        0x1 obj_z1/contikimac.o
 .bss.rt        0x00000000000011ea        0x8 obj_z1/contikimac.o
 .bss.pt        0x00000000000011f2        0x2 obj_z1/contikimac.o
 .bss.packet_seen.3669
                0x00000000000011f4        0x1 obj_z1/contikimac.o
 .bss.count.3671
                0x00000000000011f5        0x1 obj_z1/contikimac.o
 .bss.t0.3670   0x00000000000011f6        0x2 obj_z1/contikimac.o
 .bss.we_are_receiving_burst
                0x00000000000011f8        0x2 obj_z1/contikimac.o
 .bss.start.3676
                0x00000000000011fa        0x2 obj_z1/contikimac.o
 .bss.silence_periods.3677
                0x00000000000011fc        0x1 obj_z1/contikimac.o
 .bss.periods.3678
                0x00000000000011fd        0x1 obj_z1/contikimac.o
 .bss.ct.3755   0x00000000000011fe       0x16 obj_z1/contikimac.o
 .bss.current_packet
                0x0000000000001214        0x8 obj_z1/contikimac.o
 .bss.initialized.2911
                0x000000000000121c        0x1 obj_z1/csma.o
 *fill*         0x000000000000121d        0x1 00
 .bss.seqno.2912
                0x000000000000121e        0x2 obj_z1/csma.o
 .bss.neighbor_list_list
                0x0000000000001220        0x2 obj_z1/csma.o
 .bss.neighbor_memb_memb_count
                0x0000000000001222        0x2 obj_z1/csma.o
 .bss.neighbor_memb_memb_mem
                0x0000000000001224       0x44 obj_z1/csma.o
 .bss.packet_memb_memb_count
                0x0000000000001268        0x8 obj_z1/csma.o
 .bss.packet_memb_memb_mem
                0x0000000000001270       0x30 obj_z1/csma.o
 .bss.metadata_memb_memb_count
                0x00000000000012a0        0x8 obj_z1/csma.o
 .bss.metadata_memb_memb_mem
                0x00000000000012a8       0x40 obj_z1/csma.o
 .bss.last_packet_timestamp
                0x00000000000012e8        0x2 obj_z1/cc2420.o
 .bss.receive_on
                0x00000000000012ea        0x1 obj_z1/cc2420.o
 .bss.locked    0x00000000000012eb        0x1 obj_z1/cc2420.o
 .bss.lock_off  0x00000000000012ec        0x1 obj_z1/cc2420.o
 .bss.lock_on   0x00000000000012ed        0x1 obj_z1/cc2420.o
 .bss.channel   0x00000000000012ee        0x2 obj_z1/cc2420.o
 .bss.irq_energest.3928
                0x00000000000012f0        0x4 obj_z1/contiki-z1-main.o
 .bss.leds      0x00000000000012f4        0x1 contiki-z1.a(leds.o)
 *fill*         0x00000000000012f5        0x1 00
 .bss.counter   0x00000000000012f6        0x2 contiki-z1.a(watchdog.o)
 .bss.node_id   0x00000000000012f8        0x2 contiki-z1.a(node-id.o)
                0x00000000000012f8                node_id
 .bss.num_sensors
                0x00000000000012fa        0x1 contiki-z1.a(sensors.o)
 *fill*         0x00000000000012fb        0x1 00
 .bss.i.2109    0x00000000000012fc        0x2 contiki-z1.a(sensors.o)
 .bss.events.2110
                0x00000000000012fe        0x2 contiki-z1.a(sensors.o)
 .bss.debouncetimer
                0x0000000000001300        0x8 contiki-z1.a(button-sensor.o)
 .bss.transmitting
                0x0000000000001308        0x1 contiki-z1.a(uart0.o)
 *fill*         0x0000000000001309        0x1 00
 .bss.uart0_input_handler
                0x000000000000130a        0x4 contiki-z1.a(uart0.o)
 .bss.int1_mask
                0x000000000000130e        0x2 contiki-z1.a(adxl345.o)
 .bss.int2_mask
                0x0000000000001310        0x2 contiki-z1.a(adxl345.o)
 .bss._ADXL345_STATUS
                0x0000000000001312        0x2 contiki-z1.a(adxl345.o)
 .bss.suppressTimer1
                0x0000000000001314        0x8 contiki-z1.a(adxl345.o)
 .bss.suppressTimer2
                0x000000000000131c        0x8 contiki-z1.a(adxl345.o)
 .bss.last_tar  0x0000000000001324        0x2 contiki-z1.a(clock.o)
 .bss.count     0x0000000000001326        0x4 contiki-z1.a(clock.o)
 .bss.seconds   0x000000000000132a        0x4 contiki-z1.a(clock.o)
 .bss.initialized
                0x000000000000132e        0x1 contiki-z1.a(ctimer.o)
 *fill*         0x000000000000132f        0x1 00
 .bss.ctimer_list_list
                0x0000000000001330        0x2 contiki-z1.a(ctimer.o)
 .bss.timerlist
                0x0000000000001332        0x2 contiki-z1.a(etimer.o)
 .bss.next_expiration
                0x0000000000001334        0x4 contiki-z1.a(etimer.o)
 .bss.last_listen.2569
                0x0000000000001338        0x4 contiki-z1.a(compower.o)
 .bss.last_transmit.2570
                0x000000000000133c        0x4 contiki-z1.a(compower.o)
 .bss.poll_requested
                0x0000000000001340        0x1 contiki-z1.a(process.o)
 *fill*         0x0000000000001341        0x1 00
 .bss.process_current
                0x0000000000001342        0x2 contiki-z1.a(process.o)
                0x0000000000001342                process_current
 .bss.process_list
                0x0000000000001344        0x2 contiki-z1.a(process.o)
                0x0000000000001344                process_list
 .bss.lastevent
                0x0000000000001346        0x1 contiki-z1.a(process.o)
 .bss.fevent    0x0000000000001347        0x1 contiki-z1.a(process.o)
 .bss.nevents   0x0000000000001348        0x1 contiki-z1.a(process.o)
 *fill*         0x0000000000001349        0x1 00
 .bss.events    0x000000000000134a       0x30 contiki-z1.a(process.o)
 .bss.ev.1888   0x000000000000137a        0x1 contiki-z1.a(process.o)
 *fill*         0x000000000000137b        0x1 00
 .bss.data.1889
                0x000000000000137c        0x2 contiki-z1.a(process.o)
 .bss.receiver.1890
                0x000000000000137e        0x2 contiki-z1.a(process.o)
 .bss.p.1891    0x0000000000001380        0x2 contiki-z1.a(process.o)
 .bss.snum.1906
                0x0000000000001382        0x1 contiki-z1.a(process.o)
 *fill*         0x0000000000001383        0x1 00
 .bss.next_rtimer
                0x0000000000001384        0x2 contiki-z1.a(rtimer.o)
 .bss.overflow.2087
                0x0000000000001386        0x1 contiki-z1.a(serial-line.o)
 *fill*         0x0000000000001387        0x1 00
 .bss.rxbuf     0x0000000000001388        0x6 contiki-z1.a(serial-line.o)
 .bss.ptr.2094  0x000000000000138e        0x2 contiki-z1.a(serial-line.o)
 .bss.buf.2093  0x0000000000001390       0x80 contiki-z1.a(serial-line.o)
 .bss.rxbuf_data
                0x0000000000001410       0x80 contiki-z1.a(serial-line.o)
 .bss.sniffers_list
                0x0000000000001490        0x2 contiki-z1.a(rime.o)
 .bss.c         0x0000000000001492       0x4a contiki-z1.a(broadcast-annou)
 .bss.channel_list_list
                0x00000000000014dc        0x2 contiki-z1.a(channel.o)
 .bss.announcements_list
                0x00000000000014de        0x2 contiki-z1.a(announcement.o)
 .bss.observer_callback
                0x00000000000014e0        0x4 contiki-z1.a(announcement.o)
 .bss.buframmem_memb_count
                0x00000000000014e4        0x8 contiki-z1.a(queuebuf.o)
 .bss.buframmem_memb_mem
                0x00000000000014ec      0x5f0 contiki-z1.a(queuebuf.o)
 .bss.bufmem_memb_count
                0x0000000000001adc        0x8 contiki-z1.a(queuebuf.o)
 .bss.bufmem_memb_mem
                0x0000000000001ae4       0x10 contiki-z1.a(queuebuf.o)
 .bss.bufptr    0x0000000000001af4        0x2 contiki-z1.a(packetbuf.o)
 .bss.buflen    0x0000000000001af6        0x2 contiki-z1.a(packetbuf.o)
 .bss.hdrptr    0x0000000000001af8        0x1 contiki-z1.a(packetbuf.o)
 *fill*         0x0000000000001af9        0x1 00
 .bss.packetbufptr
                0x0000000000001afa        0x2 contiki-z1.a(packetbuf.o)
 .bss.packetbuf_aligned
                0x0000000000001afc       0xb0 contiki-z1.a(packetbuf.o)
 .bss.received_seqnos
                0x0000000000001bac       0x40 contiki-z1.a(mac-sequence.o)
 .bss.initialized
                0x0000000000001bec        0x1 contiki-z1.a(framer-802154.o)
 .bss.mac_dsn   0x0000000000001bed        0x1 contiki-z1.a(framer-802154.o)
 .bss._nbr_phase_mem
                0x0000000000001bee       0x60 contiki-z1.a(phase.o)
 .bss.queued_packets_memb_memb_count
                0x0000000000001c4e        0x8 contiki-z1.a(phase.o)
 .bss.queued_packets_memb_memb_mem
                0x0000000000001c56      0x100 contiki-z1.a(phase.o)
 .bss.tx_byte_tot
                0x0000000000001d56        0x1 contiki-z1.a(i2cmaster.o)
 .bss.rx_byte_tot
                0x0000000000001d57        0x1 contiki-z1.a(i2cmaster.o)
 .bss.prescale_msb
                0x0000000000001d58        0x1 contiki-z1.a(i2cmaster.o)
                0x0000000000001d58                prescale_msb
 *fill*         0x0000000000001d59        0x1 00
 .bss.num_tables
                0x0000000000001d5a        0x2 contiki-z1.a(nbr-table.o)
 .bss.all_tables
                0x0000000000001d5c       0x10 contiki-z1.a(nbr-table.o)
 .bss.used_map  0x0000000000001d6c        0x8 contiki-z1.a(nbr-table.o)
 .bss.nbr_table_keys_list
                0x0000000000001d74        0x2 contiki-z1.a(nbr-table.o)
 .bss.locked_map
                0x0000000000001d76        0x8 contiki-z1.a(nbr-table.o)
 .bss.neighbor_addr_mem_memb_count
                0x0000000000001d7e        0x8 contiki-z1.a(nbr-table.o)
 .bss.neighbor_addr_mem_memb_mem
                0x0000000000001d86       0x20 contiki-z1.a(nbr-table.o)
 *(.near.bss .near.bss.*)
 *(COMMON)
 COMMON         0x0000000000001da6       0x10 obj_z1/cc2420.o
                0x0000000000001da6                cc2420_last_rssi
                0x0000000000001da8                cc2420_sfd_start_time
                0x0000000000001daa                cc2420_time_of_departure
                0x0000000000001dac                cc2420_time_of_arrival
                0x0000000000001dae                cc2420_last_correlation
                0x0000000000001db0                cc2420_authority_level_of_sender
                0x0000000000001db2                cc2420_sfd_counter
                0x0000000000001db4                cc2420_sfd_end_time
 COMMON         0x0000000000001db6        0x2 obj_z1/contiki-z1-main.o
                0x0000000000001db6                sensors_flags
 COMMON         0x0000000000001db8        0x8 contiki-z1.a(node-id.o)
                0x0000000000001db8                node_mac
 COMMON         0x0000000000001dc0        0x1 contiki-z1.a(sensors.o)
                0x0000000000001dc0                sensors_event
 *fill*         0x0000000000001dc1        0x1 00
 COMMON         0x0000000000001dc2        0xb contiki-z1.a(adxl345.o)
                0x0000000000001dc2                accm_int2_cb
                0x0000000000001dc6                int2_event
                0x0000000000001dc8                accm_int1_cb
                0x0000000000001dcc                int1_event
 *fill*         0x0000000000001dcd        0x1 00
 COMMON         0x0000000000001dce       0x56 contiki-z1.a(energest.o)
                0x0000000000001dce                energest_total_time
                0x0000000000001dfe                energest_total_count
                0x0000000000001e00                energest_current_mode
                0x0000000000001e0c                energest_current_time
 COMMON         0x0000000000001e24        0x8 contiki-z1.a(compower.o)
                0x0000000000001e24                compower_idle_activity
 COMMON         0x0000000000001e2c        0x1 contiki-z1.a(process.o)
                0x0000000000001e2c                process_maxevents
 COMMON         0x0000000000001e2d        0x1 contiki-z1.a(serial-line.o)
                0x0000000000001e2d                serial_line_event_message
 COMMON         0x0000000000001e2e       0x3c contiki-z1.a(packetbuf.o)
                0x0000000000001e2e                packetbuf_addrs
                0x0000000000001e36                packetbuf_attrs
 COMMON         0x0000000000001e6a        0x2 contiki-z1.a(linkaddr.o)
                0x0000000000001e6a                linkaddr_node_addr
 COMMON         0x0000000000001e6c        0xe contiki-z1.a(i2cmaster.o)
                0x0000000000001e6c                transmit_data1
                0x0000000000001e6d                rx_byte_ctr
                0x0000000000001e6e                tx_buf_ptr
                0x0000000000001e70                tx_byte_ctr
                0x0000000000001e72                i
                0x0000000000001e74                receive_data
                0x0000000000001e75                rx_buf
                0x0000000000001e77                transmit_data2
                0x0000000000001e78                rx_buf_ptr
                0x0000000000001e7a                . = ALIGN (0x2)
                0x0000000000001e7a                __bss_end = .
                0x0000000000000cc2                __bss_size = SIZEOF (.bss)

.noinit         0x0000000000001e7a        0x2 load address 0x000000000000861c
                0x0000000000001e7a                . = ALIGN (0x2)
                0x0000000000001e7a                __noinit_start = .
 *(.noinit .noinit.*)
 .noinit.crt0   0x0000000000001e7a        0x2 /usr/local/msp430/lib/gcc/msp430/4.7.0/mcpu-430x/mmpy-16/msr20/mc20/libcrt0.a(__watchdog_support.o)
                0x0000000000001e7a                __wdt_clear_value
                0x0000000000001e7c                . = ALIGN (0x2)
                0x0000000000001e7c                __noinit_end = .
                0x0000000000001e7c                . = ALIGN (0x2)
                0x0000000000001e7c                _end = .

.infomem        0x0000000000001000        0x0
                0x0000000000001000                . = ALIGN (0x2)
 *(.infomem .infomem.*)

.infomemnobits  0x0000000000001000        0x0
                0x0000000000001000                . = ALIGN (0x2)
 *(.infomemnobits .infomemnobits.*)

.infoa          0x00000000000010c0        0x0
                0x00000000000010c0                . = ALIGN (0x2)
 *(.infoa .infoa.*)

.infob          0x0000000000001080        0x0
                0x0000000000001080                . = ALIGN (0x2)
 *(.infob .infob.*)

.infoc          0x0000000000001040        0x0
                0x0000000000001040                . = ALIGN (0x2)
 *(.infoc .infoc.*)

.infod          0x0000000000001000        0x0
                0x0000000000001000                . = ALIGN (0x2)
 *(.infod .infod.*)
                0x000000000000ffff                PROVIDE (__vte_0, 0xffff)
                0x000000000000ffff                PROVIDE (__vte_1, 0xffff)
                0x000000000000ffff                PROVIDE (__vte_2, 0xffff)
                0x000000000000ffff                PROVIDE (__vte_3, 0xffff)
                0x000000000000ffff                PROVIDE (__vte_4, 0xffff)
                0x000000000000ffff                PROVIDE (__vte_5, 0xffff)
                0x000000000000ffff                PROVIDE (__vte_6, 0xffff)
                0x000000000000ffff                PROVIDE (__vte_7, 0xffff)
                0x000000000000ffff                PROVIDE (__vte_8, 0xffff)
                0x000000000000ffff                PROVIDE (__vte_9, 0xffff)
                0x000000000000ffff                PROVIDE (__vte_10, 0xffff)
                0x000000000000ffff                PROVIDE (__vte_11, 0xffff)
                0x000000000000ffff                PROVIDE (__vte_12, 0xffff)
                0x000000000000ffff                PROVIDE (__vte_13, 0xffff)
                0x000000000000ffff                PROVIDE (__vte_14, 0xffff)
                0x000000000000ffff                PROVIDE (__vte_15, 0xffff)
                0x000000000000ffff                PROVIDE (__vte_16, 0xffff)
                0x000000000000ffff                PROVIDE (__vte_17, 0xffff)
                0x000000000000ffff                PROVIDE (__vte_18, 0xffff)
                0x000000000000ffff                PROVIDE (__vte_19, 0xffff)
                0x000000000000ffff                PROVIDE (__vte_20, 0xffff)
                0x000000000000ffff                PROVIDE (__vte_21, 0xffff)
                0x000000000000ffff                PROVIDE (__vte_22, 0xffff)
                0x000000000000ffff                PROVIDE (__vte_23, 0xffff)
                0x000000000000ffff                PROVIDE (__vte_24, 0xffff)
                0x000000000000ffff                PROVIDE (__vte_25, 0xffff)
                0x000000000000ffff                PROVIDE (__vte_26, 0xffff)
                0x000000000000ffff                PROVIDE (__vte_27, 0xffff)
                0x000000000000ffff                PROVIDE (__vte_28, 0xffff)
                0x000000000000ffff                PROVIDE (__vte_29, 0xffff)
                0x000000000000ffff                PROVIDE (__vte_30, 0xffff)
                0x000000000000ffff                PROVIDE (__vte_31, 0xffff)

.vectors        0x000000000000ffc0       0x40
                0x000000000000ffc0                __vectors_start = .
 *(.vectors*)
 .vectors       0x000000000000ffc0       0x40 /usr/local/msp430/lib/gcc/msp430/4.7.0/mcpu-430x/mmpy-16/msr20/mc20/crt0ivtbl32.o
                0x000000000000ffc0                __ivtbl_32
                0x0000000000010000                _vectors_end = .

.fartext        0x0000000000010000        0x0
                0x0000000000010000                . = ALIGN (0x2)
 *(.fartext .fartext.*)

.far.text       0x0000000000010000        0x0
                0x0000000000010000                . = ALIGN (0x2)
 *(.far.text .far.text.*)

.far.rodata     0x0000000000010000        0x0
                0x0000000000010000                . = ALIGN (0x2)
 *(.far.rodata .far.rodata.*)
                0x0000000000010000                . = ALIGN (0x2)
                0x0000000000010000                _efartext = .

.far.data       0x0000000000000000        0x0 load address 0x0000000000010000
                0x0000000000000000                . = ALIGN (0x2)
                0x0000000000000000                __far_data_start = .
 *(.far.data .far.data.*)
                0x0000000000000000                . = ALIGN (0x2)
                0x0000000000000000                _efardata = .
                0x0000000000010000                __far_data_load_start = LOADADDR (.far.data)
                0x0000000000000000                __far_data_size = SIZEOF (.far.data)

.far.bss        0x0000000000000000        0x0 load address 0x0000000000010000
                0x0000000000000000                . = ALIGN (0x2)
                0x0000000000000000                __far_bss_start = .
 *(.far.bss .far.bss.*)
                0x0000000000000000                . = ALIGN (0x2)
                0x0000000000000000                __far_bss_end = .
                0x0000000000000000                __far_bss_size = SIZEOF (.far.bss)
                0x0000000000000000                . = ALIGN (0x2)
                0x0000000000000000                _far_end = .

.profiler
 *(.profiler)

.stab
 *(.stab)

.stabstr
 *(.stabstr)

.stab.excl
 *(.stab.excl)

.stab.exclstr
 *(.stab.exclstr)

.stab.index
 *(.stab.index)

.stab.indexstr
 *(.stab.indexstr)

.comment        0x0000000000000000       0x30
 *(.comment)
 .comment       0x0000000000000000       0x30 interferer.co
                                         0x31 (size before relaxing)
 .comment       0x0000000000000000       0x31 obj_z1/contikimac.o
 .comment       0x0000000000000000       0x31 obj_z1/csma.o
 .comment       0x0000000000000000       0x31 obj_z1/cc2420.o
 .comment       0x0000000000000000       0x31 obj_z1/contiki-z1-main.o
 .comment       0x0000000000000000       0x31 contiki-z1.a(contiki-z1-plat)
 .comment       0x0000000000000000       0x31 contiki-z1.a(msp430.o)
 .comment       0x0000000000000000       0x31 contiki-z1.a(leds.o)
 .comment       0x0000000000000000       0x31 contiki-z1.a(watchdog.o)
 .comment       0x0000000000000000       0x31 contiki-z1.a(xmem.o)
 .comment       0x0000000000000000       0x31 contiki-z1.a(spi.o)
 .comment       0x0000000000000000       0x31 contiki-z1.a(cc2420-arch.o)
 .comment       0x0000000000000000       0x31 contiki-z1.a(node-id.o)
 .comment       0x0000000000000000       0x31 contiki-z1.a(sensors.o)
 .comment       0x0000000000000000       0x31 contiki-z1.a(button-sensor.o)
 .comment       0x0000000000000000       0x31 contiki-z1.a(uart0.o)
 .comment       0x0000000000000000       0x31 contiki-z1.a(uart0-putchar.o)
 .comment       0x0000000000000000       0x31 contiki-z1.a(adxl345.o)
 .comment       0x0000000000000000       0x31 contiki-z1.a(clock.o)
 .comment       0x0000000000000000       0x31 contiki-z1.a(leds-arch.o)
 .comment       0x0000000000000000       0x31 contiki-z1.a(rtimer-arch.o)
 .comment       0x0000000000000000       0x31 contiki-z1.a(autostart.o)
 .comment       0x0000000000000000       0x31 contiki-z1.a(ctimer.o)
 .comment       0x0000000000000000       0x31 contiki-z1.a(energest.o)
 .comment       0x0000000000000000       0x31 contiki-z1.a(etimer.o)
 .comment       0x0000000000000000       0x31 contiki-z1.a(compower.o)
 .comment       0x0000000000000000       0x31 contiki-z1.a(process.o)
 .comment       0x0000000000000000       0x31 contiki-z1.a(rtimer.o)
 .comment       0x0000000000000000       0x31 contiki-z1.a(timer.o)
 .comment       0x0000000000000000       0x31 contiki-z1.a(serial-line.o)
 .comment       0x0000000000000000       0x31 contiki-z1.a(list.o)
 .comment       0x0000000000000000       0x31 contiki-z1.a(memb.o)
 .comment       0x0000000000000000       0x31 contiki-z1.a(random.o)
 .comment       0x0000000000000000       0x31 contiki-z1.a(ringbuf.o)
 .comment       0x0000000000000000       0x31 contiki-z1.a(rime.o)
 .comment       0x0000000000000000       0x31 contiki-z1.a(broadcast-annou)
 .comment       0x0000000000000000       0x31 contiki-z1.a(broadcast.o)
 .comment       0x0000000000000000       0x31 contiki-z1.a(chameleon.o)
 .comment       0x0000000000000000       0x31 contiki-z1.a(channel.o)
 .comment       0x0000000000000000       0x31 contiki-z1.a(abc.o)
 .comment       0x0000000000000000       0x31 contiki-z1.a(announcement.o)
 .comment       0x0000000000000000       0x31 contiki-z1.a(queuebuf.o)
 .comment       0x0000000000000000       0x31 contiki-z1.a(packetbuf.o)
 .comment       0x0000000000000000       0x31 contiki-z1.a(linkaddr.o)
 .comment       0x0000000000000000       0x31 contiki-z1.a(mac-sequence.o)
 .comment       0x0000000000000000       0x31 contiki-z1.a(framer-802154.o)
 .comment       0x0000000000000000       0x31 contiki-z1.a(frame802154.o)
 .comment       0x0000000000000000       0x31 contiki-z1.a(mac.o)
 .comment       0x0000000000000000       0x31 contiki-z1.a(phase.o)
 .comment       0x0000000000000000       0x31 contiki-z1.a(framer.o)
 .comment       0x0000000000000000       0x31 contiki-z1.a(nullsec.o)
 .comment       0x0000000000000000       0x31 contiki-z1.a(i2cmaster.o)
 .comment       0x0000000000000000       0x31 contiki-z1.a(chameleon-bitop)
 .comment       0x0000000000000000       0x31 contiki-z1.a(nbr-table.o)
 .comment       0x0000000000000000       0x31 /usr/local/msp430/lib/gcc/msp430/4.7.0/../../../../msp430/lib/mcpu-430x/mmpy-16/msr20/mc20/libc.a(printf.o)
 .comment       0x0000000000000000       0x31 /usr/local/msp430/lib/gcc/msp430/4.7.0/../../../../msp430/lib/mcpu-430x/mmpy-16/msr20/mc20/libc.a(vuprintf.o)
 .comment       0x0000000000000000       0x31 /usr/local/msp430/lib/gcc/msp430/4.7.0/../../../../msp430/lib/mcpu-430x/mmpy-16/msr20/mc20/libc.a(puts.o)