Archive member included because of file (symbol)

contiki-sky.a(contiki-sky-pla)
                              obj_sky/contiki-sky-main.o (init_platform)
contiki-sky.a(button-sensor.o)
                              contiki-sky.a(contiki-sky-pla) (button_sensor)
contiki-sky.a(ds2411.o)       obj_sky/contiki-sky-main.o (ds2411_init)
contiki-sky.a(xmem.o)         obj_sky/contiki-sky-main.o (xmem_init)
contiki-sky.a(node-id.o)      obj_sky/contiki-sky-main.o (node_id_restore)
contiki-sky.a(sensors.o)      contiki-sky.a(button-sensor.o) (sensors_changed)
contiki-sky.a(cc2420-arch.o)  obj_sky/cc2420.o (cc2420_arch_init)
contiki-sky.a(uart1.o)        obj_sky/contiki-sky-main.o (uart1_active)
contiki-sky.a(uart1-putchar.o)
                              obj_sky/contiki-sky-main.o (putchar)
contiki-sky.a(msp430.o)       contiki-sky.a(uart1.o) (msp430_add_lpm_req)
contiki-sky.a(clock.o)        obj_sky/contiki-sky-main.o (clock_init)
contiki-sky.a(leds.o)         obj_sky/contiki-sky-main.o (leds_init)
contiki-sky.a(leds-arch.o)    contiki-sky.a(leds.o) (leds_arch_init)
contiki-sky.a(watchdog.o)     obj_sky/contiki-sky-main.o (watchdog_start)
contiki-sky.a(rtimer-arch.o)  obj_sky/contikimac.o (rtimer_arch_now)
contiki-sky.a(autostart.o)    obj_sky/contiki-sky-main.o (autostart_start)
contiki-sky.a(ctimer.o)       obj_sky/contiki-sky-main.o (ctimer_init)
contiki-sky.a(energest.o)     obj_sky/contiki-sky-main.o (energest_init)
contiki-sky.a(etimer.o)       contiki-sky.a(clock.o) (etimer_request_poll)
contiki-sky.a(compower.o)     obj_sky/contikimac.o (compower_idle_activity)
contiki-sky.a(process.o)      contiki-sky.a(ctimer.o) (process_current)
contiki-sky.a(rtimer.o)       obj_sky/contiki-sky-main.o (rtimer_init)
contiki-sky.a(timer.o)        obj_sky/contiki-sky-main.o (timer_set)
contiki-sky.a(serial-line.o)  obj_sky/contiki-sky-main.o (serial_line_input_byte)
contiki-sky.a(list.o)         obj_sky/csma.o (list_init)
contiki-sky.a(memb.o)         obj_sky/csma.o (memb_init)
contiki-sky.a(random.o)       obj_sky/contiki-sky-main.o (random_init)
contiki-sky.a(ringbuf.o)      contiki-sky.a(serial-line.o) (ringbuf_init)
contiki-sky.a(rime.o)         obj_sky/contiki-sky-main.o (rime_driver)
contiki-sky.a(broadcast-annou)
                              contiki-sky.a(rime.o) (broadcast_announcement_init)
contiki-sky.a(broadcast.o)    contiki-sky.a(broadcast-annou) (broadcast_open)
contiki-sky.a(chameleon.o)    contiki-sky.a(rime.o) (chameleon_init)
contiki-sky.a(channel.o)      contiki-sky.a(chameleon.o) (channel_init)
contiki-sky.a(unicast.o)      net-test.co (unicast_open)
contiki-sky.a(abc.o)          contiki-sky.a(broadcast.o) (abc_open)
contiki-sky.a(announcement.o)
                              contiki-sky.a(rime.o) (announcement_init)
contiki-sky.a(mac-sequence.o)
                              obj_sky/contikimac.o (mac_sequence_is_duplicate)
contiki-sky.a(framer-802154.o)
                              obj_sky/contikimac.o (framer_802154)
contiki-sky.a(frame802154.o)  contiki-sky.a(framer-802154.o) (frame802154_hdrlen)
contiki-sky.a(mac.o)          obj_sky/contikimac.o (mac_call_sent_callback)
contiki-sky.a(phase.o)        obj_sky/contikimac.o (phase_update)
contiki-sky.a(framer.o)       contiki-sky.a(framer-802154.o) (framer_canonical_create_and_secure)
contiki-sky.a(queuebuf.o)     contiki-sky.a(rime.o) (queuebuf_init)
contiki-sky.a(nbr-table.o)    contiki-sky.a(phase.o) (nbr_table_register)
contiki-sky.a(packetbuf.o)    obj_sky/contikimac.o (packetbuf_compact)
contiki-sky.a(linkaddr.o)     obj_sky/contikimac.o (linkaddr_copy)
contiki-sky.a(nullsec.o)      obj_sky/csma.o (nullsec_driver)
contiki-sky.a(spi.o)          contiki-sky.a(xmem.o) (spi_init)
contiki-sky.a(chameleon-bitop)
                              contiki-sky.a(chameleon.o) (chameleon_bitopt)
/usr/local/msp430/lib/gcc/msp430/4.7.0/mmpy-16/libgcc.a(_mulsi3.o)
                              obj_sky/csma.o (__mulsi3)
/usr/local/msp430/lib/gcc/msp430/4.7.0/mmpy-16/libgcc.a(_udivmod16.o)
                              contiki-sky.a(phase.o) (__umodhi3)
/usr/local/msp430/lib/gcc/msp430/4.7.0/mmpy-16/libgcc.a(_divmod16.o)
                              contiki-sky.a(nbr-table.o) (__divhi3)
/usr/local/msp430/lib/gcc/msp430/4.7.0/mmpy-16/libgcc.a(_udivmod32.o)
                              obj_sky/contiki-sky-main.o (__udivsi3)
/usr/local/msp430/lib/gcc/msp430/4.7.0/../../../../msp430/lib/mmpy-16/libc.a(printf.o)
                              obj_sky/contikimac.o (printf)
/usr/local/msp430/lib/gcc/msp430/4.7.0/../../../../msp430/lib/mmpy-16/libc.a(sprintf.o)
                              net-test.co (snprintf)
/usr/local/msp430/lib/gcc/msp430/4.7.0/../../../../msp430/lib/mmpy-16/libc.a(vuprintf.o)
                              /usr/local/msp430/lib/gcc/msp430/4.7.0/../../../../msp430/lib/mmpy-16/libc.a(printf.o) (vuprintf)
/usr/local/msp430/lib/gcc/msp430/4.7.0/../../../../msp430/lib/mmpy-16/libc.a(puts.o)
                              obj_sky/contiki-sky-main.o (puts)
[...]
Memory Configuration

Name             Origin             Length             Attributes
sfr              0x0000000000000000 0x0000000000000010
peripheral_8bit  0x0000000000000010 0x00000000000000f0
peripheral_16bit 0x0000000000000100 0x0000000000000100
ram_mirror       0x0000000000000200 0x0000000000000800 xw
infomem          0x0000000000001000 0x0000000000000100
infob            0x0000000000001000 0x0000000000000080
infoa            0x0000000000001080 0x0000000000000080
ram              0x0000000000001100 0x0000000000002800 xw
rom              0x0000000000004000 0x000000000000bfe0 xr
vectors          0x000000000000ffe0 0x0000000000000020
bsl              0x0000000000000000 0x0000000000000000
infoc            0x0000000000000000 0x0000000000000000
infod            0x0000000000000000 0x0000000000000000
ram2             0x0000000000000000 0x0000000000000000 xw
signature        0x0000000000000000 0x0000000000000000
usbram           0x0000000000000000 0x0000000000000000 xw
far_rom          0x0000000000000000 0x0000000000000000
*default*        0x0000000000000000 0xffffffffffffffff

Linker script and memory map

LOAD /usr/local/msp430/lib/gcc/msp430/4.7.0/mmpy-16/crt0ivtbl16.o
LOAD net-test.co
LOAD obj_sky/contikimac.o
LOAD obj_sky/csma.o
LOAD obj_sky/cooja-debug.o
LOAD obj_sky/cc2420.o
LOAD obj_sky/contiki-sky-main.o
LOAD contiki-sky.a
LOAD /usr/local/msp430/lib/gcc/msp430/4.7.0/mmpy-16/libgcc.a
LOAD /usr/local/msp430/lib/gcc/msp430/4.7.0/../../../../msp430/lib/mmpy-16/libc.a
LOAD /usr/local/msp430/lib/gcc/msp430/4.7.0/mmpy-16/libgcc.a
LOAD /usr/local/msp430/lib/gcc/msp430/4.7.0/mmpy-16/libcrt0.a
                0x0000000000000080                PROVIDE (__info_segment_size, 0x80)
                0x0000000000001000                PROVIDE (__infob, 0x1000)
                0x0000000000001080                PROVIDE (__infoa, 0x1080)
                0x0000000000000000                __IE1 = 0x0
                0x0000000000000002                __IFG1 = 0x2
                0x0000000000000004                __ME1 = 0x4
                0x0000000000000001                __IE2 = 0x1
                0x0000000000000003                __IFG2 = 0x3
                0x0000000000000005                __ME2 = 0x5
                0x0000000000000120                __WDTCTL = 0x120
                0x0000000000000130                __MPY = 0x130
                0x0000000000000132                __MPYS = 0x132
                0x0000000000000134                __MAC = 0x134
                0x0000000000000136                __MACS = 0x136
                0x0000000000000138                __OP2 = 0x138
                0x000000000000013a                __RESLO = 0x13a
                0x000000000000013c                __RESHI = 0x13c
                0x000000000000013e                __SUMEXT = 0x13e
                0x0000000000000020                __P1IN = 0x20
                0x0000000000000021                __P1OUT = 0x21
                0x0000000000000022                __P1DIR = 0x22
                0x0000000000000023                __P1IFG = 0x23
                0x0000000000000024                __P1IES = 0x24
                0x0000000000000025                __P1IE = 0x25
                0x0000000000000026                __P1SEL = 0x26
                0x0000000000000028                __P2IN = 0x28
                0x0000000000000029                __P2OUT = 0x29
                0x000000000000002a                __P2DIR = 0x2a
                0x000000000000002b                __P2IFG = 0x2b
                0x000000000000002c                __P2IES = 0x2c
                0x000000000000002d                __P2IE = 0x2d
                0x000000000000002e                __P2SEL = 0x2e
                0x0000000000000018                __P3IN = 0x18
                0x0000000000000019                __P3OUT = 0x19
                0x000000000000001a                __P3DIR = 0x1a
                0x000000000000001b                __P3SEL = 0x1b
                0x000000000000001c                __P4IN = 0x1c
                0x000000000000001d                __P4OUT = 0x1d
                0x000000000000001e                __P4DIR = 0x1e
                0x000000000000001f                __P4SEL = 0x1f
                0x0000000000000030                __P5IN = 0x30
                0x0000000000000031                __P5OUT = 0x31
                0x0000000000000032                __P5DIR = 0x32
                0x0000000000000033                __P5SEL = 0x33
                0x0000000000000034                __P6IN = 0x34
                0x0000000000000035                __P6OUT = 0x35
                0x0000000000000036                __P6DIR = 0x36
                0x0000000000000037                __P6SEL = 0x37
                0x0000000000000070                __U0CTL = 0x70
                0x0000000000000071                __U0TCTL = 0x71
                0x0000000000000072                __U0RCTL = 0x72
                0x0000000000000073                __U0MCTL = 0x73
                0x0000000000000074                __U0BR0 = 0x74
                0x0000000000000075                __U0BR1 = 0x75
                0x0000000000000076                __U0RXBUF = 0x76
                0x0000000000000077                __U0TXBUF = 0x77
                0x0000000000000078                __U1CTL = 0x78
                0x0000000000000079                __U1TCTL = 0x79
                0x000000000000007a                __U1RCTL = 0x7a
                0x000000000000007b                __U1MCTL = 0x7b
                0x000000000000007c                __U1BR0 = 0x7c
                0x000000000000007d                __U1BR1 = 0x7d
                0x000000000000007e                __U1RXBUF = 0x7e
                0x000000000000007f                __U1TXBUF = 0x7f
                0x0000000000000050                __I2CIE = 0x50
                0x0000000000000051                __I2CIFG = 0x51
                0x0000000000000052                __I2CNDAT = 0x52
                0x0000000000000071                __I2CTCTL = 0x71
                0x0000000000000072                __I2CDCTL = 0x72
                0x0000000000000073                __I2CPSC = 0x73
                0x0000000000000074                __I2CSCLH = 0x74
                0x0000000000000075                __I2CSCLL = 0x75
                0x0000000000000076                __I2CDRB = 0x76
                0x0000000000000076                __I2CDRW = 0x76
                0x0000000000000118                __I2COA = 0x118
                0x000000000000011a                __I2CSA = 0x11a
                0x000000000000011c                __I2CIV = 0x11c
                0x000000000000012e                __TAIV = 0x12e
                0x0000000000000160                __TACTL = 0x160
                0x0000000000000162                __TACCTL0 = 0x162
                0x0000000000000164                __TACCTL1 = 0x164
                0x0000000000000166                __TACCTL2 = 0x166
                0x0000000000000170                __TAR = 0x170
                0x0000000000000172                __TACCR0 = 0x172
                0x0000000000000174                __TACCR1 = 0x174
                0x0000000000000176                __TACCR2 = 0x176
                0x000000000000011e                __TBIV = 0x11e
                0x0000000000000180                __TBCTL = 0x180
                0x0000000000000182                __TBCCTL0 = 0x182
                0x0000000000000184                __TBCCTL1 = 0x184
                0x0000000000000186                __TBCCTL2 = 0x186
                0x0000000000000188                __TBCCTL3 = 0x188
                0x000000000000018a                __TBCCTL4 = 0x18a
                0x000000000000018c                __TBCCTL5 = 0x18c
                0x000000000000018e                __TBCCTL6 = 0x18e
                0x0000000000000190                __TBR = 0x190
                0x0000000000000192                __TBCCR0 = 0x192
                0x0000000000000194                __TBCCR1 = 0x194
                0x0000000000000196                __TBCCR2 = 0x196
                0x0000000000000198                __TBCCR3 = 0x198
                0x000000000000019a                __TBCCR4 = 0x19a
                0x000000000000019c                __TBCCR5 = 0x19c
                0x000000000000019e                __TBCCR6 = 0x19e
                0x0000000000000056                __DCOCTL = 0x56
                0x0000000000000057                __BCSCTL1 = 0x57
                0x0000000000000058                __BCSCTL2 = 0x58
                0x0000000000000055                __SVSCTL = 0x55
                0x0000000000000128                __FCTL1 = 0x128
                0x000000000000012a                __FCTL2 = 0x12a
                0x000000000000012c                __FCTL3 = 0x12c
                0x0000000000000059                __CACTL1 = 0x59
                0x000000000000005a                __CACTL2 = 0x5a
                0x000000000000005b                __CAPD = 0x5b
                0x00000000000001a0                __ADC12CTL0 = 0x1a0
                0x00000000000001a2                __ADC12CTL1 = 0x1a2
                0x00000000000001a4                __ADC12IFG = 0x1a4
                0x00000000000001a6                __ADC12IE = 0x1a6
                0x00000000000001a8                __ADC12IV = 0x1a8
                0x0000000000000140                __ADC12MEM0 = 0x140
                0x0000000000000142                __ADC12MEM1 = 0x142
                0x0000000000000144                __ADC12MEM2 = 0x144
                0x0000000000000146                __ADC12MEM3 = 0x146
                0x0000000000000148                __ADC12MEM4 = 0x148
                0x000000000000014a                __ADC12MEM5 = 0x14a
                0x000000000000014c                __ADC12MEM6 = 0x14c
                0x000000000000014e                __ADC12MEM7 = 0x14e
                0x0000000000000150                __ADC12MEM8 = 0x150
                0x0000000000000152                __ADC12MEM9 = 0x152
                0x0000000000000154                __ADC12MEM10 = 0x154
                0x0000000000000156                __ADC12MEM11 = 0x156
                0x0000000000000158                __ADC12MEM12 = 0x158
                0x000000000000015a                __ADC12MEM13 = 0x15a
                0x000000000000015c                __ADC12MEM14 = 0x15c
                0x000000000000015e                __ADC12MEM15 = 0x15e
                0x0000000000000080                __ADC12MCTL0 = 0x80
                0x0000000000000081                __ADC12MCTL1 = 0x81
                0x0000000000000082                __ADC12MCTL2 = 0x82
                0x0000000000000083                __ADC12MCTL3 = 0x83
                0x0000000000000084                __ADC12MCTL4 = 0x84
                0x0000000000000085                __ADC12MCTL5 = 0x85
                0x0000000000000086                __ADC12MCTL6 = 0x86
                0x0000000000000087                __ADC12MCTL7 = 0x87
                0x0000000000000088                __ADC12MCTL8 = 0x88
                0x0000000000000089                __ADC12MCTL9 = 0x89
                0x000000000000008a                __ADC12MCTL10 = 0x8a
                0x000000000000008b                __ADC12MCTL11 = 0x8b
                0x000000000000008c                __ADC12MCTL12 = 0x8c
                0x000000000000008d                __ADC12MCTL13 = 0x8d
                0x000000000000008e                __ADC12MCTL14 = 0x8e
                0x000000000000008f                __ADC12MCTL15 = 0x8f
                0x00000000000001c0                __DAC12_0CTL = 0x1c0
                0x00000000000001c2                __DAC12_1CTL = 0x1c2
                0x00000000000001c8                __DAC12_0DAT = 0x1c8
                0x00000000000001ca                __DAC12_1DAT = 0x1ca
                0x0000000000000122                __DMACTL0 = 0x122
                0x0000000000000124                __DMACTL1 = 0x124
                0x00000000000001e0                __DMA0CTL = 0x1e0
                0x00000000000001e8                __DMA1CTL = 0x1e8
                0x00000000000001f0                __DMA2CTL = 0x1f0
                0x00000000000001e2                __DMA0SA = 0x1e2
                0x00000000000001e4                __DMA0DA = 0x1e4
                0x00000000000001e6                __DMA0SZ = 0x1e6
                0x00000000000001ea                __DMA1SA = 0x1ea
                0x00000000000001ec                __DMA1DA = 0x1ec
                0x00000000000001ee                __DMA1SZ = 0x1ee
                0x00000000000001f2                __DMA2SA = 0x1f2
                0x00000000000001f4                __DMA2DA = 0x1f4
                0x00000000000001f6                __DMA2SZ = 0x1f6

.hash
 *(.hash)

.dynsym
 *(.dynsym)

.dynstr
 *(.dynstr)

.gnu.version
 *(.gnu.version)

.gnu.version_d
 *(.gnu.version_d)

.gnu.version_r
 *(.gnu.version_r)

.rel.init
 *(.rel.init)

.rela.init
 *(.rela.init)

.rel.fini
 *(.rel.fini)

.rela.fini
 *(.rela.fini)

.rel.text
 *(.rel.text .rel.text.* .rel.gnu.linkonce.t.*)

.rela.text
 *(.rela.text .rela.text.* .rela.gnu.linkonce.t.*)

.rel.rodata
 *(.rel.rodata .rel.rodata.* .rel.gnu.linkonce.r.*)

.rela.rodata
 *(.rela.rodata .rela.rodata.* .rela.gnu.linkonce.r.*)

.rel.data
 *(.rel.data .rel.data.* .rel.gnu.linkonce.d.*)

.rela.data
 *(.rela.data .rela.data.* .rela.gnu.linkonce.d.*)

.rel.bss
 *(.rel.bss .rel.bss.* .rel.gnu.linkonce.b.*)

.rela.bss
 *(.rela.bss .rela.bss.* .rela.gnu.linkonce.b.*)

.rel.ctors
 *(.rel.ctors)

.rela.ctors
 *(.rela.ctors)

.rel.dtors
 *(.rel.dtors)

.rela.dtors
 *(.rela.dtors)

.rel.got
 *(.rel.got)

.rela.got
 *(.rela.got)

.rel.plt
 *(.rel.plt)

.rela.plt
 *(.rela.plt)

.text           0x0000000000004000     0x5404
                0x0000000000004000                . = ALIGN (0x2)
 *(.init .init.*)
 *(.init0)
 .init0         0x0000000000004000        0x0 /usr/local/msp430/lib/gcc/msp430/4.7.0/mmpy-16/libcrt0.a(_reset_vector__.o)
                0x0000000000004000                _reset_vector__
 *(.init1)
 .init1         0x0000000000004000        0xc /usr/local/msp430/lib/gcc/msp430/4.7.0/mmpy-16/libcrt0.a(__watchdog_support.o)
                0x0000000000004000                __watchdog_support
 *(.init2)
 .init2         0x000000000000400c        0x4 /usr/local/msp430/lib/gcc/msp430/4.7.0/mmpy-16/libcrt0.a(__init_stack.o)
                0x000000000000400c                __init_stack
 *(.init3)
 .init3         0x0000000000004010        0x0 /usr/local/msp430/lib/gcc/msp430/4.7.0/mmpy-16/libcrt0.a(__low_level_init.o)
                0x0000000000004010                __low_level_init
 *(.init4)
 .init4         0x0000000000004010       0x18 /usr/local/msp430/lib/gcc/msp430/4.7.0/mmpy-16/libcrt0.a(_copy_data.o)
                0x0000000000004010                __do_copy_data
 .init4         0x0000000000004028       0x16 /usr/local/msp430/lib/gcc/msp430/4.7.0/mmpy-16/libcrt0.a(_clear_bss.o)
                0x0000000000004028                __do_clear_bss
 *(.init5)
 *(.init6)
 *(.init7)
 *(.init8)
 *(.init9)
 .init9         0x000000000000403e      0x2ce obj_sky/contiki-sky-main.o
                0x000000000000403e                main
 *(.fini9)
 .fini9         0x000000000000430c        0x0 /usr/local/msp430/lib/gcc/msp430/4.7.0/mmpy-16/libcrt0.a(__stop_progExec__.o)
                0x000000000000430c                __stop_progExec__
 *(.fini8)
 *(.fini7)
 *(.fini6)
 *(.fini5)
 *(.fini4)
 *(.fini3)
 *(.fini2)
 *(.fini1)
 *(.fini0)
 .fini0         0x000000000000430c        0x6 /usr/local/msp430/lib/gcc/msp430/4.7.0/mmpy-16/libcrt0.a(_endless_loop__.o)
                0x000000000000430c                _endless_loop__
 *(.fini .fini.*)
                0x0000000000004312                . = ALIGN (0x2)
                0x0000000000004312                __ctors_start = .
 *(.ctors)
                0x0000000000004312                __ctors_end = .
                0x0000000000004312                __dtors_start = .
 *(.dtors)
                0x0000000000004312                __dtors_end = .
                0x0000000000004312                . = ALIGN (0x2)
 *(.text .text.* .gnu.linkonce.t.*)
 .text          0x0000000000004312        0x4 /usr/local/msp430/lib/gcc/msp430/4.7.0/mmpy-16/crt0ivtbl16.o
                0x0000000000004312                __isr_14
                0x0000000000004312                __isr_11
                0x0000000000004312                __isr_2
                0x0000000000004312                __isr_7
                0x0000000000004312                __isr_0
                0x0000000000004312                __isr_8
                0x0000000000004312                __isr_3
                0x0000000000004312                __isr_12
                0x0000000000004312                __isr_13
                0x0000000000004312                __isr_9
 .text.process_thread_net_test_process
                0x0000000000004316      0x11c net-test.co
 .text.recv_uc  0x0000000000004432       0x32 net-test.co
 .text.duty_cycle
                0x0000000000004464        0x6 obj_sky/contikimac.o
 .text.init     0x000000000000446a       0x2e obj_sky/contikimac.o
 .text.on       0x0000000000004498       0x1a obj_sky/contikimac.o
 .text.off      0x00000000000044b2       0x22 obj_sky/contikimac.o
 .text.recv_burst_off
                0x00000000000044d4        0xa obj_sky/contikimac.o
 .text.turn_off
                0x00000000000044de       0x20 obj_sky/contikimac.o
 .text.turn_on  0x00000000000044fe       0x30 obj_sky/contikimac.o
 .text.schedule_powercycle_fixed.part.4
                0x000000000000452e       0x34 obj_sky/contikimac.o
 .text.powercycle_turn_radio_off
                0x0000000000004562       0x30 obj_sky/contikimac.o
 .text.input_packet
                0x0000000000004592       0xaa obj_sky/contikimac.o
 .text.send_packet
                0x000000000000463c      0x30a obj_sky/contikimac.o
 .text.qsend_list
                0x0000000000004946       0xca obj_sky/contikimac.o
 .text.qsend_packet
                0x0000000000004a10       0x28 obj_sky/contikimac.o
 .text.powercycle
                0x0000000000004a38      0x1e2 obj_sky/contikimac.o
 .text.input_packet
                0x0000000000004c1a        0x6 obj_sky/csma.o
 .text.on       0x0000000000004c20        0x6 obj_sky/csma.o
 .text.off      0x0000000000004c26        0x6 obj_sky/csma.o
 .text.channel_check_interval
                0x0000000000004c2c       0x10 obj_sky/csma.o
 .text.transmit_packet_list
                0x0000000000004c3c       0x24 obj_sky/csma.o
 .text.init     0x0000000000004c60       0x1a obj_sky/csma.o
 .text.send_packet
                0x0000000000004c7a      0x184 obj_sky/csma.o
 .text.free_packet
                0x0000000000004dfe       0x98 obj_sky/csma.o
 .text.packet_sent
                0x0000000000004e96      0x130 obj_sky/csma.o
 .text.cooja_debug
                0x0000000000004fc6       0x20 obj_sky/cooja-debug.o
                0x0000000000004fc6                cooja_debug
 .text.get_object
                0x0000000000004fe6        0x4 obj_sky/cc2420.o
 .text.set_object
                0x0000000000004fea        0x4 obj_sky/cc2420.o
 .text.strobe   0x0000000000004fee       0x1c obj_sky/cc2420.o
 .text.getreg   0x000000000000500a       0x4c obj_sky/cc2420.o
 .text.setreg   0x0000000000005056       0x4c obj_sky/cc2420.o
 .text.write_ram
                0x00000000000050a2       0x7c obj_sky/cc2420.o
 .text.write_fifo_buf
                0x000000000000511e       0x3c obj_sky/cc2420.o
 .text.get_status
                0x000000000000515a       0x20 obj_sky/cc2420.o
 .text.set_txpower
                0x000000000000517a       0x24 obj_sky/cc2420.o
 .text.cc2420_receiving_packet
                0x000000000000519e        0xc obj_sky/cc2420.o
 .text.pending_packet
                0x00000000000051aa        0x8 obj_sky/cc2420.o
 .text.on       0x00000000000051b2       0x1e obj_sky/cc2420.o
 .text.wait_for_transmission
                0x00000000000051d0       0x22 obj_sky/cc2420.o
 .text.wait_for_status
                0x00000000000051f2       0x28 obj_sky/cc2420.o
 .text.getrxdata
                0x000000000000521a       0x50 obj_sky/cc2420.o
 .text.flushrx  0x000000000000526a       0x1a obj_sky/cc2420.o
 .text.off      0x0000000000005284       0x56 obj_sky/cc2420.o
 .text.RELEASE_LOCK
                0x00000000000052da       0x28 obj_sky/cc2420.o
 .text.set_key  0x0000000000005302       0x18 obj_sky/cc2420.o
 .text.cc2420_prepare
                0x000000000000531a       0x3c obj_sky/cc2420.o
 .text.cc2420_on
                0x0000000000005356       0x22 obj_sky/cc2420.o
                0x0000000000005356                cc2420_on
 .text.cc2420_off
                0x0000000000005378       0x30 obj_sky/cc2420.o
                0x0000000000005378                cc2420_off
 .text.cc2420_cca
                0x00000000000053a8       0x68 obj_sky/cc2420.o
 .text.cc2420_read
                0x0000000000005410       0xac obj_sky/cc2420.o
 .text.process_thread_cc2420_process
                0x00000000000054bc       0x54 obj_sky/cc2420.o
 .text.encrypt  0x0000000000005510       0x88 obj_sky/cc2420.o
 .text.cc2420_set_channel
                0x0000000000005598       0x3c obj_sky/cc2420.o
                0x0000000000005598                cc2420_set_channel
 .text.cc2420_set_pan_addr
                0x00000000000055d4       0x4c obj_sky/cc2420.o
                0x00000000000055d4                cc2420_set_pan_addr
 .text.cc2420_interrupt
                0x0000000000005620       0x16 obj_sky/cc2420.o
                0x0000000000005620                cc2420_interrupt
 .text.cc2420_set_txpower
                0x0000000000005636        0xe obj_sky/cc2420.o
                0x0000000000005636                cc2420_set_txpower
 .text.cc2420_get_txpower
                0x0000000000005644       0x1e obj_sky/cc2420.o
                0x0000000000005644                cc2420_get_txpower
 .text.cc2420_transmit
                0x0000000000005662      0x12c obj_sky/cc2420.o
 .text.cc2420_send
                0x000000000000578e       0x12 obj_sky/cc2420.o
 .text.cc2420_rssi
                0x00000000000057a0       0x4c obj_sky/cc2420.o
                0x00000000000057a0                cc2420_rssi
 .text.get_value
                0x00000000000057ec       0xa8 obj_sky/cc2420.o
 .text.cc2420_set_cca_threshold
                0x0000000000005894       0x16 obj_sky/cc2420.o
                0x0000000000005894                cc2420_set_cca_threshold
 .text.set_value
                0x00000000000058aa       0x86 obj_sky/cc2420.o
 .text.cc2420_init
                0x0000000000005930       0xd8 obj_sky/cc2420.o
                0x0000000000005930                cc2420_init
 .text.start_network_layer
                0x0000000000005a08       0x3c obj_sky/contiki-sky-main.o
 .text.init_platform
                0x0000000000005a44        0xc contiki-sky.a(contiki-sky-pla)
                0x0000000000005a44                init_platform
 .text.status   0x0000000000005a50       0x18 contiki-sky.a(button-sensor.o)
 .text.value    0x0000000000005a68       0x20 contiki-sky.a(button-sensor.o)
 .text.configure
                0x0000000000005a88       0x4c contiki-sky.a(button-sensor.o)
 .text.irq_p2   0x0000000000005ad4       0x88 contiki-sky.a(button-sensor.o)
                0x0000000000005ad4                irq_p2
                0x0000000000005ad4                __isr_1
 .text.owreadb  0x0000000000005b5c       0x50 contiki-sky.a(ds2411.o)
 .text.ds2411_init
                0x0000000000005bac      0x120 contiki-sky.a(ds2411.o)
                0x0000000000005bac                ds2411_init
 .text.wait_ready
                0x0000000000005ccc       0x4a contiki-sky.a(xmem.o)
 .text.xmem_init
                0x0000000000005d16       0x3c contiki-sky.a(xmem.o)
                0x0000000000005d16                xmem_init
 .text.xmem_pread
                0x0000000000005d52       0xe0 contiki-sky.a(xmem.o)
                0x0000000000005d52                xmem_pread
 .text.node_id_restore
                0x0000000000005e32       0x38 contiki-sky.a(node-id.o)
                0x0000000000005e32                node_id_restore
 .text.process_thread_sensors_process
                0x0000000000005e6a       0xc2 contiki-sky.a(sensors.o)
 .text.sensors_changed
                0x0000000000005f2c       0x2a contiki-sky.a(sensors.o)
                0x0000000000005f2c                sensors_changed
 .text.cc2420_port1_interrupt
                0x0000000000005f56       0x62 contiki-sky.a(cc2420-arch.o)
                0x0000000000005f56                __isr_4
                0x0000000000005f56                cc2420_port1_interrupt
 .text.cc2420_arch_init
                0x0000000000005fb8       0x1a contiki-sky.a(cc2420-arch.o)
                0x0000000000005fb8                cc2420_arch_init
 .text.handle_rxdma_timer
                0x0000000000005fd2       0x3a contiki-sky.a(uart1.o)
 .text.uart1_active
                0x000000000000600c       0x18 contiki-sky.a(uart1.o)
                0x000000000000600c                uart1_active
 .text.uart1_set_input
                0x0000000000006024       0x20 contiki-sky.a(uart1.o)
                0x0000000000006024                uart1_set_input
 .text.uart1_writeb
                0x0000000000006044       0x18 contiki-sky.a(uart1.o)
                0x0000000000006044                uart1_writeb
 .text.uart1_init
                0x000000000000605c       0xf4 contiki-sky.a(uart1.o)
                0x000000000000605c                uart1_init
 .text.putchar  0x0000000000006150       0x10 contiki-sky.a(uart1-putchar.o)
                0x0000000000006150                putchar
 .text.msp430_init_dco
                0x0000000000006160       0x82 contiki-sky.a(msp430.o)
                0x0000000000006160                msp430_init_dco
 .text.msp430_add_lpm_req
                0x00000000000061e2        0xc contiki-sky.a(msp430.o)
                0x00000000000061e2                msp430_add_lpm_req
 .text.msp430_cpu_init
                0x00000000000061ee       0x2a contiki-sky.a(msp430.o)
                0x00000000000061ee                msp430_cpu_init
 .text.splhigh_
                0x0000000000006218        0x8 contiki-sky.a(msp430.o)
                0x0000000000006218                splhigh_
 .text.msp430_sync_dco
                0x0000000000006220       0x6c contiki-sky.a(msp430.o)
                0x0000000000006220                msp430_sync_dco
 .text.timera1  0x000000000000628c      0x11e contiki-sky.a(clock.o)
                0x000000000000628c                __isr_5
                0x000000000000628c                timera1
 .text.clock_time
                0x00000000000063aa       0x1a contiki-sky.a(clock.o)
                0x00000000000063aa                clock_time
 .text.clock_init
                0x00000000000063c4       0x28 contiki-sky.a(clock.o)
                0x00000000000063c4                clock_init
 .text.clock_delay
                0x00000000000063ec        0xc contiki-sky.a(clock.o)
                0x00000000000063ec                clock_delay
 .text.show_leds
                0x00000000000063f8       0xf0 contiki-sky.a(leds.o)
 .text.leds_init
                0x00000000000064e8        0xa contiki-sky.a(leds.o)
                0x00000000000064e8                leds_init
 .text.leds_on  0x00000000000064f2        0xa contiki-sky.a(leds.o)
                0x00000000000064f2                leds_on
 .text.leds_off
                0x00000000000064fc        0xe contiki-sky.a(leds.o)
                0x00000000000064fc                leds_off
 .text.leds_arch_init
                0x000000000000650a        0xe contiki-sky.a(leds-arch.o)
                0x000000000000650a                leds_arch_init
 .text.leds_arch_set
                0x0000000000006518       0x38 contiki-sky.a(leds-arch.o)
                0x0000000000006518                leds_arch_set
 .text.watchdog_interrupt
                0x0000000000006550        0x6 contiki-sky.a(watchdog.o)
                0x0000000000006550                __isr_10
                0x0000000000006550                watchdog_interrupt
 .text.watchdog_start
                0x0000000000006556       0x14 contiki-sky.a(watchdog.o)
                0x0000000000006556                watchdog_start
 .text.watchdog_periodic
                0x000000000000656a       0x12 contiki-sky.a(watchdog.o)
                0x000000000000656a                watchdog_periodic
 .text.watchdog_stop
                0x000000000000657c       0x16 contiki-sky.a(watchdog.o)
                0x000000000000657c                watchdog_stop
 .text.watchdog_init
                0x0000000000006592       0x12 contiki-sky.a(watchdog.o)
                0x0000000000006592                watchdog_init
 .text.rtimer_arch_init
                0x00000000000065a4        0xe contiki-sky.a(rtimer-arch.o)
                0x00000000000065a4                rtimer_arch_init
 .text.rtimer_arch_now
                0x00000000000065b2        0xe contiki-sky.a(rtimer-arch.o)
                0x00000000000065b2                rtimer_arch_now
 .text.timera0  0x00000000000065c0       0x70 contiki-sky.a(rtimer-arch.o)
                0x00000000000065c0                __isr_6
                0x00000000000065c0                timera0
 .text.rtimer_arch_schedule
                0x0000000000006630        0x6 contiki-sky.a(rtimer-arch.o)
                0x0000000000006630                rtimer_arch_schedule
 .text.autostart_start
                0x0000000000006636       0x16 contiki-sky.a(autostart.o)
                0x0000000000006636                autostart_start
 .text.process_thread_ctimer_process
                0x000000000000664c       0xa8 contiki-sky.a(ctimer.o)
 .text.ctimer_init
                0x00000000000066f4       0x18 contiki-sky.a(ctimer.o)
                0x00000000000066f4                ctimer_init
 .text.ctimer_set
                0x000000000000670c       0x50 contiki-sky.a(ctimer.o)
                0x000000000000670c                ctimer_set
 .text.ctimer_reset
                0x000000000000675c       0x30 contiki-sky.a(ctimer.o)
                0x000000000000675c                ctimer_reset
 .text.ctimer_stop
                0x000000000000678c       0x28 contiki-sky.a(ctimer.o)
                0x000000000000678c                ctimer_stop
 .text.energest_init
                0x00000000000067b4       0x26 contiki-sky.a(energest.o)
                0x00000000000067b4                energest_init
 .text.energest_type_time
                0x00000000000067da       0x48 contiki-sky.a(energest.o)
                0x00000000000067da                energest_type_time
 .text.energest_type_set
                0x0000000000006822        0xe contiki-sky.a(energest.o)
                0x0000000000006822                energest_type_set
 .text.energest_flush
                0x0000000000006830       0x48 contiki-sky.a(energest.o)
                0x0000000000006830                energest_flush
 .text.update_time
                0x0000000000006878       0x78 contiki-sky.a(etimer.o)
 .text.etimer_request_poll
                0x00000000000068f0        0xa contiki-sky.a(etimer.o)
                0x00000000000068f0                etimer_request_poll
 .text.process_thread_etimer_process
                0x00000000000068fa       0xcc contiki-sky.a(etimer.o)
 .text.add_timer
                0x00000000000069c6       0x40 contiki-sky.a(etimer.o)
 .text.etimer_set
                0x0000000000006a06       0x12 contiki-sky.a(etimer.o)
                0x0000000000006a06                etimer_set
 .text.etimer_reset
                0x0000000000006a18       0x12 contiki-sky.a(etimer.o)
                0x0000000000006a18                etimer_reset
 .text.etimer_expired
                0x0000000000006a2a        0xe contiki-sky.a(etimer.o)
                0x0000000000006a2a                etimer_expired
 .text.etimer_pending
                0x0000000000006a38        0xc contiki-sky.a(etimer.o)
                0x0000000000006a38                etimer_pending
 .text.etimer_next_expiration_time
                0x0000000000006a44       0x16 contiki-sky.a(etimer.o)
                0x0000000000006a44                etimer_next_expiration_time
 .text.etimer_stop
                0x0000000000006a5a       0x3e contiki-sky.a(etimer.o)
                0x0000000000006a5a                etimer_stop
 .text.compower_accumulate
                0x0000000000006a98       0x72 contiki-sky.a(compower.o)
                0x0000000000006a98                compower_accumulate
 .text.compower_clear
                0x0000000000006b0a       0x12 contiki-sky.a(compower.o)
                0x0000000000006b0a                compower_clear
 .text.compower_attrconv
                0x0000000000006b1c       0x10 contiki-sky.a(compower.o)
                0x0000000000006b1c                compower_attrconv
 .text.call_process
                0x0000000000006b2c       0x46 contiki-sky.a(process.o)
 .text.exit_process
                0x0000000000006b72       0x96 contiki-sky.a(process.o)
 .text.do_poll  0x0000000000006c08       0x30 contiki-sky.a(process.o)
 .text.process_alloc_event
                0x0000000000006c38        0xe contiki-sky.a(process.o)
                0x0000000000006c38                process_alloc_event
 .text.process_init
                0x0000000000006c46       0x1c contiki-sky.a(process.o)
                0x0000000000006c46                process_init
 .text.process_run
                0x0000000000006c62       0xa2 contiki-sky.a(process.o)
                0x0000000000006c62                process_run
 .text.process_nevents
                0x0000000000006d04        0xe contiki-sky.a(process.o)
                0x0000000000006d04                process_nevents
 .text.process_post
                0x0000000000006d12       0x54 contiki-sky.a(process.o)
                0x0000000000006d12                process_post
 .text.process_post_synch
                0x0000000000006d66       0x12 contiki-sky.a(process.o)
                0x0000000000006d66                process_post_synch
 .text.process_start
                0x0000000000006d78       0x36 contiki-sky.a(process.o)
                0x0000000000006d78                process_start
 .text.process_poll
                0x0000000000006dae       0x18 contiki-sky.a(process.o)
                0x0000000000006dae                process_poll
 .text.rtimer_init
                0x0000000000006dc6        0x6 contiki-sky.a(rtimer.o)
                0x0000000000006dc6                rtimer_init
 .text.rtimer_set
                0x0000000000006dcc       0x24 contiki-sky.a(rtimer.o)
                0x0000000000006dcc                rtimer_set
 .text.rtimer_run_next
                0x0000000000006df0       0x26 contiki-sky.a(rtimer.o)
                0x0000000000006df0                rtimer_run_next
 .text.timer_set
                0x0000000000006e16       0x1c contiki-sky.a(timer.o)
                0x0000000000006e16                timer_set
 .text.timer_reset
                0x0000000000006e32        0xe contiki-sky.a(timer.o)
                0x0000000000006e32                timer_reset
 .text.timer_expired
                0x0000000000006e40       0x2a contiki-sky.a(timer.o)
                0x0000000000006e40                timer_expired
 .text.process_thread_serial_line_process
                0x0000000000006e6a       0x9e contiki-sky.a(serial-line.o)
 .text.serial_line_input_byte
                0x0000000000006f08       0x4a contiki-sky.a(serial-line.o)
                0x0000000000006f08                serial_line_input_byte
 .text.serial_line_init
                0x0000000000006f52       0x1c contiki-sky.a(serial-line.o)
                0x0000000000006f52                serial_line_init
 .text.list_init
                0x0000000000006f6e        0x6 contiki-sky.a(list.o)
                0x0000000000006f6e                list_init
 .text.list_head
                0x0000000000006f74        0x4 contiki-sky.a(list.o)
                0x0000000000006f74                list_head
 .text.list_tail
                0x0000000000006f78       0x12 contiki-sky.a(list.o)
                0x0000000000006f78                list_tail
 .text.list_remove
                0x0000000000006f8a       0x34 contiki-sky.a(list.o)
                0x0000000000006f8a                list_remove
 .text.list_push
                0x0000000000006fbe       0x1a contiki-sky.a(list.o)
                0x0000000000006fbe                list_push
 .text.list_add
                0x0000000000006fd8       0x2a contiki-sky.a(list.o)
                0x0000000000006fd8                list_add
 .text.list_length
                0x0000000000007002       0x10 contiki-sky.a(list.o)
                0x0000000000007002                list_length
 .text.list_item_next
                0x0000000000007012        0xc contiki-sky.a(list.o)
                0x0000000000007012                list_item_next
 .text.memb_init
                0x000000000000701e       0x36 contiki-sky.a(memb.o)
                0x000000000000701e                memb_init
 .text.memb_alloc
                0x0000000000007054       0x3e contiki-sky.a(memb.o)
                0x0000000000007054                memb_alloc
 .text.memb_free
                0x0000000000007092       0x3a contiki-sky.a(memb.o)
                0x0000000000007092                memb_free
 .text.memb_inmemb
                0x00000000000070cc       0x2a contiki-sky.a(memb.o)
                0x00000000000070cc                memb_inmemb
 .text.random_init
                0x00000000000070f6        0x6 contiki-sky.a(random.o)
                0x00000000000070f6                random_init
 .text.random_rand
                0x00000000000070fc        0x6 contiki-sky.a(random.o)
                0x00000000000070fc                random_rand
 .text.ringbuf_init
                0x0000000000007102       0x14 contiki-sky.a(ringbuf.o)
                0x0000000000007102                ringbuf_init
 .text.ringbuf_put
                0x0000000000007116       0x38 contiki-sky.a(ringbuf.o)
                0x0000000000007116                ringbuf_put
 .text.ringbuf_get
                0x000000000000714e       0x32 contiki-sky.a(ringbuf.o)
                0x000000000000714e                ringbuf_get
 .text.input    0x0000000000007180       0x3a contiki-sky.a(rime.o)
 .text.init     0x00000000000071ba       0x2e contiki-sky.a(rime.o)
 .text.packet_sent
                0x00000000000071e8       0x44 contiki-sky.a(rime.o)
 .text.rime_output
                0x000000000000722c       0x24 contiki-sky.a(rime.o)
                0x000000000000722c                rime_output
 .text.adv_packet_sent
                0x0000000000007250        0x2 contiki-sky.a(broadcast-annou)
 .text.adv_packet_received
                0x0000000000007252       0x64 contiki-sky.a(broadcast-annou)
 .text.set_timers
                0x00000000000072b6       0x4a contiki-sky.a(broadcast-annou)
 .text.send_timer
                0x0000000000007300       0x32 contiki-sky.a(broadcast-annou)
 .text.send_adv
                0x0000000000007332       0x66 contiki-sky.a(broadcast-annou)
 .text.new_announcement
                0x0000000000007398       0x18 contiki-sky.a(broadcast-annou)
 .text.broadcast_announcement_init
                0x00000000000073b0       0x48 contiki-sky.a(broadcast-annou)
                0x00000000000073b0                broadcast_announcement_init
 .text.sent_by_abc
                0x00000000000073f8       0x10 contiki-sky.a(broadcast.o)
 .text.recv_from_abc
                0x0000000000007408       0x26 contiki-sky.a(broadcast.o)
 .text.broadcast_open
                0x000000000000742e       0x2a contiki-sky.a(broadcast.o)
                0x000000000000742e                broadcast_open
 .text.broadcast_close
                0x0000000000007458        0x6 contiki-sky.a(broadcast.o)
                0x0000000000007458                broadcast_close
 .text.broadcast_send
                0x000000000000745e       0x1a contiki-sky.a(broadcast.o)
                0x000000000000745e                broadcast_send
 .text.chameleon_init
                0x0000000000007478        0x6 contiki-sky.a(chameleon.o)
                0x0000000000007478                chameleon_init
 .text.chameleon_parse
                0x000000000000747e       0x10 contiki-sky.a(chameleon.o)
                0x000000000000747e                chameleon_parse
 .text.chameleon_create
                0x000000000000748e       0x1c contiki-sky.a(chameleon.o)
                0x000000000000748e                chameleon_create
 .text.chameleon_hdrsize
                0x00000000000074aa        0x6 contiki-sky.a(chameleon.o)
                0x00000000000074aa                chameleon_hdrsize
 .text.channel_init
                0x00000000000074b0        0xa contiki-sky.a(channel.o)
                0x00000000000074b0                channel_init
 .text.channel_open
                0x00000000000074ba       0x10 contiki-sky.a(channel.o)
                0x00000000000074ba                channel_open
 .text.channel_close
                0x00000000000074ca        0xc contiki-sky.a(channel.o)
                0x00000000000074ca                channel_close
 .text.channel_lookup
                0x00000000000074d6       0x20 contiki-sky.a(channel.o)
                0x00000000000074d6                channel_lookup
 .text.channel_set_attributes
                0x00000000000074f6       0x24 contiki-sky.a(channel.o)
                0x00000000000074f6                channel_set_attributes
 .text.sent_by_broadcast
                0x000000000000751a       0x10 contiki-sky.a(unicast.o)
 .text.recv_from_broadcast
                0x000000000000752a       0x2e contiki-sky.a(unicast.o)
 .text.unicast_open
                0x0000000000007558       0x2a contiki-sky.a(unicast.o)
                0x0000000000007558                unicast_open
 .text.unicast_close
                0x0000000000007582        0x6 contiki-sky.a(unicast.o)
                0x0000000000007582                unicast_close
 .text.unicast_send
                0x0000000000007588       0x16 contiki-sky.a(unicast.o)
                0x0000000000007588                unicast_send
 .text.abc_open
                0x000000000000759e       0x26 contiki-sky.a(abc.o)
                0x000000000000759e                abc_open
 .text.abc_close
                0x00000000000075c4        0x6 contiki-sky.a(abc.o)
                0x00000000000075c4                abc_close
 .text.abc_send
                0x00000000000075ca        0x6 contiki-sky.a(abc.o)
                0x00000000000075ca                abc_send
 .text.abc_input
                0x00000000000075d0        0xe contiki-sky.a(abc.o)
                0x00000000000075d0                abc_input
 .text.abc_sent
                0x00000000000075de       0x10 contiki-sky.a(abc.o)
                0x00000000000075de                abc_sent
 .text.announcement_init
                0x00000000000075ee        0xa contiki-sky.a(announcement.o)
                0x00000000000075ee                announcement_init
 .text.announcement_register_observer_callback
                0x00000000000075f8        0x6 contiki-sky.a(announcement.o)
                0x00000000000075f8                announcement_register_observer_callback
 .text.announcement_list
                0x00000000000075fe        0xa contiki-sky.a(announcement.o)
                0x00000000000075fe                announcement_list
 .text.announcement_heard
                0x0000000000007608       0x42 contiki-sky.a(announcement.o)
                0x0000000000007608                announcement_heard
 .text.mac_sequence_is_duplicate
                0x000000000000764a       0x3c contiki-sky.a(mac-sequence.o)
                0x000000000000764a                mac_sequence_is_duplicate
 .text.mac_sequence_register_seqno
                0x0000000000007686       0x5c contiki-sky.a(mac-sequence.o)
                0x0000000000007686                mac_sequence_register_seqno
 .text.create_frame.isra.0
                0x00000000000076e2      0x104 contiki-sky.a(framer-802154.o)
 .text.create   0x00000000000077e6        0x8 contiki-sky.a(framer-802154.o)
 .text.hdr_length
                0x00000000000077ee        0x8 contiki-sky.a(framer-802154.o)
 .text.parse    0x00000000000077f6       0xa2 contiki-sky.a(framer-802154.o)
 .text.field_len
                0x0000000000007898       0x90 contiki-sky.a(frame802154.o)
 .text.frame802154_hdrlen
                0x0000000000007928       0x2e contiki-sky.a(frame802154.o)
                0x0000000000007928                frame802154_hdrlen
 .text.frame802154_create
                0x0000000000007956      0x146 contiki-sky.a(frame802154.o)
                0x0000000000007956                frame802154_create
 .text.frame802154_parse
                0x0000000000007a9c      0x1ba contiki-sky.a(frame802154.o)
                0x0000000000007a9c                frame802154_parse
 .text.mac_call_sent_callback
                0x0000000000007c56       0x14 contiki-sky.a(mac.o)
                0x0000000000007c56                mac_call_sent_callback
 .text.send_packet
                0x0000000000007c6a       0x44 contiki-sky.a(phase.o)
 .text.phase_update
                0x0000000000007cae       0x92 contiki-sky.a(phase.o)
                0x0000000000007cae                phase_update
 .text.phase_wait
                0x0000000000007d40       0xf6 contiki-sky.a(phase.o)
                0x0000000000007d40                phase_wait
 .text.phase_init
                0x0000000000007e36       0x14 contiki-sky.a(phase.o)
                0x0000000000007e36                phase_init
 .text.framer_canonical_create_and_secure
                0x0000000000007e4a       0x20 contiki-sky.a(framer.o)
                0x0000000000007e4a                framer_canonical_create_and_secure
 .text.queuebuf_init
                0x0000000000007e6a       0x12 contiki-sky.a(queuebuf.o)
                0x0000000000007e6a                queuebuf_init
 .text.queuebuf_new_from_packetbuf
                0x0000000000007e7c       0x52 contiki-sky.a(queuebuf.o)
                0x0000000000007e7c                queuebuf_new_from_packetbuf
 .text.queuebuf_update_attr_from_packetbuf
                0x0000000000007ece       0x12 contiki-sky.a(queuebuf.o)
                0x0000000000007ece                queuebuf_update_attr_from_packetbuf
 .text.queuebuf_update_from_packetbuf
                0x0000000000007ee0       0x22 contiki-sky.a(queuebuf.o)
                0x0000000000007ee0                queuebuf_update_from_packetbuf
 .text.queuebuf_free
                0x0000000000007f02       0x2a contiki-sky.a(queuebuf.o)
                0x0000000000007f02                queuebuf_free
 .text.queuebuf_to_packetbuf
                0x0000000000007f2c       0x32 contiki-sky.a(queuebuf.o)
                0x0000000000007f2c                queuebuf_to_packetbuf
 .text.queuebuf_attr
                0x0000000000007f5e        0xe contiki-sky.a(queuebuf.o)
                0x0000000000007f5e                queuebuf_attr
 .text.item_from_index
                0x0000000000007f6c       0x2a contiki-sky.a(nbr-table.o)
 .text.index_from_key
                0x0000000000007f96       0x12 contiki-sky.a(nbr-table.o)
 .text.index_from_item
                0x0000000000007fa8       0x1e contiki-sky.a(nbr-table.o)
 .text.nbr_set_bit
                0x0000000000007fc6       0x58 contiki-sky.a(nbr-table.o)
 .text.index_from_lladdr
                0x000000000000801e       0x42 contiki-sky.a(nbr-table.o)
 .text.nbr_get_bit.constprop.0
                0x0000000000008060       0x2e contiki-sky.a(nbr-table.o)
 .text.nbr_table_register
                0x000000000000808e       0x26 contiki-sky.a(nbr-table.o)
                0x000000000000808e                nbr_table_register
 .text.nbr_table_add_lladdr
                0x00000000000080b4      0x128 contiki-sky.a(nbr-table.o)
                0x00000000000080b4                nbr_table_add_lladdr
 .text.nbr_table_get_from_lladdr
                0x00000000000081dc       0x2c contiki-sky.a(nbr-table.o)
                0x00000000000081dc                nbr_table_get_from_lladdr
 .text.nbr_table_remove
                0x0000000000008208       0x32 contiki-sky.a(nbr-table.o)
                0x0000000000008208                nbr_table_remove
 .text.packetbuf_compact
                0x000000000000823a       0x2e contiki-sky.a(packetbuf.o)
                0x000000000000823a                packetbuf_compact
 .text.packetbuf_copyto
                0x0000000000008268       0x52 contiki-sky.a(packetbuf.o)
                0x0000000000008268                packetbuf_copyto
 .text.packetbuf_hdrreduce
                0x00000000000082ba       0x1a contiki-sky.a(packetbuf.o)
                0x00000000000082ba                packetbuf_hdrreduce
 .text.packetbuf_set_datalen
                0x00000000000082d4        0x6 contiki-sky.a(packetbuf.o)
                0x00000000000082d4                packetbuf_set_datalen
 .text.packetbuf_dataptr
                0x00000000000082da        0xe contiki-sky.a(packetbuf.o)
                0x00000000000082da                packetbuf_dataptr
 .text.packetbuf_hdrptr
                0x00000000000082e8        0xa contiki-sky.a(packetbuf.o)
                0x00000000000082e8                packetbuf_hdrptr
 .text.packetbuf_datalen
                0x00000000000082f2        0x6 contiki-sky.a(packetbuf.o)
                0x00000000000082f2                packetbuf_datalen
 .text.packetbuf_hdrlen
                0x00000000000082f8       0x10 contiki-sky.a(packetbuf.o)
                0x00000000000082f8                packetbuf_hdrlen
 .text.packetbuf_totlen
                0x0000000000008308        0xc contiki-sky.a(packetbuf.o)
                0x0000000000008308                packetbuf_totlen
 .text.packetbuf_hdralloc
                0x0000000000008314       0x2e contiki-sky.a(packetbuf.o)
                0x0000000000008314                packetbuf_hdralloc
 .text.packetbuf_attr_clear
                0x0000000000008342       0x2c contiki-sky.a(packetbuf.o)
                0x0000000000008342                packetbuf_attr_clear
 .text.packetbuf_clear
                0x000000000000836e       0x1a contiki-sky.a(packetbuf.o)
                0x000000000000836e                packetbuf_clear
 .text.packetbuf_copyfrom
                0x0000000000008388       0x2e contiki-sky.a(packetbuf.o)
                0x0000000000008388                packetbuf_copyfrom
 .text.packetbuf_attr_copyto
                0x00000000000083b6       0x20 contiki-sky.a(packetbuf.o)
                0x00000000000083b6                packetbuf_attr_copyto
 .text.packetbuf_attr_copyfrom
                0x00000000000083d6       0x22 contiki-sky.a(packetbuf.o)
                0x00000000000083d6                packetbuf_attr_copyfrom
 .text.packetbuf_holds_broadcast
                0x00000000000083f8        0xe contiki-sky.a(packetbuf.o)
                0x00000000000083f8                packetbuf_holds_broadcast
 .text.linkaddr_copy
                0x0000000000008406        0xc contiki-sky.a(linkaddr.o)
                0x0000000000008406                linkaddr_copy
 .text.linkaddr_cmp
                0x0000000000008412       0x12 contiki-sky.a(linkaddr.o)
                0x0000000000008412                linkaddr_cmp
 .text.linkaddr_set_node_addr
                0x0000000000008424        0xc contiki-sky.a(linkaddr.o)
                0x0000000000008424                linkaddr_set_node_addr
 .text.bootstrap
                0x0000000000008430        0x4 contiki-sky.a(nullsec.o)
 .text.send     0x0000000000008434        0xa contiki-sky.a(nullsec.o)
 .text.on_frame_created
                0x000000000000843e        0x4 contiki-sky.a(nullsec.o)
 .text.input    0x0000000000008442        0x6 contiki-sky.a(nullsec.o)
 .text.get_overhead
                0x0000000000008448        0x4 contiki-sky.a(nullsec.o)
 .text.spi_init
                0x000000000000844c       0x30 contiki-sky.a(spi.o)
                0x000000000000844c                spi_init
 .text.header_size
                0x000000000000847c       0x16 contiki-sky.a(chameleon-bitop)
 .text.get_bits_in_byte
                0x0000000000008492       0x3a contiki-sky.a(chameleon-bitop)
                0x0000000000008492                get_bits_in_byte
 .text.get_bits
                0x00000000000084cc       0xa2 contiki-sky.a(chameleon-bitop)
                0x00000000000084cc                get_bits
 .text.unpack_header
                0x000000000000856e       0xd2 contiki-sky.a(chameleon-bitop)
 .text.set_bits_in_byte
                0x0000000000008640       0x2c contiki-sky.a(chameleon-bitop)
                0x0000000000008640                set_bits_in_byte
 .text.set_bits
                0x000000000000866c       0xc8 contiki-sky.a(chameleon-bitop)
                0x000000000000866c                set_bits
 .text.pack_header
                0x0000000000008734       0xbe contiki-sky.a(chameleon-bitop)
 .text.libgcc   0x00000000000087f2       0x2c /usr/local/msp430/lib/gcc/msp430/4.7.0/mmpy-16/libgcc.a(_mulsi3.o)
                0x00000000000087f2                __mulsi3
 .text.libgcc   0x000000000000881e       0x22 /usr/local/msp430/lib/gcc/msp430/4.7.0/mmpy-16/libgcc.a(_udivmod16.o)
                0x000000000000881e                __udivhi3
                0x000000000000881e                __ext_udivmod16
                0x0000000000008838                __umodhi3
 .text.libgcc   0x0000000000008840       0x3a /usr/local/msp430/lib/gcc/msp430/4.7.0/mmpy-16/libgcc.a(_divmod16.o)
                0x0000000000008840                __ext_divmod16
                0x0000000000008840                __divhi3
                0x0000000000008872                __modhi3
 .text.libgcc   0x000000000000887a       0x40 /usr/local/msp430/lib/gcc/msp430/4.7.0/mmpy-16/libgcc.a(_udivmod32.o)
                0x000000000000887a                __udivsi3
                0x000000000000887a                __ext_udivmod32
                0x00000000000088b0                __umodsi3
 .text.printf   0x00000000000088ba       0x10 /usr/local/msp430/lib/gcc/msp430/4.7.0/../../../../msp430/lib/mmpy-16/libc.a(printf.o)
                0x00000000000088ba                printf
 .text.append   0x00000000000088ca       0x22 /usr/local/msp430/lib/gcc/msp430/4.7.0/../../../../msp430/lib/mmpy-16/libc.a(sprintf.o)
 .text.call_vuprintf
                0x00000000000088ec       0x3a /usr/local/msp430/lib/gcc/msp430/4.7.0/../../../../msp430/lib/mmpy-16/libc.a(sprintf.o)
 .text.snprintf
                0x0000000000008926       0x1a /usr/local/msp430/lib/gcc/msp430/4.7.0/../../../../msp430/lib/mmpy-16/libc.a(sprintf.o)
                0x0000000000008926                snprintf
 .text.vsnprintf
                0x0000000000008940       0x12 /usr/local/msp430/lib/gcc/msp430/4.7.0/../../../../msp430/lib/mmpy-16/libc.a(sprintf.o)
                0x0000000000008940                vsnprintf
 .text.print_field
                0x0000000000008952      0x194 /usr/local/msp430/lib/gcc/msp430/4.7.0/../../../../msp430/lib/mmpy-16/libc.a(vuprintf.o)
 .text.vuprintf
                0x0000000000008ae6      0x63c /usr/local/msp430/lib/gcc/msp430/4.7.0/../../../../msp430/lib/mmpy-16/libc.a(vuprintf.o)
                0x0000000000008ae6                vuprintf
 .text.puts     0x0000000000009122       0x2c /usr/local/msp430/lib/gcc/msp430/4.7.0/../../../../msp430/lib/mmpy-16/libc.a(puts.o)
                0x0000000000009122                puts
 .text.rand     0x000000000000914e       0x26 /usr/local/msp430/lib/gcc/msp430/4.7.0/../../../../msp430/lib/mmpy-16/libc.a(rand.o)
                0x000000000000914e                rand
 .text.srand    0x0000000000009174        0xa /usr/local/msp430/lib/gcc/msp430/4.7.0/../../../../msp430/lib/mmpy-16/libc.a(rand.o)
                0x0000000000009174                srand
 .text.memcmp   0x000000000000917e       0x30 /usr/local/msp430/lib/gcc/msp430/4.7.0/../../../../msp430/lib/mmpy-16/libc.a(memcmp.o)
                0x000000000000917e                memcmp
 .text.memcpy   0x00000000000091ae       0xfa /usr/local/msp430/lib/gcc/msp430/4.7.0/../../../../msp430/lib/mmpy-16/libc.a(memcpy.o)
                0x00000000000091ae                memcpy
 .text.memset   0x00000000000092a8       0x6a /usr/local/msp430/lib/gcc/msp430/4.7.0/../../../../msp430/lib/mmpy-16/libc.a(memset.o)
                0x00000000000092a8                memset
 .text.libgcc   0x0000000000009312       0xf0 /usr/local/msp430/lib/gcc/msp430/4.7.0/mmpy-16/libgcc.a(_udivmod64.o)
                0x0000000000009312                __xabi_udivmod64
                0x0000000000009370                __udivdi3
                0x0000000000009396                __umoddi3
                0x00000000000093c4                __udivmoddi4
 .text.crt0     0x0000000000009402        0x2 /usr/local/msp430/lib/gcc/msp430/4.7.0/mmpy-16/libcrt0.a(_unexpected_.o)
                0x0000000000009402                _unexpected_
 *(.near.text .near.text.*)

.rodata         0x0000000000009404      0x305
                0x0000000000009404                . = ALIGN (0x2)
 *(.rodata .rodata.* .gnu.linkonce.r.*)
 .rodata        0x0000000000009404       0xa0 net-test.co
                0x0000000000009492                autostart_processes
 .rodata        0x00000000000094a4       0x72 obj_sky/contikimac.o
                0x0000000000009506                contikimac_driver
 .rodata        0x0000000000009516       0x14 obj_sky/csma.o
                0x000000000000951c                csma_driver
 *fill*         0x000000000000952a        0x2 00
 .rodata.get_value
                0x000000000000952c       0x1c obj_sky/cc2420.o
 .rodata        0x0000000000009548       0x3e obj_sky/cc2420.o
                0x0000000000009548                cc2420_aes_128_driver
                0x000000000000954c                cc2420_driver
 .rodata        0x0000000000009586       0xe5 obj_sky/contiki-sky-main.o
 *fill*         0x000000000000966b        0x1 00
 .rodata        0x000000000000966c       0x10 contiki-sky.a(button-sensor.o)
                0x0000000000009674                button_sensor
 .rodata        0x000000000000967c        0x8 contiki-sky.a(sensors.o)
 .rodata        0x0000000000009684        0xf contiki-sky.a(ctimer.o)
 .rodata        0x0000000000009693        0xc contiki-sky.a(etimer.o)
 .rodata        0x000000000000969f        0xe contiki-sky.a(serial-line.o)
 *fill*         0x00000000000096ad        0x1 00
 .rodata        0x00000000000096ae        0xc contiki-sky.a(rime.o)
                0x00000000000096b4                rime_driver
 .rodata        0x00000000000096ba        0x4 contiki-sky.a(broadcast-annou)
 .rodata        0x00000000000096be        0x8 contiki-sky.a(broadcast.o)
 .rodata        0x00000000000096c6        0xa contiki-sky.a(unicast.o)
 .rodata        0x00000000000096d0        0x2 contiki-sky.a(abc.o)
 .rodata        0x00000000000096d2        0x8 contiki-sky.a(framer-802154.o)
                0x00000000000096d2                framer_802154
 .rodata        0x00000000000096da        0x2 contiki-sky.a(frame802154.o)
 .rodata        0x00000000000096dc        0x2 contiki-sky.a(linkaddr.o)
                0x00000000000096dc                linkaddr_null
 .rodata        0x00000000000096de       0x14 contiki-sky.a(nullsec.o)
                0x00000000000096e6                nullsec_driver
 .rodata        0x00000000000096f2       0x10 contiki-sky.a(chameleon-bitop)
                0x00000000000096f2                chameleon_bitopt
 .rodata.vuprintf
                0x0000000000009702        0x7 /usr/local/msp430/lib/gcc/msp430/4.7.0/../../../../msp430/lib/mmpy-16/libc.a(vuprintf.o)
 *(.near.rodata .near.rodata.*)
                0x000000000000970a                . = ALIGN (0x2)
                0x000000000000970a                _etext = .

.data           0x0000000000001100       0x86 load address 0x000000000000970a
                0x0000000000001100                . = ALIGN (0x2)
                0x0000000000001100                __data_start = .
 *(.data .data.* .gnu.linkonce.d.*)
 .data          0x0000000000001100        0xa net-test.co
                0x0000000000001100                net_test_process
 .data          0x000000000000110a       0x18 obj_sky/csma.o
 .data          0x0000000000001122        0xa obj_sky/cc2420.o
                0x0000000000001122                cc2420_process
 .data          0x000000000000112c        0x4 contiki-sky.a(contiki-sky-pla)
                0x000000000000112c                sensors
 .data          0x0000000000001130        0xa contiki-sky.a(sensors.o)
                0x0000000000001130                sensors_process
 .data          0x000000000000113a        0x2 contiki-sky.a(msp430.o)
 .data          0x000000000000113c        0xa contiki-sky.a(ctimer.o)
                0x000000000000113c                ctimer_process
 .data          0x0000000000001146        0xa contiki-sky.a(etimer.o)
                0x0000000000001146                etimer_process
 .data          0x0000000000001150        0xa contiki-sky.a(serial-line.o)
                0x0000000000001150                serial_line_process
 .data          0x000000000000115a       0x10 contiki-sky.a(phase.o)
 .data          0x000000000000116a       0x10 contiki-sky.a(queuebuf.o)
 .data          0x000000000000117a        0x8 contiki-sky.a(nbr-table.o)
 .data.next     0x0000000000001182        0x4 /usr/local/msp430/lib/gcc/msp430/4.7.0/../../../../msp430/lib/mmpy-16/libc.a(rand.o)
 *(.near.data .near.data.*)
                0x0000000000001186                . = ALIGN (0x2)
                0x0000000000001186                _edata = .
                0x000000000000970a                __data_load_start = LOADADDR (.data)
                0x0000000000000086                __data_size = SIZEOF (.data)

.bss            0x0000000000001186     0x1364 load address 0x0000000000009790
                0x0000000000001186                __bss_start = .
 *(.bss .bss.*)
 .bss           0x0000000000001186       0x1c net-test.co
 .bss           0x00000000000011a2       0x34 obj_sky/contikimac.o
 .bss           0x00000000000011d6      0x128 obj_sky/csma.o
 .bss           0x00000000000012fe        0x8 obj_sky/cc2420.o
 .bss           0x0000000000001306        0xc obj_sky/contiki-sky-main.o
 .bss           0x0000000000001312        0x8 contiki-sky.a(button-sensor.o)
 .bss           0x000000000000131a        0x2 contiki-sky.a(node-id.o)
                0x000000000000131a                node_id
 .bss           0x000000000000131c        0x6 contiki-sky.a(sensors.o)
 .bss           0x0000000000001322       0x9a contiki-sky.a(uart1.o)
 .bss           0x00000000000013bc        0xa contiki-sky.a(clock.o)
 .bss           0x00000000000013c6        0x1 contiki-sky.a(leds.o)
 *fill*         0x00000000000013c7        0x1 00
 .bss           0x00000000000013c8        0x2 contiki-sky.a(watchdog.o)
 .bss           0x00000000000013ca        0x4 contiki-sky.a(ctimer.o)
 .bss           0x00000000000013ce        0x6 contiki-sky.a(etimer.o)
 .bss           0x00000000000013d4        0x8 contiki-sky.a(compower.o)
 .bss           0x00000000000013dc       0x42 contiki-sky.a(process.o)
                0x00000000000013dc                process_current
                0x00000000000013de                process_list
 .bss           0x000000000000141e        0x2 contiki-sky.a(rtimer.o)
 .bss           0x0000000000001420      0x10a contiki-sky.a(serial-line.o)
 .bss           0x000000000000152a        0x2 contiki-sky.a(rime.o)
 .bss           0x000000000000152c       0x46 contiki-sky.a(broadcast-annou)
 .bss           0x0000000000001572        0x2 contiki-sky.a(channel.o)
 .bss           0x0000000000001574        0x6 contiki-sky.a(announcement.o)
 .bss           0x000000000000157a       0x40 contiki-sky.a(mac-sequence.o)
 .bss           0x00000000000015ba        0x2 contiki-sky.a(framer-802154.o)
 .bss           0x00000000000015bc      0x148 contiki-sky.a(phase.o)
 .bss           0x0000000000001704      0xc20 contiki-sky.a(queuebuf.o)
 .bss           0x0000000000002324       0x4c contiki-sky.a(nbr-table.o)
 .bss           0x0000000000002370       0xb8 contiki-sky.a(packetbuf.o)
 .bss.destination_
                0x0000000000002428        0x2 /usr/local/msp430/lib/gcc/msp430/4.7.0/../../../../msp430/lib/mmpy-16/libc.a(sprintf.o)
 .bss.available_
                0x000000000000242a        0x2 /usr/local/msp430/lib/gcc/msp430/4.7.0/../../../../msp430/lib/mmpy-16/libc.a(sprintf.o)
 *(.near.bss .near.bss.*)
 *(COMMON)
 COMMON         0x000000000000242c        0x2 obj_sky/cooja-debug.o
                0x000000000000242c                cooja_debug_ptr
 COMMON         0x000000000000242e       0x10 obj_sky/cc2420.o
                0x000000000000242e                cc2420_last_rssi
                0x0000000000002430                cc2420_sfd_start_time
                0x0000000000002432                cc2420_time_of_departure
                0x0000000000002434                cc2420_time_of_arrival
                0x0000000000002436                cc2420_last_correlation
                0x0000000000002438                cc2420_authority_level_of_sender
                0x000000000000243a                cc2420_sfd_counter
                0x000000000000243c                cc2420_sfd_end_time
 COMMON         0x000000000000243e        0x2 contiki-sky.a(contiki-sky-pla)
                0x000000000000243e                sensors_flags
 COMMON         0x0000000000002440        0x8 contiki-sky.a(ds2411.o)
                0x0000000000002440                ds2411_id
 COMMON         0x0000000000002448        0x1 contiki-sky.a(sensors.o)
                0x0000000000002448                sensors_event
 *fill*         0x0000000000002449        0x1 00
 COMMON         0x000000000000244a        0x2 contiki-sky.a(msp430.o)
                0x000000000000244a                msp430_dco_required
 COMMON         0x000000000000244c       0x56 contiki-sky.a(energest.o)
                0x000000000000244c                energest_total_time
                0x000000000000247c                energest_total_count
                0x000000000000247e                energest_current_mode
                0x000000000000248a                energest_current_time
 COMMON         0x00000000000024a2        0x8 contiki-sky.a(compower.o)
                0x00000000000024a2                compower_idle_activity
 COMMON         0x00000000000024aa        0x1 contiki-sky.a(process.o)
                0x00000000000024aa                process_maxevents
 COMMON         0x00000000000024ab        0x1 contiki-sky.a(serial-line.o)
                0x00000000000024ab                serial_line_event_message
 COMMON         0x00000000000024ac       0x3c contiki-sky.a(packetbuf.o)
                0x00000000000024ac                packetbuf_addrs
                0x00000000000024b4                packetbuf_attrs
 COMMON         0x00000000000024e8        0x2 contiki-sky.a(linkaddr.o)
                0x00000000000024e8                linkaddr_node_addr
                0x00000000000024ea                . = ALIGN (0x2)
                0x00000000000024ea                __bss_end = .
                0x0000000000001364                __bss_size = SIZEOF (.bss)

.noinit         0x00000000000024ea        0x2 load address 0x0000000000009790
                0x00000000000024ea                . = ALIGN (0x2)
                0x00000000000024ea                __noinit_start = .
 *(.noinit .noinit.*)
 .noinit.crt0   0x00000000000024ea        0x2 /usr/local/msp430/lib/gcc/msp430/4.7.0/mmpy-16/libcrt0.a(__watchdog_support.o)
                0x00000000000024ea                __wdt_clear_value
                0x00000000000024ec                . = ALIGN (0x2)
                0x00000000000024ec                __noinit_end = .
                0x00000000000024ec                . = ALIGN (0x2)
                0x00000000000024ec                _end = .

.infomem        0x0000000000001000        0x0
                0x0000000000001000                . = ALIGN (0x2)
 *(.infomem .infomem.*)

.infomemnobits  0x0000000000001000        0x0
                0x0000000000001000                . = ALIGN (0x2)
 *(.infomemnobits .infomemnobits.*)

.infoa          0x0000000000001080        0x0
                0x0000000000001080                . = ALIGN (0x2)
 *(.infoa .infoa.*)

.infob          0x0000000000001000        0x0
                0x0000000000001000                . = ALIGN (0x2)
 *(.infob .infob.*)

.infoc          0x0000000000000000        0x0
                0x0000000000000000                . = ALIGN (0x2)
 *(.infoc .infoc.*)

.infod          0x0000000000000000        0x0
                0x0000000000000000                . = ALIGN (0x2)
 *(.infod .infod.*)
                0x000000000000ffff                PROVIDE (__vte_0, 0xffff)
                0x000000000000ffff                PROVIDE (__vte_1, 0xffff)
                0x000000000000ffff                PROVIDE (__vte_2, 0xffff)
                0x000000000000ffff                PROVIDE (__vte_3, 0xffff)
                0x000000000000ffff                PROVIDE (__vte_4, 0xffff)
                0x000000000000ffff                PROVIDE (__vte_5, 0xffff)
                0x000000000000ffff                PROVIDE (__vte_6, 0xffff)
                0x000000000000ffff                PROVIDE (__vte_7, 0xffff)
                0x000000000000ffff                PROVIDE (__vte_8, 0xffff)
                0x000000000000ffff                PROVIDE (__vte_9, 0xffff)
                0x000000000000ffff                PROVIDE (__vte_10, 0xffff)
                0x000000000000ffff                PROVIDE (__vte_11, 0xffff)
                0x000000000000ffff                PROVIDE (__vte_12, 0xffff)
                0x000000000000ffff                PROVIDE (__vte_13, 0xffff)
                0x000000000000ffff                PROVIDE (__vte_14, 0xffff)
                0x000000000000ffff                PROVIDE (__vte_15, 0xffff)
                0x000000000000ffff                PROVIDE (__vte_16, 0xffff)
                0x000000000000ffff                PROVIDE (__vte_17, 0xffff)
                0x000000000000ffff                PROVIDE (__vte_18, 0xffff)
                0x000000000000ffff                PROVIDE (__vte_19, 0xffff)
                0x000000000000ffff                PROVIDE (__vte_20, 0xffff)
                0x000000000000ffff                PROVIDE (__vte_21, 0xffff)
                0x000000000000ffff                PROVIDE (__vte_22, 0xffff)
                0x000000000000ffff                PROVIDE (__vte_23, 0xffff)
                0x000000000000ffff                PROVIDE (__vte_24, 0xffff)
                0x000000000000ffff                PROVIDE (__vte_25, 0xffff)
                0x000000000000ffff                PROVIDE (__vte_26, 0xffff)
                0x000000000000ffff                PROVIDE (__vte_27, 0xffff)
                0x000000000000ffff                PROVIDE (__vte_28, 0xffff)
                0x000000000000ffff                PROVIDE (__vte_29, 0xffff)
                0x000000000000ffff                PROVIDE (__vte_30, 0xffff)
                0x000000000000ffff                PROVIDE (__vte_31, 0xffff)

.vectors        0x000000000000ffe0       0x20
                0x000000000000ffe0                __vectors_start = .
 *(.vectors*)
 .vectors       0x000000000000ffe0       0x20 /usr/local/msp430/lib/gcc/msp430/4.7.0/mmpy-16/crt0ivtbl16.o
                0x000000000000ffe0                __ivtbl_16
                0x0000000000010000                _vectors_end = .

.fartext        0x0000000000000000        0x0
                0x0000000000000000                . = ALIGN (0x2)
 *(.fartext .fartext.*)

.far.text       0x0000000000000000        0x0
                0x0000000000000000                . = ALIGN (0x2)
 *(.far.text .far.text.*)

.far.rodata     0x0000000000000000        0x0
                0x0000000000000000                . = ALIGN (0x2)
 *(.far.rodata .far.rodata.*)
                0x0000000000000000                . = ALIGN (0x2)
                0x0000000000000000                _efartext = .

.far.data       0x0000000000000000        0x0
                0x0000000000000000                . = ALIGN (0x2)
                0x0000000000000000                __far_data_start = .
 *(.far.data .far.data.*)
                0x0000000000000000                . = ALIGN (0x2)
                0x0000000000000000                _efardata = .
                0x0000000000000000                __far_data_load_start = LOADADDR (.far.data)
                0x0000000000000000                __far_data_size = SIZEOF (.far.data)

.far.bss        0x0000000000000000        0x0
                0x0000000000000000                . = ALIGN (0x2)
                0x0000000000000000                __far_bss_start = .
 *(.far.bss .far.bss.*)
                0x0000000000000000                . = ALIGN (0x2)
                0x0000000000000000                __far_bss_end = .
                0x0000000000000000                __far_bss_size = SIZEOF (.far.bss)
                0x0000000000000000                . = ALIGN (0x2)
                0x0000000000000000                _far_end = .

.profiler
 *(.profiler)

.stab
 *(.stab)

.stabstr
 *(.stabstr)

.stab.excl
 *(.stab.excl)

.stab.exclstr
 *(.stab.exclstr)

.stab.index
 *(.stab.index)

.stab.indexstr
 *(.stab.indexstr)

.comment        0x0000000000000000       0x30
 *(.comment)
 .comment       0x0000000000000000       0x30 net-test.co
                                         0x31 (size before relaxing)
 .comment       0x0000000000000000       0x31 obj_sky/contikimac.o
 .comment       0x0000000000000000       0x31 obj_sky/csma.o
 .comment       0x0000000000000000       0x31 obj_sky/cooja-debug.o
 .comment       0x0000000000000000       0x31 obj_sky/cc2420.o
 .comment       0x0000000000000000       0x31 obj_sky/contiki-sky-main.o
 .comment       0x0000000000000000       0x31 contiki-sky.a(contiki-sky-pla)
 .comment       0x0000000000000000       0x31 contiki-sky.a(button-sensor.o)
 .comment       0x0000000000000000       0x31 contiki-sky.a(ds2411.o)
 .comment       0x0000000000000000       0x31 contiki-sky.a(xmem.o)
 .comment       0x0000000000000000       0x31 contiki-sky.a(node-id.o)
 .comment       0x0000000000000000       0x31 contiki-sky.a(sensors.o)
 .comment       0x0000000000000000       0x31 contiki-sky.a(cc2420-arch.o)
 .comment       0x0000000000000000       0x31 contiki-sky.a(uart1.o)
 .comment       0x0000000000000000       0x31 contiki-sky.a(uart1-putchar.o)
 .comment       0x0000000000000000       0x31 contiki-sky.a(msp430.o)
 .comment       0x0000000000000000       0x31 contiki-sky.a(clock.o)
 .comment       0x0000000000000000       0x31 contiki-sky.a(leds.o)
 .comment       0x0000000000000000       0x31 contiki-sky.a(leds-arch.o)
 .comment       0x0000000000000000       0x31 contiki-sky.a(watchdog.o)
 .comment       0x0000000000000000       0x31 contiki-sky.a(rtimer-arch.o)
 .comment       0x0000000000000000       0x31 contiki-sky.a(autostart.o)
 .comment       0x0000000000000000       0x31 contiki-sky.a(ctimer.o)
 .comment       0x0000000000000000       0x31 contiki-sky.a(energest.o)
 .comment       0x0000000000000000       0x31 contiki-sky.a(etimer.o)
 .comment       0x0000000000000000       0x31 contiki-sky.a(compower.o)
 .comment       0x0000000000000000       0x31 contiki-sky.a(process.o)
 .comment       0x0000000000000000       0x31 contiki-sky.a(rtimer.o)
 .comment       0x0000000000000000       0x31 contiki-sky.a(timer.o)
 .comment       0x0000000000000000       0x31 contiki-sky.a(serial-line.o)
 .comment       0x0000000000000000       0x31 contiki-sky.a(list.o)
 .comment       0x0000000000000000       0x31 contiki-sky.a(memb.o)
 .comment       0x0000000000000000       0x31 contiki-sky.a(random.o)
 .comment       0x0000000000000000       0x31 contiki-sky.a(ringbuf.o)
 .comment       0x0000000000000000       0x31 contiki-sky.a(rime.o)
 .comment       0x0000000000000000       0x31 contiki-sky.a(broadcast-annou)
 .comment       0x0000000000000000       0x31 contiki-sky.a(broadcast.o)
 .comment       0x0000000000000000       0x31 contiki-sky.a(chameleon.o)
 .comment       0x0000000000000000       0x31 contiki-sky.a(channel.o)
 .comment       0x0000000000000000       0x31 contiki-sky.a(unicast.o)
 .comment       0x0000000000000000       0x31 contiki-sky.a(abc.o)
 .comment       0x0000000000000000       0x31 contiki-sky.a(announcement.o)
 .comment       0x0000000000000000       0x31 contiki-sky.a(mac-sequence.o)
 .comment       0x0000000000000000       0x31 contiki-sky.a(framer-802154.o)
 .comment       0x0000000000000000       0x31 contiki-sky.a(frame802154.o)
 .comment       0x0000000000000000       0x31 contiki-sky.a(mac.o)
 .comment       0x0000000000000000       0x31 contiki-sky.a(phase.o)
 .comment       0x0000000000000000       0x31 contiki-sky.a(framer.o)
 .comment       0x0000000000000000       0x31 contiki-sky.a(queuebuf.o)
 .comment       0x0000000000000000       0x31 contiki-sky.a(nbr-table.o)
 .comment       0x0000000000000000       0x31 contiki-sky.a(packetbuf.o)
 .comment       0x0000000000000000       0x31 contiki-sky.a(linkaddr.o)
 .comment       0x0000000000000000       0x31 contiki-sky.a(nullsec.o)
 .comment       0x0000000000000000       0x31 contiki-sky.a(spi.o)
 .comment       0x0000000000000000       0x31 contiki-sky.a(chameleon-bitop)
 .comment       0x0000000000000000       0x31 /usr/local/msp430/lib/gcc/msp430/4.7.0/../../../../msp430/lib/mmpy-16/libc.a(printf.o)
 .comment       0x0000000000000000       0x31 /usr/local/msp430/lib/gcc/msp430/4.7.0/../../../../msp430/lib/mmpy-16/libc.a(sprintf.o)
 .comment       0x0000000000000000       0x31 /usr/local/msp430/lib/gcc/msp430/4.7.0/../../../../msp430/lib/mmpy-16/libc.a(vuprintf.o)
 .comment       0x0000000000000000       0x31 /usr/local/msp430/lib/gcc/msp430/4.7.0/../../../../msp430/lib/mmpy-16/libc.a(puts.o)
 .comment       0x0000000000000000       0x31 /usr/local/msp430/lib/gcc/msp430/4.7.0/../../../../msp430/lib/mmpy-16/libc.a(rand.o)
 .comment       0x0000000000000000       0x31 /usr/local/msp430/lib/gcc/msp430/4.7.0/../../../../msp430/lib/mmpy-16/libc.a(memcmp.o)
 .comment       0x0000000000000000       0x31 /usr/local/msp430/lib/gcc/msp430/4.7.0/../../../../msp430/lib/mmpy-16/libc.a(memcpy.o)
 .comment       0x0000000000000000       0x31 /usr/local/msp430/lib/gcc/msp430/4.7.0/../../../../msp430/lib/mmpy-16/libc.a(memset.o)

.debug
 *(.debug)

.line
 *(.line)

.debug_srcinfo
 *(.debug_srcinfo)

.debug_sfnames
 *(.debug_sfnames)

.debug_aranges  0x0000000000000000      0x1b4
 *(.debug_aranges)
 .debug_aranges
                0x0000000000000000       0x14 /usr/local/msp430/lib/gcc/msp430/4.7.0/mmpy-16/crt0ivtbl16.o
 .debug_aranges
                0x0000000000000014       0x14 /usr/local/msp430/lib/gcc/msp430/4.7.0/mmpy-16/libgcc.a(_mulsi3.o)
 .debug_aranges
                0x0000000000000028       0x14 /usr/local/msp430/lib/gcc/msp430/4.7.0/mmpy-16/libgcc.a(_udivmod16.o)
 .debug_aranges
                0x000000000000003c       0x14 /usr/local/msp430/lib/gcc/msp430/4.7.0/mmpy-16/libgcc.a(_divmod16.o)
 .debug_aranges
                0x0000000000000050       0x14 /usr/local/msp430/lib/gcc/msp430/4.7.0/mmpy-16/libgcc.a(_udivmod32.o)
 .debug_aranges
                0x0000000000000064       0x18 /usr/local/msp430/lib/gcc/msp430/4.7.0/../../../../msp430/lib/mmpy-16/libc.a(printf.o)
 .debug_aranges
                0x000000000000007c       0x28 /usr/local/msp430/lib/gcc/msp430/4.7.0/../../../../msp430/lib/mmpy-16/libc.a(sprintf.o)
 .debug_aranges
                0x00000000000000a4       0x18 /usr/local/msp430/lib/gcc/msp430/4.7.0/../../../../msp430/lib/mmpy-16/libc.a(vuprintf.o)
 .debug_aranges
                0x00000000000000bc       0x14 /usr/local/msp430/lib/gcc/msp430/4.7.0/../../../../msp430/lib/mmpy-16/libc.a(puts.o)
 .debug_aranges
                0x00000000000000d0       0x1c /usr/local/msp430/lib/gcc/msp430/4.7.0/../../../../msp430/lib/mmpy-16/libc.a(rand.o)
 .debug_aranges
                0x00000000000000ec       0x14 /usr/local/msp430/lib/gcc/msp430/4.7.0/../../../../msp430/lib/mmpy-16/libc.a(memcmp.o)
 .debug_aranges
                0x0000000000000100       0x14 /usr/local/msp430/lib/gcc/msp430/4.7.0/../../../../msp430/lib/mmpy-16/libc.a(memcpy.o)
 .debug_aranges
                0x0000000000000114       0x14 /usr/local/msp430/lib/gcc/msp430/4.7.0/../../../../msp430/lib/mmpy-16/libc.a(memset.o)
 .debug_aranges
                0x0000000000000128       0x14 /usr/local/msp430/lib/gcc/msp430/4.7.0/mmpy-16/libgcc.a(_udivmod64.o)
 .debug_aranges
                0x000000000000013c       0x14 /usr/local/msp430/lib/gcc/msp430/4.7.0/mmpy-16/libcrt0.a(__watchdog_support.o)
 .debug_aranges
                0x0000000000000150       0x14 /usr/local/msp430/lib/gcc/msp430/4.7.0/mmpy-16/libcrt0.a(__init_stack.o)
 .debug_aranges
                0x0000000000000164       0x14 /usr/local/msp430/lib/gcc/msp430/4.7.0/mmpy-16/libcrt0.a(_copy_data.o)
 .debug_aranges
                0x0000000000000178       0x14 /usr/local/msp430/lib/gcc/msp430/4.7.0/mmpy-16/libcrt0.a(_clear_bss.o)
 .debug_aranges
                0x000000000000018c       0x14 /usr/local/msp430/lib/gcc/msp430/4.7.0/mmpy-16/libcrt0.a(_endless_loop__.o)
 .debug_aranges
                0x00000000000001a0       0x14 /usr/local/msp430/lib/gcc/msp430/4.7.0/mmpy-16/libcrt0.a(_unexpected_.o)

.debug_pubnames
 *(.debug_pubnames)

.debug_info     0x0000000000000000     0x1697
 *(.debug_info)
 .debug_info    0x0000000000000000       0x99 /usr/local/msp430/lib/gcc/msp430/4.7.0/mmpy-16/crt0ivtbl16.o
 .debug_info    0x0000000000000099       0x96 /usr/local/msp430/lib/gcc/msp430/4.7.0/mmpy-16/libgcc.a(_mulsi3.o)
 .debug_info    0x000000000000012f       0x96 /usr/local/msp430/lib/gcc/msp430/4.7.0/mmpy-16/libgcc.a(_udivmod16.o)
 .debug_info    0x00000000000001c5       0x96 /usr/local/msp430/lib/gcc/msp430/4.7.0/mmpy-16/libgcc.a(_divmod16.o)
 .debug_info    0x000000000000025b       0x96 /usr/local/msp430/lib/gcc/msp430/4.7.0/mmpy-16/libgcc.a(_udivmod32.o)
 .debug_info    0x00000000000002f1      0x16e /usr/local/msp430/lib/gcc/msp430/4.7.0/../../../../msp430/lib/mmpy-16/libc.a(printf.o)
 .debug_info    0x000000000000045f      0x321 /usr/local/msp430/lib/gcc/msp430/4.7.0/../../../../msp430/lib/mmpy-16/libc.a(sprintf.o)
 .debug_info    0x0000000000000780      0x5d4 /usr/local/msp430/lib/gcc/msp430/4.7.0/../../../../msp430/lib/mmpy-16/libc.a(vuprintf.o)
 .debug_info    0x0000000000000d54       0xc7 /usr/local/msp430/lib/gcc/msp430/4.7.0/../../../../msp430/lib/mmpy-16/libc.a(puts.o)
 .debug_info    0x0000000000000e1b      0x146 /usr/local/msp430/lib/gcc/msp430/4.7.0/../../../../msp430/lib/mmpy-16/libc.a(rand.o)
 .debug_info    0x0000000000000f61       0xe5 /usr/local/msp430/lib/gcc/msp430/4.7.0/../../../../msp430/lib/mmpy-16/libc.a(memcmp.o)
 .debug_info    0x0000000000001046      0x12c /usr/local/msp430/lib/gcc/msp430/4.7.0/../../../../msp430/lib/mmpy-16/libc.a(memcpy.o)
 .debug_info    0x0000000000001172      0x117 /usr/local/msp430/lib/gcc/msp430/4.7.0/../../../../msp430/lib/mmpy-16/libc.a(memset.o)
 .debug_info    0x0000000000001289       0x96 /usr/local/msp430/lib/gcc/msp430/4.7.0/mmpy-16/libgcc.a(_udivmod64.o)
 .debug_info    0x000000000000131f       0x94 /usr/local/msp430/lib/gcc/msp430/4.7.0/mmpy-16/libcrt0.a(__watchdog_support.o)
 .debug_info    0x00000000000013b3       0x94 /usr/local/msp430/lib/gcc/msp430/4.7.0/mmpy-16/libcrt0.a(__init_stack.o)
 .debug_info    0x0000000000001447       0x94 /usr/local/msp430/lib/gcc/msp430/4.7.0/mmpy-16/libcrt0.a(_copy_data.o)
 .debug_info    0x00000000000014db       0x94 /usr/local/msp430/lib/gcc/msp430/4.7.0/mmpy-16/libcrt0.a(_clear_bss.o)
 .debug_info    0x000000000000156f       0x94 /usr/local/msp430/lib/gcc/msp430/4.7.0/mmpy-16/libcrt0.a(_endless_loop__.o)
 .debug_info    0x0000000000001603       0x94 /usr/local/msp430/lib/gcc/msp430/4.7.0/mmpy-16/libcrt0.a(_unexpected_.o)
 *(.gnu.linkonce.wi.*)

.debug_abbrev   0x0000000000000000      0x8fc
 *(.debug_abbrev)
 .debug_abbrev  0x0000000000000000       0x14 /usr/local/msp430/lib/gcc/msp430/4.7.0/mmpy-16/crt0ivtbl16.o
 .debug_abbrev  0x0000000000000014       0x14 /usr/local/msp430/lib/gcc/msp430/4.7.0/mmpy-16/libgcc.a(_mulsi3.o)
 .debug_abbrev  0x0000000000000028       0x14 /usr/local/msp430/lib/gcc/msp430/4.7.0/mmpy-16/libgcc.a(_udivmod16.o)
 .debug_abbrev  0x000000000000003c       0x14 /usr/local/msp430/lib/gcc/msp430/4.7.0/mmpy-16/libgcc.a(_divmod16.o)
 .debug_abbrev  0x0000000000000050       0x14 /usr/local/msp430/lib/gcc/msp430/4.7.0/mmpy-16/libgcc.a(_udivmod32.o)
 .debug_abbrev  0x0000000000000064       0xfa /usr/local/msp430/lib/gcc/msp430/4.7.0/../../../../msp430/lib/mmpy-16/libc.a(printf.o)
 .debug_abbrev  0x000000000000015e      0x14c /usr/local/msp430/lib/gcc/msp430/4.7.0/../../../../msp430/lib/mmpy-16/libc.a(sprintf.o)
 .debug_abbrev  0x00000000000002aa      0x23e /usr/local/msp430/lib/gcc/msp430/4.7.0/../../../../msp430/lib/mmpy-16/libc.a(vuprintf.o)
 .debug_abbrev  0x00000000000004e8       0xa3 /usr/local/msp430/lib/gcc/msp430/4.7.0/../../../../msp430/lib/mmpy-16/libc.a(puts.o)
 .debug_abbrev  0x000000000000058b       0xfb /usr/local/msp430/lib/gcc/msp430/4.7.0/../../../../msp430/lib/mmpy-16/libc.a(rand.o)
 .debug_abbrev  0x0000000000000686       0x9e /usr/local/msp430/lib/gcc/msp430/4.7.0/../../../../msp430/lib/mmpy-16/libc.a(memcmp.o)
 .debug_abbrev  0x0000000000000724       0xab /usr/local/msp430/lib/gcc/msp430/4.7.0/../../../../msp430/lib/mmpy-16/libc.a(memcpy.o)
 .debug_abbrev  0x00000000000007cf       0xa1 /usr/local/msp430/lib/gcc/msp430/4.7.0/../../../../msp430/lib/mmpy-16/libc.a(memset.o)
 .debug_abbrev  0x0000000000000870       0x14 /usr/local/msp430/lib/gcc/msp430/4.7.0/mmpy-16/libgcc.a(_udivmod64.o)
 .debug_abbrev  0x0000000000000884       0x14 /usr/local/msp430/lib/gcc/msp430/4.7.0/mmpy-16/libcrt0.a(__watchdog_support.o)
 .debug_abbrev  0x0000000000000898       0x14 /usr/local/msp430/lib/gcc/msp430/4.7.0/mmpy-16/libcrt0.a(__init_stack.o)
 .debug_abbrev  0x00000000000008ac       0x14 /usr/local/msp430/lib/gcc/msp430/4.7.0/mmpy-16/libcrt0.a(_copy_data.o)
 .debug_abbrev  0x00000000000008c0       0x14 /usr/local/msp430/lib/gcc/msp430/4.7.0/mmpy-16/libcrt0.a(_clear_bss.o)
 .debug_abbrev  0x00000000000008d4       0x14 /usr/local/msp430/lib/gcc/msp430/4.7.0/mmpy-16/libcrt0.a(_endless_loop__.o)
 .debug_abbrev  0x00000000000008e8       0x14 /usr/local/msp430/lib/gcc/msp430/4.7.0/mmpy-16/libcrt0.a(_unexpected_.o)

.debug_line     0x0000000000000000      0xd7d
 *(.debug_line)
 .debug_line    0x0000000000000000       0x67 /usr/local/msp430/lib/gcc/msp430/4.7.0/mmpy-16/crt0ivtbl16.o
 .debug_line    0x0000000000000067       0x7a /usr/local/msp430/lib/gcc/msp430/4.7.0/mmpy-16/libgcc.a(_mulsi3.o)
 .debug_line    0x00000000000000e1       0x73 /usr/local/msp430/lib/gcc/msp430/4.7.0/mmpy-16/libgcc.a(_udivmod16.o)
 .debug_line    0x0000000000000154       0x7e /usr/local/msp430/lib/gcc/msp430/4.7.0/mmpy-16/libgcc.a(_divmod16.o)
 .debug_line    0x00000000000001d2       0x82 /usr/local/msp430/lib/gcc/msp430/4.7.0/mmpy-16/libgcc.a(_udivmod32.o)
 .debug_line    0x0000000000000254       0xa3 /usr/local/msp430/lib/gcc/msp430/4.7.0/../../../../msp430/lib/mmpy-16/libc.a(printf.o)
 .debug_line    0x00000000000002f7      0x101 /usr/local/msp430/lib/gcc/msp430/4.7.0/../../../../msp430/lib/mmpy-16/libc.a(sprintf.o)
 .debug_line    0x00000000000003f8      0x304 /usr/local/msp430/lib/gcc/msp430/4.7.0/../../../../msp430/lib/mmpy-16/libc.a(vuprintf.o)
 .debug_line    0x00000000000006fc       0x65 /usr/local/msp430/lib/gcc/msp430/4.7.0/../../../../msp430/lib/mmpy-16/libc.a(puts.o)
 .debug_line    0x0000000000000761       0x68 /usr/local/msp430/lib/gcc/msp430/4.7.0/../../../../msp430/lib/mmpy-16/libc.a(rand.o)
 .debug_line    0x00000000000007c9       0x89 /usr/local/msp430/lib/gcc/msp430/4.7.0/../../../../msp430/lib/mmpy-16/libc.a(memcmp.o)
 .debug_line    0x0000000000000852      0x112 /usr/local/msp430/lib/gcc/msp430/4.7.0/../../../../msp430/lib/mmpy-16/libc.a(memcpy.o)
 .debug_line    0x0000000000000964       0xec /usr/local/msp430/lib/gcc/msp430/4.7.0/../../../../msp430/lib/mmpy-16/libc.a(memset.o)
 .debug_line    0x0000000000000a50       0xcc /usr/local/msp430/lib/gcc/msp430/4.7.0/mmpy-16/libgcc.a(_udivmod64.o)
 .debug_line    0x0000000000000b1c       0x65 /usr/local/msp430/lib/gcc/msp430/4.7.0/mmpy-16/libcrt0.a(__watchdog_support.o)
 .debug_line    0x0000000000000b81       0x63 /usr/local/msp430/lib/gcc/msp430/4.7.0/mmpy-16/libcrt0.a(__init_stack.o)
 .debug_line    0x0000000000000be4       0x69 /usr/local/msp430/lib/gcc/msp430/4.7.0/mmpy-16/libcrt0.a(_copy_data.o)
 .debug_line    0x0000000000000c4d       0x69 /usr/local/msp430/lib/gcc/msp430/4.7.0/mmpy-16/libcrt0.a(_clear_bss.o)
 .debug_line    0x0000000000000cb6       0x64 /usr/local/msp430/lib/gcc/msp430/4.7.0/mmpy-16/libcrt0.a(_endless_loop__.o)
 .debug_line    0x0000000000000d1a       0x63 /usr/local/msp430/lib/gcc/msp430/4.7.0/mmpy-16/libcrt0.a(_unexpected_.o)

.debug_frame    0x0000000000000000      0x21e
 *(.debug_frame)
 .debug_frame   0x0000000000000000       0x2a /usr/local/msp430/lib/gcc/msp430/4.7.0/../../../../msp430/lib/mmpy-16/libc.a(printf.o)
 .debug_frame   0x000000000000002a       0x68 /usr/local/msp430/lib/gcc/msp430/4.7.0/../../../../msp430/lib/mmpy-16/libc.a(sprintf.o)
 .debug_frame   0x0000000000000092       0xa0 /usr/local/msp430/lib/gcc/msp430/4.7.0/../../../../msp430/lib/mmpy-16/libc.a(vuprintf.o)
 .debug_frame   0x0000000000000132       0x24 /usr/local/msp430/lib/gcc/msp430/4.7.0/../../../../msp430/lib/mmpy-16/libc.a(puts.o)
 .debug_frame   0x0000000000000156       0x3c /usr/local/msp430/lib/gcc/msp430/4.7.0/../../../../msp430/lib/mmpy-16/libc.a(rand.o)
 .debug_frame   0x0000000000000192       0x28 /usr/local/msp430/lib/gcc/msp430/4.7.0/../../../../msp430/lib/mmpy-16/libc.a(memcmp.o)
 .debug_frame   0x00000000000001ba       0x32 /usr/local/msp430/lib/gcc/msp430/4.7.0/../../../../msp430/lib/mmpy-16/libc.a(memcpy.o)
 .debug_frame   0x00000000000001ec       0x32 /usr/local/msp430/lib/gcc/msp430/4.7.0/../../../../msp430/lib/mmpy-16/libc.a(memset.o)

.debug_str      0x0000000000000000      0x43d
 *(.debug_str)
 .debug_str     0x0000000000000000       0xe7 /usr/local/msp430/lib/gcc/msp430/4.7.0/../../../../msp430/lib/mmpy-16/libc.a(printf.o)
                                        0x138 (size before relaxing)
 .debug_str     0x00000000000000e7       0x75 /usr/local/msp430/lib/gcc/msp430/4.7.0/../../../../msp430/lib/mmpy-16/libc.a(sprintf.o)
                                        0x19d (size before relaxing)
 .debug_str     0x000000000000015c      0x218 /usr/local/msp430/lib/gcc/msp430/4.7.0/../../../../msp430/lib/mmpy-16/libc.a(vuprintf.o)
                                        0x383 (size before relaxing)
 .debug_str     0x0000000000000374       0x1d /usr/local/msp430/lib/gcc/msp430/4.7.0/../../../../msp430/lib/mmpy-16/libc.a(puts.o)
                                         0xfd (size before relaxing)
 .debug_str     0x0000000000000391       0x2f /usr/local/msp430/lib/gcc/msp430/4.7.0/../../../../msp430/lib/mmpy-16/libc.a(rand.o)
                                        0x114 (size before relaxing)
 .debug_str     0x00000000000003c0       0x19 /usr/local/msp430/lib/gcc/msp430/4.7.0/../../../../msp430/lib/mmpy-16/libc.a(memcmp.o)
                                        0x100 (size before relaxing)
 .debug_str     0x00000000000003d9       0x3e /usr/local/msp430/lib/gcc/msp430/4.7.0/../../../../msp430/lib/mmpy-16/libc.a(memcpy.o)
                                        0x12e (size before relaxing)
 .debug_str     0x0000000000000417       0x26 /usr/local/msp430/lib/gcc/msp430/4.7.0/../../../../msp430/lib/mmpy-16/libc.a(memset.o)
                                        0x12c (size before relaxing)

.debug_loc      0x0000000000000000      0xd06
 *(.debug_loc)
 .debug_loc     0x0000000000000000       0x4c /usr/local/msp430/lib/gcc/msp430/4.7.0/../../../../msp430/lib/mmpy-16/libc.a(printf.o)
 .debug_loc     0x000000000000004c      0x13a /usr/local/msp430/lib/gcc/msp430/4.7.0/../../../../msp430/lib/mmpy-16/libc.a(sprintf.o)
 .debug_loc     0x0000000000000186      0x7fa /usr/local/msp430/lib/gcc/msp430/4.7.0/../../../../msp430/lib/mmpy-16/libc.a(vuprintf.o)
 .debug_loc     0x0000000000000980       0x26 /usr/local/msp430/lib/gcc/msp430/4.7.0/../../../../msp430/lib/mmpy-16/libc.a(puts.o)
 .debug_loc     0x00000000000009a6       0x4f /usr/local/msp430/lib/gcc/msp430/4.7.0/../../../../msp430/lib/mmpy-16/libc.a(rand.o)
 .debug_loc     0x00000000000009f5       0x4d /usr/local/msp430/lib/gcc/msp430/4.7.0/../../../../msp430/lib/mmpy-16/libc.a(memcmp.o)
 .debug_loc     0x0000000000000a42      0x1e3 /usr/local/msp430/lib/gcc/msp430/4.7.0/../../../../msp430/lib/mmpy-16/libc.a(memcpy.o)
 .debug_loc     0x0000000000000c25       0xe1 /usr/local/msp430/lib/gcc/msp430/4.7.0/../../../../msp430/lib/mmpy-16/libc.a(memset.o)

.debug_macinfo
 *(.debug_macinfo)

.debug_pubtypes
 *(.debug_pubtypes)

.debug_ranges   0x0000000000000000       0x7c
 *(.debug_ranges)
 .debug_ranges  0x0000000000000000        0xc /usr/local/msp430/lib/gcc/msp430/4.7.0/../../../../msp430/lib/mmpy-16/libc.a(printf.o)
 .debug_ranges  0x000000000000000c       0x1c /usr/local/msp430/lib/gcc/msp430/4.7.0/../../../../msp430/lib/mmpy-16/libc.a(sprintf.o)
 .debug_ranges  0x0000000000000028       0x24 /usr/local/msp430/lib/gcc/msp430/4.7.0/../../../../msp430/lib/mmpy-16/libc.a(vuprintf.o)
 .debug_ranges  0x000000000000004c        0x8 /usr/local/msp430/lib/gcc/msp430/4.7.0/../../../../msp430/lib/mmpy-16/libc.a(puts.o)
 .debug_ranges  0x0000000000000054       0x10 /usr/local/msp430/lib/gcc/msp430/4.7.0/../../../../msp430/lib/mmpy-16/libc.a(rand.o)
 .debug_ranges  0x0000000000000064        0x8 /usr/local/msp430/lib/gcc/msp430/4.7.0/../../../../msp430/lib/mmpy-16/libc.a(memcmp.o)
 .debug_ranges  0x000000000000006c        0x8 /usr/local/msp430/lib/gcc/msp430/4.7.0/../../../../msp430/lib/mmpy-16/libc.a(memcpy.o)
 .debug_ranges  0x0000000000000074        0x8 /usr/local/msp430/lib/gcc/msp430/4.7.0/../../../../msp430/lib/mmpy-16/libc.a(memset.o)
                0x0000000000003900                PROVIDE (__stack, (ORIGIN (ram) + 0x2800))
                0x000000000000970a                __data_start_rom = _etext
                0x0000000000009790                __data_end_rom = (_etext + SIZEOF (.data))
OUTPUT(net-test.sky elf32-msp430)